2026-08-06T17:45:31: PM2 log: ===============================================================================
2026-08-06T17:45:31: PM2 log: --- New PM2 Daemon started ----------------------------------------------------
2026-08-06T17:45:31: PM2 log: Time                 : Thu Aug 06 2026 17:45:31 GMT+0530 (India Standard Time)
2026-08-06T17:45:31: PM2 log: PM2 version          : 7.0.3
2026-08-06T17:45:31: PM2 log: Node.js version      : 26.3.1
2026-08-06T17:45:31: PM2 log: Current arch         : arm64
2026-08-06T17:45:31: PM2 log: PM2 home             : /data/data/com.termux/files/home/.pm2
2026-08-06T17:45:31: PM2 log: PM2 PID file         : /data/data/com.termux/files/home/.pm2/pm2.pid
2026-08-06T17:45:31: PM2 log: RPC socket file      : /data/data/com.termux/files/home/.pm2/rpc.sock
2026-08-06T17:45:31: PM2 log: BUS socket file      : /data/data/com.termux/files/home/.pm2/pub.sock
2026-08-06T17:45:31: PM2 log: Application log path : /data/data/com.termux/files/home/.pm2/logs
2026-08-06T17:45:31: PM2 log: Worker Interval      : 30000
2026-08-06T17:45:31: PM2 log: Process dump file    : /data/data/com.termux/files/home/.pm2/dump.pm2
2026-08-06T17:45:31: PM2 log: Concurrent actions   : 2
2026-08-06T17:45:31: PM2 log: SIGTERM timeout      : 1600
2026-08-06T17:45:31: PM2 log: Runtime Binary       : /data/data/com.termux/files/usr/bin/node
2026-08-06T17:45:31: PM2 log: ===============================================================================
2026-08-06T18:46:48: PM2 log: App [INATO-MD:0] starting in -fork mode-
2026-08-06T18:46:48: PM2 log: App [INATO-MD:0] online
2026-08-06T18:46:48: PM2 warn: [pidusage] We couldn't find uptime from /proc/uptime, using os.uptime() value
2026-08-06T18:46:58: PM2 warn: [pidusage] We couldn't find uptime from /proc/uptime, using os.uptime() value
2026-08-06T18:46:58: PM2 warn: [pidusage] We couldn't find uptime from /proc/uptime, using os.uptime() value
2026-08-06T18:47:02: PM2 warn: [pidusage] We couldn't find uptime from /proc/uptime, using os.uptime() value
2026-08-06T18:47:09: PM2 warn: [pidusage] We couldn't find uptime from /proc/uptime, using os.uptime() value
2026-08-06T18:47:32: PM2 warn: [pidusage] We couldn't find uptime from /proc/uptime, using os.uptime() value
2026-08-06T18:48:02: PM2 warn: [pidusage] We couldn't find uptime from /proc/uptime, using os.uptime() value
2026-08-06T18:48:32: PM2 warn: [pidusage] We couldn't find uptime from /proc/uptime, using os.uptime() value
2026-08-06T18:49:02: PM2 warn: [pidusage] We couldn't find uptime from /proc/uptime, using os.uptime() value
2026-08-06T18:49:32: PM2 warn: [pidusage] We couldn't find uptime from /proc/uptime, using os.uptime() value
2026-08-06T18:50:02: PM2 warn: [pidusage] We couldn't find uptime from /proc/uptime, using os.uptime() value
2026-08-06T18:50:32: PM2 warn: [pidusage] We couldn't find uptime from /proc/uptime, using os.uptime() value
2026-08-06T18:51:02: PM2 warn: [pidusage] We couldn't find uptime from /proc/uptime, using os.uptime() value
2026-08-06T18:51:32: PM2 warn: [pidusage] We couldn't find uptime from /proc/uptime, using os.uptime() value
2026-08-06T18:52:02: PM2 warn: [pidusage] We couldn't find uptime from /proc/uptime, using os.uptime() value
2026-08-06T18:52:32: PM2 warn: [pidusage] We couldn't find uptime from /proc/uptime, using os.uptime() value
2026-08-06T18:53:02: PM2 warn: [pidusage] We couldn't find uptime from /proc/uptime, using os.uptime() value
2026-08-06T18:53:32: PM2 warn: [pidusage] We couldn't find uptime from /proc/uptime, using os.uptime() value
2026-08-06T18:54:02: PM2 warn: [pidusage] We couldn't find uptime from /proc/uptime, using os.uptime() value
2026-08-06T18:54:32: PM2 warn: [pidusage] We couldn't find uptime from /proc/uptime, using os.uptime() value
2026-08-06T18:55:02: PM2 warn: [pidusage] We couldn't find uptime from /proc/uptime, using os.uptime() value
2026-08-06T18:55:32: PM2 warn: [pidusage] We couldn't find uptime from /proc/uptime, using os.uptime() value
2026-08-06T18:56:02: PM2 warn: [pidusage] We couldn't find uptime from /proc/uptime, using os.uptime() value
2026-08-06T18:56:32: PM2 warn: [pidusage] We couldn't find uptime from /proc/uptime, using os.uptime() value
2026-08-06T18:57:02: PM2 warn: [pidusage] We couldn't find uptime from /proc/uptime, using os.uptime() value
2026-08-06T18:57:32: PM2 warn: [pidusage] We couldn't find uptime from /proc/uptime, using os.uptime() value
2026-08-06T18:58:02: PM2 warn: [pidusage] We couldn't find uptime from /proc/uptime, using os.uptime() value
2026-08-06T18:58:32: PM2 warn: [pidusage] We couldn't find uptime from /proc/uptime, using os.uptime() value
2026-08-06T18:59:02: PM2 warn: [pidusage] We couldn't find uptime from /proc/uptime, using os.uptime() value
2026-08-06T18:59:32: PM2 warn: [pidusage] We couldn't find uptime from /proc/uptime, using os.uptime() value
2026-08-06T19:00:02: PM2 warn: [pidusage] We couldn't find uptime from /proc/uptime, using os.uptime() value
2026-08-06T19:00:32: PM2 warn: [pidusage] We couldn't find uptime from /proc/uptime, using os.uptime() value
2026-08-06T19:01:02: PM2 warn: [pidusage] We couldn't find uptime from /proc/uptime, using os.uptime() value
2026-08-06T19:01:32: PM2 warn: [pidusage] We couldn't find uptime from /proc/uptime, using os.uptime() value
2026-08-06T19:02:02: PM2 warn: [pidusage] We couldn't find uptime from /proc/uptime, using os.uptime() value
2026-08-06T19:02:32: PM2 warn: [pidusage] We couldn't find uptime from /proc/uptime, using os.uptime() value
2026-08-06T19:03:02: PM2 warn: [pidusage] We couldn't find uptime from /proc/uptime, using os.uptime() value
2026-08-06T19:03:32: PM2 warn: [pidusage] We couldn't find uptime from /proc/uptime, using os.uptime() value
2026-08-06T19:04:02: PM2 warn: [pidusage] We couldn't find uptime from /proc/uptime, using os.uptime() value
2026-08-06T19:04:32: PM2 warn: [pidusage] We couldn't find uptime from /proc/uptime, using os.uptime() value
2026-08-06T19:05:02: PM2 warn: [pidusage] We couldn't find uptime from /proc/uptime, using os.uptime() value
2026-08-06T19:05:32: PM2 warn: [pidusage] We couldn't find uptime from /proc/uptime, using os.uptime() value
2026-08-06T19:06:02: PM2 warn: [pidusage] We couldn't find uptime from /proc/uptime, using os.uptime() value
2026-08-06T19:06:32: PM2 warn: [pidusage] We couldn't find uptime from /proc/uptime, using os.uptime() value
2026-08-06T19:07:02: PM2 warn: [pidusage] We couldn't find uptime from /proc/uptime, using os.uptime() value
2026-08-06T19:07:32: PM2 warn: [pidusage] We couldn't find uptime from /proc/uptime, using os.uptime() value
2026-08-06T19:08:02: PM2 warn: [pidusage] We couldn't find uptime from /proc/uptime, using os.uptime() value
2026-08-06T19:08:32: PM2 warn: [pidusage] We couldn't find uptime from /proc/uptime, using os.uptime() value
2026-08-06T19:09:02: PM2 warn: [pidusage] We couldn't find uptime from /proc/uptime, using os.uptime() value
2026-08-06T19:09:32: PM2 warn: [pidusage] We couldn't find uptime from /proc/uptime, using os.uptime() value
2026-08-06T19:10:02: PM2 warn: [pidusage] We couldn't find uptime from /proc/uptime, using os.uptime() value
2026-08-06T19:10:32: PM2 warn: [pidusage] We couldn't find uptime from /proc/uptime, using os.uptime() value
2026-08-06T19:11:02: PM2 warn: [pidusage] We couldn't find uptime from /proc/uptime, using os.uptime() value
2026-08-06T19:11:32: PM2 warn: [pidusage] We couldn't find uptime from /proc/uptime, using os.uptime() value
2026-08-06T19:12:02: PM2 warn: [pidusage] We couldn't find uptime from /proc/uptime, using os.uptime() value
2026-08-06T19:12:32: PM2 warn: [pidusage] We couldn't find uptime from /proc/uptime, using os.uptime() value
2026-08-06T19:13:02: PM2 warn: [pidusage] We couldn't find uptime from /proc/uptime, using os.uptime() value
2026-08-06T19:13:32: PM2 warn: [pidusage] We couldn't find uptime from /proc/uptime, using os.uptime() value
2026-08-06T19:14:02: PM2 warn: [pidusage] We couldn't find uptime from /proc/uptime, using os.uptime() value
2026-08-06T19:14:32: PM2 warn: [pidusage] We couldn't find uptime from /proc/uptime, using os.uptime() value
2026-08-06T19:15:02: PM2 warn: [pidusage] We couldn't find uptime from /proc/uptime, using os.uptime() value
2026-08-06T19:15:32: PM2 warn: [pidusage] We couldn't find uptime from /proc/uptime, using os.uptime() value
2026-08-06T19:16:02: PM2 warn: [pidusage] We couldn't find uptime from /proc/uptime, using os.uptime() value
2026-08-06T19:16:32: PM2 warn: [pidusage] We couldn't find uptime from /proc/uptime, using os.uptime() value
2026-08-06T19:17:02: PM2 warn: [pidusage] We couldn't find uptime from /proc/uptime, using os.uptime() value
2026-08-06T19:17:32: PM2 warn: [pidusage] We couldn't find uptime from /proc/uptime, using os.uptime() value
2026-08-06T19:18:02: PM2 warn: [pidusage] We couldn't find uptime from /proc/uptime, using os.uptime() value
2026-08-06T19:18:32: PM2 warn: [pidusage] We couldn't find uptime from /proc/uptime, using os.uptime() value
2026-08-06T19:19:02: PM2 warn: [pidusage] We couldn't find uptime from /proc/uptime, using os.uptime() value
2026-08-06T19:19:32: PM2 warn: [pidusage] We couldn't find uptime from /proc/uptime, using os.uptime() value
2026-08-06T19:20:02: PM2 warn: [pidusage] We couldn't find uptime from /proc/uptime, using os.uptime() value
2026-08-06T19:20:32: PM2 warn: [pidusage] We couldn't find uptime from /proc/uptime, using os.uptime() value
2026-08-06T19:21:02: PM2 warn: [pidusage] We couldn't find uptime from /proc/uptime, using os.uptime() value
2026-08-06T19:21:32: PM2 warn: [pidusage] We couldn't find uptime from /proc/uptime, using os.uptime() value
2026-08-06T19:22:02: PM2 warn: [pidusage] We couldn't find uptime from /proc/uptime, using os.uptime() value
2026-08-06T19:22:32: PM2 warn: [pidusage] We couldn't find uptime from /proc/uptime, using os.uptime() value
2026-08-06T19:23:02: PM2 warn: [pidusage] We couldn't find uptime from /proc/uptime, using os.uptime() value
2026-08-06T19:23:32: PM2 warn: [pidusage] We couldn't find uptime from /proc/uptime, using os.uptime() value
2026-08-06T19:24:02: PM2 warn: [pidusage] We couldn't find uptime from /proc/uptime, using os.uptime() value
2026-08-06T19:24:32: PM2 warn: [pidusage] We couldn't find uptime from /proc/uptime, using os.uptime() value
2026-08-06T19:25:02: PM2 warn: [pidusage] We couldn't find uptime from /proc/uptime, using os.uptime() value
2026-08-06T19:25:32: PM2 warn: [pidusage] We couldn't find uptime from /proc/uptime, using os.uptime() value
2026-08-06T19:26:02: PM2 warn: [pidusage] We couldn't find uptime from /proc/uptime, using os.uptime() value
2026-08-06T19:26:32: PM2 warn: [pidusage] We couldn't find uptime from /proc/uptime, using os.uptime() value
2026-08-06T19:27:02: PM2 warn: [pidusage] We couldn't find uptime from /proc/uptime, using os.uptime() value
2026-08-06T19:27:32: PM2 warn: [pidusage] We couldn't find uptime from /proc/uptime, using os.uptime() value
2026-08-06T19:28:02: PM2 warn: [pidusage] We couldn't find uptime from /proc/uptime, using os.uptime() value
2026-08-06T19:28:32: PM2 warn: [pidusage] We couldn't find uptime from /proc/uptime, using os.uptime() value
2026-08-06T19:29:02: PM2 warn: [pidusage] We couldn't find uptime from /proc/uptime, using os.uptime() value
2026-08-06T19:29:32: PM2 warn: [pidusage] We couldn't find uptime from /proc/uptime, using os.uptime() value
2026-08-06T19:30:03: PM2 warn: [pidusage] We couldn't find uptime from /proc/uptime, using os.uptime() value
2026-08-06T19:30:33: PM2 warn: [pidusage] We couldn't find uptime from /proc/uptime, using os.uptime() value
2026-08-06T19:31:03: PM2 warn: [pidusage] We couldn't find uptime from /proc/uptime, using os.uptime() value
2026-08-06T19:31:33: PM2 warn: [pidusage] We couldn't find uptime from /proc/uptime, using os.uptime() value
2026-08-06T19:32:03: PM2 warn: [pidusage] We couldn't find uptime from /proc/uptime, using os.uptime() value
2026-08-06T19:32:33: PM2 warn: [pidusage] We couldn't find uptime from /proc/uptime, using os.uptime() value
2026-08-06T19:33:03: PM2 warn: [pidusage] We couldn't find uptime from /proc/uptime, using os.uptime() value
2026-08-06T19:33:33: PM2 warn: [pidusage] We couldn't find uptime from /proc/uptime, using os.uptime() value
2026-08-06T19:34:03: PM2 warn: [pidusage] We couldn't find uptime from /proc/uptime, using os.uptime() value
2026-08-06T19:34:33: PM2 warn: [pidusage] We couldn't find uptime from /proc/uptime, using os.uptime() value
2026-08-06T19:35:03: PM2 warn: [pidusage] We couldn't find uptime from /proc/uptime, using os.uptime() value
2026-08-06T19:35:33: PM2 warn: [pidusage] We couldn't find uptime from /proc/uptime, using os.uptime() value
2026-08-06T19:36:03: PM2 warn: [pidusage] We couldn't find uptime from /proc/uptime, using os.uptime() value
2026-08-06T19:36:33: PM2 warn: [pidusage] We couldn't find uptime from /proc/uptime, using os.uptime() value
2026-08-06T19:37:03: PM2 warn: [pidusage] We couldn't find uptime from /proc/uptime, using os.uptime() value
2026-08-06T20:01:20: PM2 log: ===============================================================================
2026-08-06T20:01:20: PM2 log: --- New PM2 Daemon started ----------------------------------------------------
2026-08-06T20:01:20: PM2 log: Time                 : Thu Aug 06 2026 20:01:20 GMT+0530 (India Standard Time)
2026-08-06T20:01:20: PM2 log: PM2 version          : 7.0.3
2026-08-06T20:01:20: PM2 log: Node.js version      : 26.3.1
2026-08-06T20:01:20: PM2 log: Current arch         : arm64
2026-08-06T20:01:20: PM2 log: PM2 home             : /data/data/com.termux/files/home/.pm2
2026-08-06T20:01:20: PM2 log: PM2 PID file         : /data/data/com.termux/files/home/.pm2/pm2.pid
2026-08-06T20:01:20: PM2 log: RPC socket file      : /data/data/com.termux/files/home/.pm2/rpc.sock
2026-08-06T20:01:20: PM2 log: BUS socket file      : /data/data/com.termux/files/home/.pm2/pub.sock
2026-08-06T20:01:20: PM2 log: Application log path : /data/data/com.termux/files/home/.pm2/logs
2026-08-06T20:01:20: PM2 log: Worker Interval      : 30000
2026-08-06T20:01:20: PM2 log: Process dump file    : /data/data/com.termux/files/home/.pm2/dump.pm2
2026-08-06T20:01:20: PM2 log: Concurrent actions   : 2
2026-08-06T20:01:20: PM2 log: SIGTERM timeout      : 1600
2026-08-06T20:01:20: PM2 log: Runtime Binary       : /data/data/com.termux/files/usr/bin/node
2026-08-06T20:01:20: PM2 log: ===============================================================================
2026-08-06T20:01:20: PM2 log: App [INATO-MD:0] starting in -fork mode-
2026-08-06T20:01:20: PM2 log: App [INATO-MD:0] online
2026-08-06T20:01:21: PM2 warn: [pidusage] We couldn't find uptime from /proc/uptime, using os.uptime() value
2026-08-06T20:01:44: PM2 warn: [pidusage] We couldn't find uptime from /proc/uptime, using os.uptime() value
2026-08-06T20:01:51: PM2 warn: [pidusage] We couldn't find uptime from /proc/uptime, using os.uptime() value
2026-08-06T20:02:21: PM2 warn: [pidusage] We couldn't find uptime from /proc/uptime, using os.uptime() value
2026-08-06T20:02:51: PM2 warn: [pidusage] We couldn't find uptime from /proc/uptime, using os.uptime() value
2026-08-06T20:03:21: PM2 warn: [pidusage] We couldn't find uptime from /proc/uptime, using os.uptime() value
2026-08-06T20:03:51: PM2 warn: [pidusage] We couldn't find uptime from /proc/uptime, using os.uptime() value
2026-08-06T20:04:21: PM2 warn: [pidusage] We couldn't find uptime from /proc/uptime, using os.uptime() value
2026-08-06T20:04:51: PM2 warn: [pidusage] We couldn't find uptime from /proc/uptime, using os.uptime() value
2026-08-06T20:05:21: PM2 warn: [pidusage] We couldn't find uptime from /proc/uptime, using os.uptime() value
2026-08-06T20:05:51: PM2 warn: [pidusage] We couldn't find uptime from /proc/uptime, using os.uptime() value
2026-08-06T20:06:21: PM2 warn: [pidusage] We couldn't find uptime from /proc/uptime, using os.uptime() value
2026-08-06T20:06:51: PM2 warn: [pidusage] We couldn't find uptime from /proc/uptime, using os.uptime() value
2026-08-06T20:07:21: PM2 warn: [pidusage] We couldn't find uptime from /proc/uptime, using os.uptime() value
2026-08-06T20:07:34: PM2 warn: [pidusage] We couldn't find uptime from /proc/uptime, using os.uptime() value
2026-08-06T20:07:34: PM2 log: Stopping app:INATO-MD id:0
2026-08-06T20:07:34: PM2 log: App [INATO-MD:0] exited with code [0] via signal [SIGINT]
2026-08-06T20:07:34: PM2 log: pid=5072 msg=process tree killed (1 pids)
2026-08-06T20:07:58: PM2 log: App [INATO-MD:0] starting in -fork mode-
2026-08-06T20:07:59: PM2 log: App [INATO-MD:0] online
2026-08-06T20:07:59: PM2 warn: [pidusage] We couldn't find uptime from /proc/uptime, using os.uptime() value
