0 verbose cli /data/data/com.termux/files/usr/bin/node /data/data/com.termux/files/usr/bin/npm
1 info using npm@11.17.0
2 info using node@v26.3.1
3 silly config load:file:/data/data/com.termux/files/usr/lib/node_modules/npm/npmrc
4 silly config load:file:/data/data/com.termux/files/home/.npmrc
5 silly config load:file:/data/data/com.termux/files/usr/etc/npmrc
6 verbose title npm install @whiskeysockets/baileys qrcode-terminal
7 verbose argv "install" "@whiskeysockets/baileys" "qrcode-terminal"
8 verbose logfile logs-max:10 dir:/data/data/com.termux/files/home/.npm/_logs/2026-08-06T12_26_55_333Z-
9 verbose logfile /data/data/com.termux/files/home/.npm/_logs/2026-08-06T12_26_55_333Z-debug-0.log
10 silly logfile done cleaning log files
11 silly packumentCache heap:1174405120 maxSize:293601280 maxEntrySize:146800640
12 silly idealTree buildDeps
13 silly fetch manifest @whiskeysockets/baileys@*
14 silly packumentCache full:https://registry.npmjs.org/@whiskeysockets%2fbaileys cache-miss
15 http fetch GET 200 https://registry.npmjs.org/@whiskeysockets%2fbaileys 1232ms (cache miss)
16 silly packumentCache full:https://registry.npmjs.org/@whiskeysockets%2fbaileys set size:undefined disposed:false
17 silly fetch manifest audio-decode@^2.1.3
18 silly packumentCache full:https://registry.npmjs.org/audio-decode cache-miss
19 http fetch GET 200 https://registry.npmjs.org/audio-decode 428ms (cache miss)
20 silly packumentCache full:https://registry.npmjs.org/audio-decode set size:undefined disposed:false
21 silly fetch manifest jimp@^1.6.1
22 silly packumentCache full:https://registry.npmjs.org/jimp cache-miss
23 http fetch GET 200 https://registry.npmjs.org/jimp 226ms (cache miss)
24 silly packumentCache full:https://registry.npmjs.org/jimp set size:undefined disposed:false
25 silly fetch manifest link-preview-js@^3.0.0
26 silly packumentCache full:https://registry.npmjs.org/link-preview-js cache-miss
27 http fetch GET 200 https://registry.npmjs.org/link-preview-js 401ms (cache miss)
28 silly packumentCache full:https://registry.npmjs.org/link-preview-js set size:undefined disposed:false
29 silly fetch manifest sharp@*
30 silly packumentCache full:https://registry.npmjs.org/sharp cache-miss
31 http fetch GET 200 https://registry.npmjs.org/sharp 171ms (cache miss)
32 silly packumentCache full:https://registry.npmjs.org/sharp set size:undefined disposed:false
33 silly fetch manifest qrcode-terminal@*
34 silly packumentCache full:https://registry.npmjs.org/qrcode-terminal cache-miss
35 http fetch GET 200 https://registry.npmjs.org/qrcode-terminal 101ms (cache miss)
36 silly packumentCache full:https://registry.npmjs.org/qrcode-terminal set size:undefined disposed:false
37 silly placeDep ROOT @whiskeysockets/baileys@7.0.0-rc14 OK for: home@1.0.0 want: *
38 silly placeDep ROOT sharp@0.35.3 OK for: @whiskeysockets/baileys@7.0.0-rc14 want: *
39 silly placeDep ROOT qrcode-terminal@0.12.0 OK for: home@1.0.0 want: *
40 silly fetch manifest ws@^8.13.0
41 silly packumentCache full:https://registry.npmjs.org/ws cache-miss
42 silly fetch manifest pino@^9.6
43 silly packumentCache full:https://registry.npmjs.org/pino cache-miss
44 silly fetch manifest p-queue@^9.0.0
45 silly packumentCache full:https://registry.npmjs.org/p-queue cache-miss
46 silly fetch manifest libsignal@^6.0.0
47 silly packumentCache full:https://registry.npmjs.org/libsignal cache-miss
48 silly fetch manifest lru-cache@^11.1.0
49 silly packumentCache full:https://registry.npmjs.org/lru-cache cache-miss
50 silly fetch manifest @hapi/boom@^9.1.3
51 silly packumentCache full:https://registry.npmjs.org/@hapi%2fboom cache-miss
52 silly fetch manifest protobufjs@^7.5.6
53 silly packumentCache full:https://registry.npmjs.org/protobufjs cache-miss
54 http fetch GET 200 https://registry.npmjs.org/lru-cache 335ms (cache revalidated)
55 silly packumentCache full:https://registry.npmjs.org/lru-cache set size:460407 disposed:false
56 silly fetch manifest async-mutex@^0.5.0
57 silly packumentCache full:https://registry.npmjs.org/async-mutex cache-miss
58 http fetch GET 200 https://registry.npmjs.org/ws 383ms (cache revalidated)
59 silly packumentCache full:https://registry.npmjs.org/ws set size:445141 disposed:false
60 silly fetch manifest music-metadata@^11.12.3
61 silly packumentCache full:https://registry.npmjs.org/music-metadata cache-miss
62 http fetch GET 200 https://registry.npmjs.org/protobufjs 444ms (cache miss)
63 silly packumentCache full:https://registry.npmjs.org/protobufjs set size:undefined disposed:false
64 silly fetch manifest whatsapp-rust-bridge@0.5.4
65 silly packumentCache full:https://registry.npmjs.org/whatsapp-rust-bridge cache-miss
66 http fetch GET 200 https://registry.npmjs.org/libsignal 531ms (cache miss)
67 silly packumentCache full:https://registry.npmjs.org/libsignal set size:undefined disposed:false
68 silly fetch manifest @cacheable/node-cache@^1.4.0
69 silly packumentCache full:https://registry.npmjs.org/@cacheable%2fnode-cache cache-miss
70 http fetch GET 200 https://registry.npmjs.org/pino 548ms (cache miss)
71 silly packumentCache full:https://registry.npmjs.org/pino set size:undefined disposed:false
72 silly fetch manifest @img/colour@^1.1.0
73 silly packumentCache full:https://registry.npmjs.org/@img%2fcolour cache-miss
74 http fetch GET 200 https://registry.npmjs.org/p-queue 627ms (cache miss)
75 silly packumentCache full:https://registry.npmjs.org/p-queue set size:undefined disposed:false
76 silly fetch manifest detect-libc@^2.1.2
77 silly packumentCache full:https://registry.npmjs.org/detect-libc cache-miss
78 http fetch GET 200 https://registry.npmjs.org/detect-libc 131ms (cache miss)
79 silly packumentCache full:https://registry.npmjs.org/detect-libc set size:undefined disposed:false
80 silly fetch manifest semver@^7.8.5
81 silly packumentCache full:https://registry.npmjs.org/semver cache-miss
82 http fetch GET 200 https://registry.npmjs.org/async-mutex 420ms (cache miss)
83 silly packumentCache full:https://registry.npmjs.org/async-mutex set size:undefined disposed:false
84 silly fetch manifest @img/sharp-darwin-arm64@0.35.3
85 silly packumentCache full:https://registry.npmjs.org/@img%2fsharp-darwin-arm64 cache-miss
86 http fetch GET 200 https://registry.npmjs.org/whatsapp-rust-bridge 353ms (cache miss)
87 silly packumentCache full:https://registry.npmjs.org/whatsapp-rust-bridge set size:undefined disposed:false
88 silly fetch manifest @img/sharp-darwin-x64@0.35.3
89 silly packumentCache full:https://registry.npmjs.org/@img%2fsharp-darwin-x64 cache-miss
90 http fetch GET 200 https://registry.npmjs.org/semver 131ms (cache revalidated)
91 silly packumentCache full:https://registry.npmjs.org/semver set size:246069 disposed:false
92 silly fetch manifest @img/sharp-freebsd-wasm32@0.35.3
93 silly packumentCache full:https://registry.npmjs.org/@img%2fsharp-freebsd-wasm32 cache-miss
94 http fetch GET 200 https://registry.npmjs.org/@hapi%2fboom 933ms (cache miss)
95 silly packumentCache full:https://registry.npmjs.org/@hapi%2fboom set size:undefined disposed:false
96 silly fetch manifest @img/sharp-libvips-darwin-arm64@1.3.2
97 silly packumentCache full:https://registry.npmjs.org/@img%2fsharp-libvips-darwin-arm64 cache-miss
98 http fetch GET 200 https://registry.npmjs.org/music-metadata 558ms (cache miss)
99 silly packumentCache full:https://registry.npmjs.org/music-metadata set size:undefined disposed:false
100 silly fetch manifest @img/sharp-libvips-darwin-x64@1.3.2
101 silly packumentCache full:https://registry.npmjs.org/@img%2fsharp-libvips-darwin-x64 cache-miss
102 http fetch GET 200 https://registry.npmjs.org/@img%2fsharp-libvips-darwin-x64 272ms (cache miss)
103 silly packumentCache full:https://registry.npmjs.org/@img%2fsharp-libvips-darwin-x64 set size:undefined disposed:false
104 silly fetch manifest @img/sharp-libvips-linux-arm@1.3.2
105 silly packumentCache full:https://registry.npmjs.org/@img%2fsharp-libvips-linux-arm cache-miss
106 http fetch GET 200 https://registry.npmjs.org/@cacheable%2fnode-cache 799ms (cache miss)
107 silly packumentCache full:https://registry.npmjs.org/@cacheable%2fnode-cache set size:undefined disposed:false
108 silly fetch manifest @img/sharp-libvips-linux-arm64@1.3.2
109 silly packumentCache full:https://registry.npmjs.org/@img%2fsharp-libvips-linux-arm64 cache-miss
110 http fetch GET 200 https://registry.npmjs.org/@img%2fcolour 758ms (cache miss)
111 silly packumentCache full:https://registry.npmjs.org/@img%2fcolour set size:undefined disposed:false
112 silly fetch manifest @img/sharp-libvips-linux-ppc64@1.3.2
113 silly packumentCache full:https://registry.npmjs.org/@img%2fsharp-libvips-linux-ppc64 cache-miss
114 http fetch GET 200 https://registry.npmjs.org/@img%2fsharp-darwin-arm64 575ms (cache miss)
115 silly packumentCache full:https://registry.npmjs.org/@img%2fsharp-darwin-arm64 set size:undefined disposed:false
116 silly fetch manifest @img/sharp-libvips-linux-riscv64@1.3.2
117 silly packumentCache full:https://registry.npmjs.org/@img%2fsharp-libvips-linux-riscv64 cache-miss
118 http fetch GET 200 https://registry.npmjs.org/@img%2fsharp-darwin-x64 719ms (cache miss)
119 silly packumentCache full:https://registry.npmjs.org/@img%2fsharp-darwin-x64 set size:undefined disposed:false
120 silly fetch manifest @img/sharp-libvips-linux-s390x@1.3.2
121 silly packumentCache full:https://registry.npmjs.org/@img%2fsharp-libvips-linux-s390x cache-miss
122 http fetch GET 200 https://registry.npmjs.org/@img%2fsharp-freebsd-wasm32 716ms (cache miss)
123 silly packumentCache full:https://registry.npmjs.org/@img%2fsharp-freebsd-wasm32 set size:undefined disposed:false
124 silly fetch manifest @img/sharp-libvips-linux-x64@1.3.2
125 silly packumentCache full:https://registry.npmjs.org/@img%2fsharp-libvips-linux-x64 cache-miss
126 http fetch GET 200 https://registry.npmjs.org/@img%2fsharp-libvips-darwin-arm64 757ms (cache miss)
127 silly packumentCache full:https://registry.npmjs.org/@img%2fsharp-libvips-darwin-arm64 set size:undefined disposed:false
128 silly fetch manifest @img/sharp-libvips-linuxmusl-arm64@1.3.2
129 silly packumentCache full:https://registry.npmjs.org/@img%2fsharp-libvips-linuxmusl-arm64 cache-miss
130 http fetch GET 200 https://registry.npmjs.org/@img%2fsharp-libvips-linux-arm 508ms (cache miss)
131 silly packumentCache full:https://registry.npmjs.org/@img%2fsharp-libvips-linux-arm set size:undefined disposed:false
132 silly fetch manifest @img/sharp-libvips-linuxmusl-x64@1.3.2
133 silly packumentCache full:https://registry.npmjs.org/@img%2fsharp-libvips-linuxmusl-x64 cache-miss
134 http fetch GET 200 https://registry.npmjs.org/@img%2fsharp-libvips-linux-arm64 859ms (cache miss)
135 silly packumentCache full:https://registry.npmjs.org/@img%2fsharp-libvips-linux-arm64 set size:undefined disposed:false
136 silly fetch manifest @img/sharp-linux-arm@0.35.3
137 silly packumentCache full:https://registry.npmjs.org/@img%2fsharp-linux-arm cache-miss
138 http fetch GET 200 https://registry.npmjs.org/@img%2fsharp-libvips-linux-riscv64 849ms (cache miss)
139 silly packumentCache full:https://registry.npmjs.org/@img%2fsharp-libvips-linux-riscv64 set size:undefined disposed:false
140 silly fetch manifest @img/sharp-linux-arm64@0.35.3
141 silly packumentCache full:https://registry.npmjs.org/@img%2fsharp-linux-arm64 cache-miss
142 http fetch GET 200 https://registry.npmjs.org/@img%2fsharp-libvips-linux-ppc64 871ms (cache miss)
143 silly packumentCache full:https://registry.npmjs.org/@img%2fsharp-libvips-linux-ppc64 set size:undefined disposed:false
144 silly fetch manifest @img/sharp-linux-ppc64@0.35.3
145 silly packumentCache full:https://registry.npmjs.org/@img%2fsharp-linux-ppc64 cache-miss
146 http fetch GET 200 https://registry.npmjs.org/@img%2fsharp-libvips-linuxmusl-arm64 541ms (cache miss)
147 silly packumentCache full:https://registry.npmjs.org/@img%2fsharp-libvips-linuxmusl-arm64 set size:undefined disposed:false
148 silly fetch manifest @img/sharp-linux-riscv64@0.35.3
149 silly packumentCache full:https://registry.npmjs.org/@img%2fsharp-linux-riscv64 cache-miss
150 http fetch GET 200 https://registry.npmjs.org/@img%2fsharp-libvips-linux-s390x 792ms (cache miss)
151 silly packumentCache full:https://registry.npmjs.org/@img%2fsharp-libvips-linux-s390x set size:undefined disposed:false
152 silly fetch manifest @img/sharp-linux-s390x@0.35.3
153 silly packumentCache full:https://registry.npmjs.org/@img%2fsharp-linux-s390x cache-miss
154 http fetch GET 200 https://registry.npmjs.org/@img%2fsharp-libvips-linux-x64 753ms (cache miss)
155 silly packumentCache full:https://registry.npmjs.org/@img%2fsharp-libvips-linux-x64 set size:undefined disposed:false
156 silly fetch manifest @img/sharp-linux-x64@0.35.3
157 silly packumentCache full:https://registry.npmjs.org/@img%2fsharp-linux-x64 cache-miss
158 http fetch GET 200 https://registry.npmjs.org/@img%2fsharp-libvips-linuxmusl-x64 740ms (cache miss)
159 silly packumentCache full:https://registry.npmjs.org/@img%2fsharp-libvips-linuxmusl-x64 set size:undefined disposed:false
160 silly fetch manifest @img/sharp-linuxmusl-arm64@0.35.3
161 silly packumentCache full:https://registry.npmjs.org/@img%2fsharp-linuxmusl-arm64 cache-miss
162 http fetch GET 200 https://registry.npmjs.org/@img%2fsharp-linux-ppc64 505ms (cache miss)
163 silly packumentCache full:https://registry.npmjs.org/@img%2fsharp-linux-ppc64 set size:undefined disposed:false
164 silly fetch manifest @img/sharp-linuxmusl-x64@0.35.3
165 silly packumentCache full:https://registry.npmjs.org/@img%2fsharp-linuxmusl-x64 cache-miss
166 http fetch GET 200 https://registry.npmjs.org/@img%2fsharp-linux-s390x 484ms (cache miss)
167 silly packumentCache full:https://registry.npmjs.org/@img%2fsharp-linux-s390x set size:undefined disposed:false
168 silly fetch manifest @img/sharp-webcontainers-wasm32@0.35.3
169 silly packumentCache full:https://registry.npmjs.org/@img%2fsharp-webcontainers-wasm32 cache-miss
170 http fetch GET 200 https://registry.npmjs.org/@img%2fsharp-linux-arm 776ms (cache miss)
171 silly packumentCache full:https://registry.npmjs.org/@img%2fsharp-linux-arm set size:undefined disposed:false
172 silly fetch manifest @img/sharp-win32-arm64@0.35.3
173 silly packumentCache full:https://registry.npmjs.org/@img%2fsharp-win32-arm64 cache-miss
174 http fetch GET 200 https://registry.npmjs.org/@img%2fsharp-linux-riscv64 753ms (cache miss)
175 silly packumentCache full:https://registry.npmjs.org/@img%2fsharp-linux-riscv64 set size:undefined disposed:false
176 silly fetch manifest @img/sharp-win32-ia32@0.35.3
177 silly packumentCache full:https://registry.npmjs.org/@img%2fsharp-win32-ia32 cache-miss
178 http fetch GET 200 https://registry.npmjs.org/@img%2fsharp-linux-arm64 800ms (cache miss)
179 silly packumentCache full:https://registry.npmjs.org/@img%2fsharp-linux-arm64 set size:undefined disposed:false
180 silly fetch manifest @img/sharp-win32-x64@0.35.3
181 silly packumentCache full:https://registry.npmjs.org/@img%2fsharp-win32-x64 cache-miss
182 http fetch GET 200 https://registry.npmjs.org/@img%2fsharp-linux-x64 753ms (cache miss)
183 silly packumentCache full:https://registry.npmjs.org/@img%2fsharp-linux-x64 set size:undefined disposed:false
184 http fetch GET 200 https://registry.npmjs.org/@img%2fsharp-linuxmusl-arm64 713ms (cache miss)
185 silly packumentCache full:https://registry.npmjs.org/@img%2fsharp-linuxmusl-arm64 set size:undefined disposed:false
186 http fetch GET 200 https://registry.npmjs.org/@img%2fsharp-linuxmusl-x64 749ms (cache miss)
187 silly packumentCache full:https://registry.npmjs.org/@img%2fsharp-linuxmusl-x64 set size:undefined disposed:false
188 http fetch GET 200 https://registry.npmjs.org/@img%2fsharp-win32-arm64 806ms (cache miss)
189 silly packumentCache full:https://registry.npmjs.org/@img%2fsharp-win32-arm64 set size:undefined disposed:false
190 http fetch GET 200 https://registry.npmjs.org/@img%2fsharp-webcontainers-wasm32 922ms (cache miss)
191 silly packumentCache full:https://registry.npmjs.org/@img%2fsharp-webcontainers-wasm32 set size:undefined disposed:false
192 http fetch GET 200 https://registry.npmjs.org/@img%2fsharp-win32-ia32 796ms (cache miss)
193 silly packumentCache full:https://registry.npmjs.org/@img%2fsharp-win32-ia32 set size:undefined disposed:false
194 http fetch GET 200 https://registry.npmjs.org/@img%2fsharp-win32-x64 783ms (cache miss)
195 silly packumentCache full:https://registry.npmjs.org/@img%2fsharp-win32-x64 set size:undefined disposed:false
196 silly fetch manifest bufferutil@^4.0.1
197 silly packumentCache full:https://registry.npmjs.org/bufferutil cache-miss
198 http fetch GET 200 https://registry.npmjs.org/bufferutil 78ms (cache revalidated)
199 silly packumentCache full:https://registry.npmjs.org/bufferutil set size:52668 disposed:false
200 silly fetch manifest utf-8-validate@>=5.0.2
201 silly packumentCache full:https://registry.npmjs.org/utf-8-validate cache-miss
202 http fetch GET 200 https://registry.npmjs.org/utf-8-validate 87ms (cache revalidated)
203 silly packumentCache full:https://registry.npmjs.org/utf-8-validate set size:77012 disposed:false
204 silly placeDep ROOT @cacheable/node-cache@1.7.6 OK for: @whiskeysockets/baileys@7.0.0-rc14 want: ^1.4.0
205 silly placeDep ROOT @hapi/boom@9.1.4 OK for: @whiskeysockets/baileys@7.0.0-rc14 want: ^9.1.3
206 silly placeDep ROOT async-mutex@0.5.0 OK for: @whiskeysockets/baileys@7.0.0-rc14 want: ^0.5.0
207 silly placeDep ROOT libsignal@6.0.0 OK for: @whiskeysockets/baileys@7.0.0-rc14 want: ^6.0.0
208 silly placeDep ROOT lru-cache@11.5.2 OK for: @whiskeysockets/baileys@7.0.0-rc14 want: ^11.1.0
209 silly placeDep ROOT music-metadata@11.14.0 OK for: @whiskeysockets/baileys@7.0.0-rc14 want: ^11.12.3
210 silly placeDep ROOT p-queue@9.3.3 OK for: @whiskeysockets/baileys@7.0.0-rc14 want: ^9.0.0
211 silly placeDep ROOT pino@9.14.0 OK for: @whiskeysockets/baileys@7.0.0-rc14 want: ^9.6
212 silly placeDep ROOT protobufjs@7.6.5 OK for: @whiskeysockets/baileys@7.0.0-rc14 want: ^7.5.6
213 silly placeDep ROOT whatsapp-rust-bridge@0.5.4 OK for: @whiskeysockets/baileys@7.0.0-rc14 want: 0.5.4
214 silly placeDep ROOT ws@8.21.2 OK for: @whiskeysockets/baileys@7.0.0-rc14 want: ^8.13.0
215 silly fetch manifest keyv@^5.5.5
216 silly packumentCache full:https://registry.npmjs.org/keyv cache-miss
217 silly fetch manifest cacheable@^2.3.1
218 silly packumentCache full:https://registry.npmjs.org/cacheable cache-miss
219 silly fetch manifest hookified@^1.14.0
220 silly packumentCache full:https://registry.npmjs.org/hookified cache-miss
221 silly fetch manifest @hapi/hoek@9.x.x
222 silly packumentCache full:https://registry.npmjs.org/@hapi%2fhoek cache-miss
223 silly fetch manifest tslib@^2.4.0
224 silly packumentCache full:https://registry.npmjs.org/tslib cache-miss
225 silly fetch manifest protobufjs@^7.5.5
226 silly packumentCache full:https://registry.npmjs.org/protobufjs cache-miss
227 silly fetch manifest curve25519-js@^0.0.4
228 silly packumentCache full:https://registry.npmjs.org/curve25519-js cache-miss
229 http cache https://registry.npmjs.org/protobufjs 31ms (cache hit)
230 silly packumentCache full:https://registry.npmjs.org/protobufjs set size:768226 disposed:false
231 silly fetch manifest @borewit/text-codec@^0.2.2
232 silly packumentCache full:https://registry.npmjs.org/@borewit%2ftext-codec cache-miss
233 http fetch GET 200 https://registry.npmjs.org/keyv 103ms (cache miss)
234 silly packumentCache full:https://registry.npmjs.org/keyv set size:undefined disposed:false
235 silly fetch manifest @tokenizer/token@^0.3.0
236 silly packumentCache full:https://registry.npmjs.org/@tokenizer%2ftoken cache-miss
237 http fetch GET 200 https://registry.npmjs.org/tslib 129ms (cache revalidated)
238 silly packumentCache full:https://registry.npmjs.org/tslib set size:108843 disposed:false
239 silly fetch manifest content-type@^2.0.0
240 silly packumentCache full:https://registry.npmjs.org/content-type cache-miss
241 http fetch GET 200 https://registry.npmjs.org/@borewit%2ftext-codec 94ms (cache miss)
242 silly packumentCache full:https://registry.npmjs.org/@borewit%2ftext-codec set size:undefined disposed:false
243 silly fetch manifest debug@^4.4.3
244 silly packumentCache full:https://registry.npmjs.org/debug cache-miss
245 http fetch GET 200 https://registry.npmjs.org/@tokenizer%2ftoken 99ms (cache miss)
246 silly packumentCache full:https://registry.npmjs.org/@tokenizer%2ftoken set size:undefined disposed:false
247 silly fetch manifest file-type@^21.3.4
248 silly packumentCache full:https://registry.npmjs.org/file-type cache-miss
249 http fetch GET 200 https://registry.npmjs.org/content-type 100ms (cache miss)
250 silly packumentCache full:https://registry.npmjs.org/content-type set size:undefined disposed:false
251 silly fetch manifest media-typer@^2.0.0
252 silly packumentCache full:https://registry.npmjs.org/media-typer cache-miss
253 http fetch GET 200 https://registry.npmjs.org/debug 89ms (cache revalidated)
254 silly packumentCache full:https://registry.npmjs.org/debug set size:195840 disposed:false
255 silly fetch manifest strtok3@^10.3.5
256 silly packumentCache full:https://registry.npmjs.org/strtok3 cache-miss
257 http fetch GET 200 https://registry.npmjs.org/curve25519-js 361ms (cache miss)
258 silly packumentCache full:https://registry.npmjs.org/curve25519-js set size:undefined disposed:false
259 silly fetch manifest token-types@^6.1.2
260 silly packumentCache full:https://registry.npmjs.org/token-types cache-miss
261 http fetch GET 200 https://registry.npmjs.org/media-typer 137ms (cache miss)
262 silly packumentCache full:https://registry.npmjs.org/media-typer set size:undefined disposed:false
263 silly fetch manifest uint8array-extras@^1.5.0
264 silly packumentCache full:https://registry.npmjs.org/uint8array-extras cache-miss
265 http fetch GET 200 https://registry.npmjs.org/cacheable 395ms (cache miss)
266 silly packumentCache full:https://registry.npmjs.org/cacheable set size:undefined disposed:false
267 silly fetch manifest win-guid@^0.2.1
268 silly packumentCache full:https://registry.npmjs.org/win-guid cache-miss
269 http fetch GET 200 https://registry.npmjs.org/hookified 411ms (cache miss)
270 silly packumentCache full:https://registry.npmjs.org/hookified set size:undefined disposed:false
271 silly fetch manifest eventemitter3@^5.0.4
272 silly packumentCache full:https://registry.npmjs.org/eventemitter3 cache-miss
273 http fetch GET 200 https://registry.npmjs.org/file-type 226ms (cache miss)
274 silly packumentCache full:https://registry.npmjs.org/file-type set size:undefined disposed:false
275 silly fetch manifest p-timeout@^7.0.0
276 silly packumentCache full:https://registry.npmjs.org/p-timeout cache-miss
277 http fetch GET 200 https://registry.npmjs.org/strtok3 227ms (cache miss)
278 silly packumentCache full:https://registry.npmjs.org/strtok3 set size:undefined disposed:false
279 silly fetch manifest sonic-boom@^4.0.1
280 silly packumentCache full:https://registry.npmjs.org/sonic-boom cache-miss
281 http fetch GET 200 https://registry.npmjs.org/token-types 147ms (cache miss)
282 silly packumentCache full:https://registry.npmjs.org/token-types set size:undefined disposed:false
283 silly fetch manifest atomic-sleep@^1.0.0
284 silly packumentCache full:https://registry.npmjs.org/atomic-sleep cache-miss
285 http fetch GET 200 https://registry.npmjs.org/uint8array-extras 148ms (cache miss)
286 silly packumentCache full:https://registry.npmjs.org/uint8array-extras set size:undefined disposed:false
287 silly fetch manifest real-require@^0.2.0
288 silly packumentCache full:https://registry.npmjs.org/real-require cache-miss
289 http fetch GET 200 https://registry.npmjs.org/eventemitter3 127ms (cache miss)
290 silly packumentCache full:https://registry.npmjs.org/eventemitter3 set size:undefined disposed:false
291 silly fetch manifest thread-stream@^3.0.0
292 silly packumentCache full:https://registry.npmjs.org/thread-stream cache-miss
293 http fetch GET 200 https://registry.npmjs.org/@hapi%2fhoek 719ms (cache miss)
294 silly packumentCache full:https://registry.npmjs.org/@hapi%2fhoek set size:undefined disposed:false
295 silly fetch manifest @pinojs/redact@^0.4.0
296 silly packumentCache full:https://registry.npmjs.org/@pinojs%2fredact cache-miss
297 http fetch GET 200 https://registry.npmjs.org/win-guid 330ms (cache miss)
298 silly packumentCache full:https://registry.npmjs.org/win-guid set size:undefined disposed:false
299 silly fetch manifest process-warning@^5.0.0
300 silly packumentCache full:https://registry.npmjs.org/process-warning cache-miss
301 http fetch GET 200 https://registry.npmjs.org/p-timeout 337ms (cache miss)
302 silly packumentCache full:https://registry.npmjs.org/p-timeout set size:undefined disposed:false
303 silly fetch manifest on-exit-leak-free@^2.1.0
304 silly packumentCache full:https://registry.npmjs.org/on-exit-leak-free cache-miss
305 http fetch GET 200 https://registry.npmjs.org/atomic-sleep 336ms (cache miss)
306 silly packumentCache full:https://registry.npmjs.org/atomic-sleep set size:undefined disposed:false
307 silly fetch manifest pino-std-serializers@^7.0.0
308 silly packumentCache full:https://registry.npmjs.org/pino-std-serializers cache-miss
309 http fetch GET 200 https://registry.npmjs.org/real-require 327ms (cache miss)
310 silly packumentCache full:https://registry.npmjs.org/real-require set size:undefined disposed:false
311 silly fetch manifest safe-stable-stringify@^2.3.1
312 silly packumentCache full:https://registry.npmjs.org/safe-stable-stringify cache-miss
313 http fetch GET 200 https://registry.npmjs.org/sonic-boom 370ms (cache miss)
314 silly packumentCache full:https://registry.npmjs.org/sonic-boom set size:undefined disposed:false
315 silly fetch manifest quick-format-unescaped@^4.0.3
316 silly packumentCache full:https://registry.npmjs.org/quick-format-unescaped cache-miss
317 http fetch GET 200 https://registry.npmjs.org/thread-stream 346ms (cache miss)
318 silly packumentCache full:https://registry.npmjs.org/thread-stream set size:undefined disposed:false
319 silly fetch manifest pino-abstract-transport@^2.0.0
320 silly packumentCache full:https://registry.npmjs.org/pino-abstract-transport cache-miss
321 http fetch GET 200 https://registry.npmjs.org/safe-stable-stringify 85ms (cache miss)
322 silly packumentCache full:https://registry.npmjs.org/safe-stable-stringify set size:undefined disposed:false
323 silly fetch manifest long@^5.3.2
324 silly packumentCache full:https://registry.npmjs.org/long cache-miss
325 http fetch GET 200 https://registry.npmjs.org/long 88ms (cache miss)
326 silly packumentCache full:https://registry.npmjs.org/long set size:undefined disposed:false
327 silly fetch manifest @types/node@>=13.7.0
328 silly packumentCache full:https://registry.npmjs.org/@types%2fnode cache-miss
329 http fetch GET 200 https://registry.npmjs.org/process-warning 363ms (cache miss)
330 silly packumentCache full:https://registry.npmjs.org/process-warning set size:undefined disposed:false
331 silly fetch manifest @protobufjs/path@^1.1.2
332 silly packumentCache full:https://registry.npmjs.org/@protobufjs%2fpath cache-miss
333 http fetch GET 200 https://registry.npmjs.org/on-exit-leak-free 352ms (cache miss)
334 silly packumentCache full:https://registry.npmjs.org/on-exit-leak-free set size:undefined disposed:false
335 silly fetch manifest @protobufjs/pool@^1.1.0
336 silly packumentCache full:https://registry.npmjs.org/@protobufjs%2fpool cache-miss
337 http fetch GET 200 https://registry.npmjs.org/pino-std-serializers 324ms (cache miss)
338 silly packumentCache full:https://registry.npmjs.org/pino-std-serializers set size:undefined disposed:false
339 silly fetch manifest @protobufjs/utf8@^1.1.1
340 silly packumentCache full:https://registry.npmjs.org/@protobufjs%2futf8 cache-miss
341 http fetch GET 200 https://registry.npmjs.org/pino-abstract-transport 328ms (cache miss)
342 silly packumentCache full:https://registry.npmjs.org/pino-abstract-transport set size:undefined disposed:false
343 silly fetch manifest @protobufjs/fetch@^1.1.1
344 silly packumentCache full:https://registry.npmjs.org/@protobufjs%2ffetch cache-miss
345 http fetch GET 200 https://registry.npmjs.org/quick-format-unescaped 346ms (cache miss)
346 silly packumentCache full:https://registry.npmjs.org/quick-format-unescaped set size:undefined disposed:false
347 silly fetch manifest @protobufjs/float@^1.0.2
348 silly packumentCache full:https://registry.npmjs.org/@protobufjs%2ffloat cache-miss
349 http fetch GET 200 https://registry.npmjs.org/@protobufjs%2futf8 97ms (cache miss)
350 silly packumentCache full:https://registry.npmjs.org/@protobufjs%2futf8 set size:undefined disposed:false
351 silly fetch manifest @protobufjs/base64@^1.1.2
352 silly packumentCache full:https://registry.npmjs.org/@protobufjs%2fbase64 cache-miss
353 http fetch GET 200 https://registry.npmjs.org/@protobufjs%2fpath 229ms (cache miss)
354 silly packumentCache full:https://registry.npmjs.org/@protobufjs%2fpath set size:undefined disposed:false
355 silly fetch manifest @protobufjs/codegen@^2.0.5
356 silly packumentCache full:https://registry.npmjs.org/@protobufjs%2fcodegen cache-miss
357 http fetch GET 200 https://registry.npmjs.org/@protobufjs%2fbase64 102ms (cache miss)
358 silly packumentCache full:https://registry.npmjs.org/@protobufjs%2fbase64 set size:undefined disposed:false
359 silly fetch manifest @protobufjs/aspromise@^1.1.2
360 silly packumentCache full:https://registry.npmjs.org/@protobufjs%2faspromise cache-miss
361 http fetch GET 200 https://registry.npmjs.org/@protobufjs%2fpool 244ms (cache miss)
362 silly packumentCache full:https://registry.npmjs.org/@protobufjs%2fpool set size:undefined disposed:false
363 silly fetch manifest @protobufjs/eventemitter@^1.1.1
364 silly packumentCache full:https://registry.npmjs.org/@protobufjs%2feventemitter cache-miss
365 http fetch GET 200 https://registry.npmjs.org/@pinojs%2fredact 732ms (cache miss)
366 silly packumentCache full:https://registry.npmjs.org/@pinojs%2fredact set size:undefined disposed:false
367 http fetch GET 200 https://registry.npmjs.org/@protobufjs%2feventemitter 70ms (cache miss)
368 silly packumentCache full:https://registry.npmjs.org/@protobufjs%2feventemitter set size:undefined disposed:false
369 http fetch GET 200 https://registry.npmjs.org/@protobufjs%2ffetch 300ms (cache miss)
370 silly packumentCache full:https://registry.npmjs.org/@protobufjs%2ffetch set size:undefined disposed:false
371 http fetch GET 200 https://registry.npmjs.org/@types%2fnode 487ms (cache miss)
372 silly packumentCache full:https://registry.npmjs.org/@types%2fnode set size:undefined disposed:false
373 http fetch GET 200 https://registry.npmjs.org/@protobufjs%2ffloat 637ms (cache miss)
374 silly packumentCache full:https://registry.npmjs.org/@protobufjs%2ffloat set size:undefined disposed:false
375 http fetch GET 200 https://registry.npmjs.org/@protobufjs%2fcodegen 548ms (cache miss)
376 silly packumentCache full:https://registry.npmjs.org/@protobufjs%2fcodegen set size:undefined disposed:false
377 http fetch GET 200 https://registry.npmjs.org/@protobufjs%2faspromise 488ms (cache miss)
378 silly packumentCache full:https://registry.npmjs.org/@protobufjs%2faspromise set size:undefined disposed:false
379 silly placeDep ROOT cacheable@2.5.0 OK for: @cacheable/node-cache@1.7.6 want: ^2.3.1
380 silly placeDep ROOT hookified@1.15.1 OK for: @cacheable/node-cache@1.7.6 want: ^1.14.0
381 silly placeDep ROOT keyv@5.6.0 OK for: @cacheable/node-cache@1.7.6 want: ^5.5.5
382 silly fetch manifest keyv@^5.6.0
383 silly packumentCache full:https://registry.npmjs.org/keyv cache-miss
384 silly fetch manifest qified@^0.10.1
385 silly packumentCache full:https://registry.npmjs.org/qified cache-miss
386 silly fetch manifest hookified@^1.15.0
387 silly packumentCache full:https://registry.npmjs.org/hookified cache-miss
388 silly fetch manifest @cacheable/utils@^2.5.0
389 silly packumentCache full:https://registry.npmjs.org/@cacheable%2futils cache-miss
390 silly fetch manifest @cacheable/memory@^2.2.0
391 silly packumentCache full:https://registry.npmjs.org/@cacheable%2fmemory cache-miss
392 silly fetch manifest @keyv/serialize@^1.1.1
393 silly packumentCache full:https://registry.npmjs.org/@keyv%2fserialize cache-miss
394 http cache https://registry.npmjs.org/hookified 34ms (cache hit)
395 silly packumentCache full:https://registry.npmjs.org/hookified set size:99100 disposed:false
396 http cache https://registry.npmjs.org/keyv 45ms (cache hit)
397 silly packumentCache full:https://registry.npmjs.org/keyv set size:227033 disposed:false
398 http fetch GET 200 https://registry.npmjs.org/qified 468ms (cache miss)
399 silly packumentCache full:https://registry.npmjs.org/qified set size:undefined disposed:false
400 http fetch GET 200 https://registry.npmjs.org/@keyv%2fserialize 813ms (cache miss)
401 silly packumentCache full:https://registry.npmjs.org/@keyv%2fserialize set size:undefined disposed:false
402 http fetch GET 200 https://registry.npmjs.org/@cacheable%2fmemory 823ms (cache miss)
403 silly packumentCache full:https://registry.npmjs.org/@cacheable%2fmemory set size:undefined disposed:false
404 http fetch GET 200 https://registry.npmjs.org/@cacheable%2futils 831ms (cache miss)
405 silly packumentCache full:https://registry.npmjs.org/@cacheable%2futils set size:undefined disposed:false
406 silly placeDep ROOT @hapi/hoek@9.3.0 OK for: @hapi/boom@9.1.4 want: 9.x.x
407 silly placeDep ROOT tslib@2.8.1 OK for: async-mutex@0.5.0 want: ^2.4.0
408 silly placeDep ROOT @cacheable/memory@2.2.0 OK for: cacheable@2.5.0 want: ^2.2.0
409 silly placeDep ROOT @cacheable/utils@2.5.0 OK for: cacheable@2.5.0 want: ^2.5.0
410 silly placeDep ROOT qified@0.10.1 OK for: cacheable@2.5.0 want: ^0.10.1
411 silly fetch manifest @keyv/bigmap@^1.3.1
412 silly packumentCache full:https://registry.npmjs.org/@keyv%2fbigmap cache-miss
413 silly fetch manifest hashery@^1.5.1
414 silly packumentCache full:https://registry.npmjs.org/hashery cache-miss
415 silly fetch manifest hookified@^2.1.1
416 silly packumentCache full:https://registry.npmjs.org/hookified cache-hit
417 http fetch GET 200 https://registry.npmjs.org/hashery 394ms (cache miss)
418 silly packumentCache full:https://registry.npmjs.org/hashery set size:undefined disposed:false
419 http fetch GET 200 https://registry.npmjs.org/@keyv%2fbigmap 758ms (cache miss)
420 silly packumentCache full:https://registry.npmjs.org/@keyv%2fbigmap set size:undefined disposed:false
421 silly placeDep ROOT @keyv/bigmap@1.3.1 OK for: @cacheable/memory@2.2.0 want: ^1.3.1
422 silly fetch manifest hashery@^1.4.0
423 silly packumentCache full:https://registry.npmjs.org/hashery cache-miss
424 http cache https://registry.npmjs.org/hashery 12ms (cache hit)
425 silly packumentCache full:https://registry.npmjs.org/hashery set size:29616 disposed:false
426 silly placeDep ROOT hashery@1.5.1 OK for: @cacheable/utils@2.5.0 want: ^1.5.1
427 silly placeDep ROOT @keyv/serialize@1.1.1 OK for: keyv@5.6.0 want: ^1.1.1
428 silly placeDep ROOT curve25519-js@0.0.4 OK for: libsignal@6.0.0 want: ^0.0.4
429 silly placeDep ROOT @borewit/text-codec@0.2.2 OK for: music-metadata@11.14.0 want: ^0.2.2
430 silly placeDep ROOT @tokenizer/token@0.3.0 OK for: music-metadata@11.14.0 want: ^0.3.0
431 silly placeDep ROOT content-type@2.0.0 OK for: music-metadata@11.14.0 want: ^2.0.0
432 silly placeDep ROOT debug@4.4.3 OK for: music-metadata@11.14.0 want: ^4.4.3
433 silly placeDep ROOT file-type@21.3.4 OK for: music-metadata@11.14.0 want: ^21.3.4
434 silly placeDep ROOT media-typer@2.0.0 OK for: music-metadata@11.14.0 want: ^2.0.0
435 silly placeDep ROOT strtok3@10.3.5 OK for: music-metadata@11.14.0 want: ^10.3.5
436 silly placeDep ROOT token-types@6.1.2 OK for: music-metadata@11.14.0 want: ^6.1.2
437 silly placeDep ROOT uint8array-extras@1.5.0 OK for: music-metadata@11.14.0 want: ^1.5.0
438 silly placeDep ROOT win-guid@0.2.1 OK for: music-metadata@11.14.0 want: ^0.2.1
439 silly fetch manifest ms@^2.1.3
440 silly packumentCache full:https://registry.npmjs.org/ms cache-miss
441 silly fetch manifest strtok3@^10.3.4
442 silly packumentCache full:https://registry.npmjs.org/strtok3 cache-miss
443 silly fetch manifest token-types@^6.1.1
444 silly packumentCache full:https://registry.npmjs.org/token-types cache-miss
445 silly fetch manifest uint8array-extras@^1.4.0
446 silly packumentCache full:https://registry.npmjs.org/uint8array-extras cache-miss
447 silly fetch manifest @tokenizer/inflate@^0.4.1
448 silly packumentCache full:https://registry.npmjs.org/@tokenizer%2finflate cache-miss
449 silly fetch manifest ieee754@^1.2.1
450 silly packumentCache full:https://registry.npmjs.org/ieee754 cache-miss
451 http cache https://registry.npmjs.org/uint8array-extras 30ms (cache hit)
452 silly packumentCache full:https://registry.npmjs.org/uint8array-extras set size:36606 disposed:false
453 http cache https://registry.npmjs.org/token-types 36ms (cache hit)
454 silly packumentCache full:https://registry.npmjs.org/token-types set size:155133 disposed:false
455 http cache https://registry.npmjs.org/strtok3 46ms (cache hit)
456 silly packumentCache full:https://registry.npmjs.org/strtok3 set size:412240 disposed:false
457 http fetch GET 200 https://registry.npmjs.org/ieee754 94ms (cache miss)
458 silly packumentCache full:https://registry.npmjs.org/ieee754 set size:undefined disposed:false
459 http fetch GET 200 https://registry.npmjs.org/@tokenizer%2finflate 105ms (cache miss)
460 silly packumentCache full:https://registry.npmjs.org/@tokenizer%2finflate set size:undefined disposed:false
461 http fetch GET 200 https://registry.npmjs.org/ms 127ms (cache revalidated)
462 silly packumentCache full:https://registry.npmjs.org/ms set size:92208 disposed:false
463 silly placeDep ROOT ms@2.1.3 OK for: debug@4.4.3 want: ^2.1.3
464 silly placeDep ROOT @tokenizer/inflate@0.4.1 OK for: file-type@21.3.4 want: ^0.4.1
465 silly placeDep ROOT eventemitter3@5.0.4 OK for: p-queue@9.3.3 want: ^5.0.4
466 silly placeDep ROOT p-timeout@7.0.1 OK for: p-queue@9.3.3 want: ^7.0.0
467 silly placeDep ROOT @pinojs/redact@0.4.0 OK for: pino@9.14.0 want: ^0.4.0
468 silly placeDep ROOT atomic-sleep@1.0.0 OK for: pino@9.14.0 want: ^1.0.0
469 silly placeDep ROOT on-exit-leak-free@2.1.2 OK for: pino@9.14.0 want: ^2.1.0
470 silly placeDep ROOT pino-abstract-transport@2.0.0 OK for: pino@9.14.0 want: ^2.0.0
471 silly placeDep ROOT pino-std-serializers@7.1.0 OK for: pino@9.14.0 want: ^7.0.0
472 silly placeDep ROOT process-warning@5.1.0 OK for: pino@9.14.0 want: ^5.0.0
473 silly placeDep ROOT quick-format-unescaped@4.0.4 OK for: pino@9.14.0 want: ^4.0.3
474 silly placeDep ROOT real-require@0.2.0 OK for: pino@9.14.0 want: ^0.2.0
475 silly placeDep ROOT safe-stable-stringify@2.5.0 OK for: pino@9.14.0 want: ^2.3.1
476 silly placeDep ROOT sonic-boom@4.2.1 OK for: pino@9.14.0 want: ^4.0.1
477 silly placeDep ROOT thread-stream@3.2.0 OK for: pino@9.14.0 want: ^3.0.0
478 silly fetch manifest split2@^4.0.0
479 silly packumentCache full:https://registry.npmjs.org/split2 cache-miss
480 http fetch GET 200 https://registry.npmjs.org/split2 113ms (cache miss)
481 silly packumentCache full:https://registry.npmjs.org/split2 set size:undefined disposed:false
482 silly placeDep ROOT split2@4.2.0 OK for: pino-abstract-transport@2.0.0 want: ^4.0.0
483 silly placeDep ROOT @protobufjs/aspromise@1.1.2 OK for: protobufjs@7.6.5 want: ^1.1.2
484 silly placeDep ROOT @protobufjs/base64@1.1.2 OK for: protobufjs@7.6.5 want: ^1.1.2
485 silly placeDep ROOT @protobufjs/codegen@2.0.5 OK for: protobufjs@7.6.5 want: ^2.0.5
486 silly placeDep ROOT @protobufjs/eventemitter@1.1.1 OK for: protobufjs@7.6.5 want: ^1.1.1
487 silly placeDep ROOT @protobufjs/fetch@1.1.1 OK for: protobufjs@7.6.5 want: ^1.1.1
488 silly placeDep ROOT @protobufjs/float@1.0.2 OK for: protobufjs@7.6.5 want: ^1.0.2
489 silly placeDep ROOT @protobufjs/path@1.1.2 OK for: protobufjs@7.6.5 want: ^1.1.2
490 silly placeDep ROOT @protobufjs/pool@1.1.0 OK for: protobufjs@7.6.5 want: ^1.1.0
491 silly placeDep ROOT @protobufjs/utf8@1.1.2 OK for: protobufjs@7.6.5 want: ^1.1.1
492 silly placeDep ROOT @types/node@26.1.2 OK for: protobufjs@7.6.5 want: >=13.7.0
493 silly placeDep ROOT long@5.3.2 OK for: protobufjs@7.6.5 want: ^5.3.2
494 silly fetch manifest undici-types@~8.3.0
495 silly packumentCache full:https://registry.npmjs.org/undici-types cache-miss
496 http fetch GET 200 https://registry.npmjs.org/undici-types 158ms (cache miss)
497 silly packumentCache full:https://registry.npmjs.org/undici-types set size:undefined disposed:false
498 silly placeDep ROOT undici-types@8.3.0 OK for: @types/node@26.1.2 want: ~8.3.0
499 silly placeDep node_modules/qified hookified@2.2.0 OK for: qified@0.10.1 want: ^2.1.1
500 silly placeDep ROOT @img/colour@1.1.0 OK for: sharp@0.35.3 want: ^1.1.0
501 silly placeDep ROOT @img/sharp-darwin-arm64@0.35.3 OK for: sharp@0.35.3 want: 0.35.3
502 silly placeDep ROOT @img/sharp-darwin-x64@0.35.3 OK for: sharp@0.35.3 want: 0.35.3
503 silly placeDep ROOT @img/sharp-freebsd-wasm32@0.35.3 OK for: sharp@0.35.3 want: 0.35.3
504 silly placeDep ROOT @img/sharp-libvips-darwin-arm64@1.3.2 OK for: sharp@0.35.3 want: 1.3.2
505 silly placeDep ROOT @img/sharp-libvips-darwin-x64@1.3.2 OK for: sharp@0.35.3 want: 1.3.2
506 silly placeDep ROOT @img/sharp-libvips-linux-arm@1.3.2 OK for: sharp@0.35.3 want: 1.3.2
507 silly placeDep ROOT @img/sharp-libvips-linux-arm64@1.3.2 OK for: sharp@0.35.3 want: 1.3.2
508 silly placeDep ROOT @img/sharp-libvips-linux-ppc64@1.3.2 OK for: sharp@0.35.3 want: 1.3.2
509 silly placeDep ROOT @img/sharp-libvips-linux-riscv64@1.3.2 OK for: sharp@0.35.3 want: 1.3.2
510 silly placeDep ROOT @img/sharp-libvips-linux-s390x@1.3.2 OK for: sharp@0.35.3 want: 1.3.2
511 silly placeDep ROOT @img/sharp-libvips-linux-x64@1.3.2 OK for: sharp@0.35.3 want: 1.3.2
512 silly placeDep ROOT @img/sharp-libvips-linuxmusl-arm64@1.3.2 OK for: sharp@0.35.3 want: 1.3.2
513 silly placeDep ROOT @img/sharp-libvips-linuxmusl-x64@1.3.2 OK for: sharp@0.35.3 want: 1.3.2
514 silly placeDep ROOT @img/sharp-linux-arm@0.35.3 OK for: sharp@0.35.3 want: 0.35.3
515 silly placeDep ROOT @img/sharp-linux-arm64@0.35.3 OK for: sharp@0.35.3 want: 0.35.3
516 silly placeDep ROOT @img/sharp-linux-ppc64@0.35.3 OK for: sharp@0.35.3 want: 0.35.3
517 silly placeDep ROOT @img/sharp-linux-riscv64@0.35.3 OK for: sharp@0.35.3 want: 0.35.3
518 silly placeDep ROOT @img/sharp-linux-s390x@0.35.3 OK for: sharp@0.35.3 want: 0.35.3
519 silly placeDep ROOT @img/sharp-linux-x64@0.35.3 OK for: sharp@0.35.3 want: 0.35.3
520 silly placeDep ROOT @img/sharp-linuxmusl-arm64@0.35.3 OK for: sharp@0.35.3 want: 0.35.3
521 silly placeDep ROOT @img/sharp-linuxmusl-x64@0.35.3 OK for: sharp@0.35.3 want: 0.35.3
522 silly placeDep ROOT @img/sharp-webcontainers-wasm32@0.35.3 OK for: sharp@0.35.3 want: 0.35.3
523 silly placeDep ROOT @img/sharp-win32-arm64@0.35.3 OK for: sharp@0.35.3 want: 0.35.3
524 silly placeDep ROOT @img/sharp-win32-ia32@0.35.3 OK for: sharp@0.35.3 want: 0.35.3
525 silly placeDep ROOT @img/sharp-win32-x64@0.35.3 OK for: sharp@0.35.3 want: 0.35.3
526 silly placeDep ROOT detect-libc@2.1.2 OK for: sharp@0.35.3 want: ^2.1.2
527 silly placeDep ROOT semver@7.8.5 OK for: sharp@0.35.3 want: ^7.8.5
528 silly fetch manifest @img/sharp-wasm32@0.35.3
529 silly packumentCache full:https://registry.npmjs.org/@img%2fsharp-wasm32 cache-miss
530 silly fetch manifest @img/sharp-wasm32@0.35.3
531 silly packumentCache full:https://registry.npmjs.org/@img%2fsharp-wasm32 cache-miss
532 http fetch GET 200 https://registry.npmjs.org/@img%2fsharp-wasm32 792ms (cache miss)
533 silly packumentCache full:https://registry.npmjs.org/@img%2fsharp-wasm32 set size:undefined disposed:false
534 http fetch GET 200 https://registry.npmjs.org/@img%2fsharp-wasm32 831ms (cache miss)
535 silly packumentCache full:https://registry.npmjs.org/@img%2fsharp-wasm32 set size:undefined disposed:false
536 silly placeDep ROOT @img/sharp-wasm32@0.35.3 OK for: @img/sharp-freebsd-wasm32@0.35.3 want: 0.35.3
537 silly fetch manifest @emnapi/runtime@^1.11.1
538 silly packumentCache full:https://registry.npmjs.org/@emnapi%2fruntime cache-miss
539 http fetch GET 200 https://registry.npmjs.org/@emnapi%2fruntime 111ms (cache miss)
540 silly packumentCache full:https://registry.npmjs.org/@emnapi%2fruntime set size:undefined disposed:false
541 silly placeDep ROOT @emnapi/runtime@1.11.3 OK for: @img/sharp-wasm32@0.35.3 want: ^1.11.1
542 silly placeDep ROOT ieee754@1.2.1 OK for: token-types@6.1.2 want: ^1.2.1
543 silly reify moves {}
544 silly audit bulk request {
544 silly audit   '@whiskeysockets/baileys': [ '7.0.0-rc14' ],
544 silly audit   sharp: [ '0.35.3' ],
544 silly audit   'qrcode-terminal': [ '0.12.0' ],
544 silly audit   '@cacheable/node-cache': [ '1.7.6' ],
544 silly audit   '@hapi/boom': [ '9.1.4' ],
544 silly audit   'async-mutex': [ '0.5.0' ],
544 silly audit   libsignal: [ '6.0.0' ],
544 silly audit   'lru-cache': [ '11.5.2' ],
544 silly audit   'music-metadata': [ '11.14.0' ],
544 silly audit   'p-queue': [ '9.3.3' ],
544 silly audit   pino: [ '9.14.0' ],
544 silly audit   protobufjs: [ '7.6.5' ],
544 silly audit   'whatsapp-rust-bridge': [ '0.5.4' ],
544 silly audit   ws: [ '8.21.2' ],
544 silly audit   cacheable: [ '2.5.0' ],
544 silly audit   hookified: [ '1.15.1', '2.2.0' ],
544 silly audit   keyv: [ '5.6.0' ],
544 silly audit   '@hapi/hoek': [ '9.3.0' ],
544 silly audit   tslib: [ '2.8.1' ],
544 silly audit   '@cacheable/memory': [ '2.2.0' ],
544 silly audit   '@cacheable/utils': [ '2.5.0' ],
544 silly audit   qified: [ '0.10.1' ],
544 silly audit   '@keyv/bigmap': [ '1.3.1' ],
544 silly audit   hashery: [ '1.5.1' ],
544 silly audit   '@keyv/serialize': [ '1.1.1' ],
544 silly audit   'curve25519-js': [ '0.0.4' ],
544 silly audit   '@borewit/text-codec': [ '0.2.2' ],
544 silly audit   '@tokenizer/token': [ '0.3.0' ],
544 silly audit   'content-type': [ '2.0.0' ],
544 silly audit   debug: [ '4.4.3' ],
544 silly audit   'file-type': [ '21.3.4' ],
544 silly audit   'media-typer': [ '2.0.0' ],
544 silly audit   strtok3: [ '10.3.5' ],
544 silly audit   'token-types': [ '6.1.2' ],
544 silly audit   'uint8array-extras': [ '1.5.0' ],
544 silly audit   'win-guid': [ '0.2.1' ],
544 silly audit   ms: [ '2.1.3' ],
544 silly audit   '@tokenizer/inflate': [ '0.4.1' ],
544 silly audit   eventemitter3: [ '5.0.4' ],
544 silly audit   'p-timeout': [ '7.0.1' ],
544 silly audit   '@pinojs/redact': [ '0.4.0' ],
544 silly audit   'atomic-sleep': [ '1.0.0' ],
544 silly audit   'on-exit-leak-free': [ '2.1.2' ],
544 silly audit   'pino-abstract-transport': [ '2.0.0' ],
544 silly audit   'pino-std-serializers': [ '7.1.0' ],
544 silly audit   'process-warning': [ '5.1.0' ],
544 silly audit   'quick-format-unescaped': [ '4.0.4' ],
544 silly audit   'real-require': [ '0.2.0' ],
544 silly audit   'safe-stable-stringify': [ '2.5.0' ],
544 silly audit   'sonic-boom': [ '4.2.1' ],
544 silly audit   'thread-stream': [ '3.2.0' ],
544 silly audit   split2: [ '4.2.0' ],
544 silly audit   '@protobufjs/aspromise': [ '1.1.2' ],
544 silly audit   '@protobufjs/base64': [ '1.1.2' ],
544 silly audit   '@protobufjs/codegen': [ '2.0.5' ],
544 silly audit   '@protobufjs/eventemitter': [ '1.1.1' ],
544 silly audit   '@protobufjs/fetch': [ '1.1.1' ],
544 silly audit   '@protobufjs/float': [ '1.0.2' ],
544 silly audit   '@protobufjs/path': [ '1.1.2' ],
544 silly audit   '@protobufjs/pool': [ '1.1.0' ],
544 silly audit   '@protobufjs/utf8': [ '1.1.2' ],
544 silly audit   '@types/node': [ '26.1.2' ],
544 silly audit   long: [ '5.3.2' ],
544 silly audit   'undici-types': [ '8.3.0' ],
544 silly audit   '@img/colour': [ '1.1.0' ],
544 silly audit   '@img/sharp-darwin-arm64': [ '0.35.3' ],
544 silly audit   '@img/sharp-darwin-x64': [ '0.35.3' ],
544 silly audit   '@img/sharp-freebsd-wasm32': [ '0.35.3' ],
544 silly audit   '@img/sharp-libvips-darwin-arm64': [ '1.3.2' ],
544 silly audit   '@img/sharp-libvips-darwin-x64': [ '1.3.2' ],
544 silly audit   '@img/sharp-libvips-linux-arm': [ '1.3.2' ],
544 silly audit   '@img/sharp-libvips-linux-arm64': [ '1.3.2' ],
544 silly audit   '@img/sharp-libvips-linux-ppc64': [ '1.3.2' ],
544 silly audit   '@img/sharp-libvips-linux-riscv64': [ '1.3.2' ],
544 silly audit   '@img/sharp-libvips-linux-s390x': [ '1.3.2' ],
544 silly audit   '@img/sharp-libvips-linux-x64': [ '1.3.2' ],
544 silly audit   '@img/sharp-libvips-linuxmusl-arm64': [ '1.3.2' ],
544 silly audit   '@img/sharp-libvips-linuxmusl-x64': [ '1.3.2' ],
544 silly audit   '@img/sharp-linux-arm': [ '0.35.3' ],
544 silly audit   '@img/sharp-linux-arm64': [ '0.35.3' ],
544 silly audit   '@img/sharp-linux-ppc64': [ '0.35.3' ],
544 silly audit   '@img/sharp-linux-riscv64': [ '0.35.3' ],
544 silly audit   '@img/sharp-linux-s390x': [ '0.35.3' ],
544 silly audit   '@img/sharp-linux-x64': [ '0.35.3' ],
544 silly audit   '@img/sharp-linuxmusl-arm64': [ '0.35.3' ],
544 silly audit   '@img/sharp-linuxmusl-x64': [ '0.35.3' ],
544 silly audit   '@img/sharp-webcontainers-wasm32': [ '0.35.3' ],
544 silly audit   '@img/sharp-win32-arm64': [ '0.35.3' ],
544 silly audit   '@img/sharp-win32-ia32': [ '0.35.3' ],
544 silly audit   '@img/sharp-win32-x64': [ '0.35.3' ],
544 silly audit   'detect-libc': [ '2.1.2' ],
544 silly audit   semver: [ '7.8.5' ],
544 silly audit   '@img/sharp-wasm32': [ '0.35.3' ],
544 silly audit   '@emnapi/runtime': [ '1.11.3' ],
544 silly audit   ieee754: [ '1.2.1' ]
544 silly audit }
545 http cache ieee754@https://registry.npmjs.org/ieee754/-/ieee754-1.2.1.tgz 1ms (cache hit)
546 http cache detect-libc@https://registry.npmjs.org/detect-libc/-/detect-libc-2.1.2.tgz 0ms (cache hit)
547 http cache @img/colour@https://registry.npmjs.org/@img/colour/-/colour-1.1.0.tgz 0ms (cache hit)
548 http cache undici-types@https://registry.npmjs.org/undici-types/-/undici-types-8.3.0.tgz 1ms (cache hit)
549 http cache semver@https://registry.npmjs.org/semver/-/semver-7.8.5.tgz 0ms (cache hit)
550 http cache long@https://registry.npmjs.org/long/-/long-5.3.2.tgz 0ms (cache hit)
551 http cache @protobufjs/pool@https://registry.npmjs.org/@protobufjs/pool/-/pool-1.1.0.tgz 0ms (cache hit)
552 http cache @protobufjs/utf8@https://registry.npmjs.org/@protobufjs/utf8/-/utf8-1.1.2.tgz 0ms (cache hit)
553 http cache @protobufjs/path@https://registry.npmjs.org/@protobufjs/path/-/path-1.1.2.tgz 0ms (cache hit)
554 http cache @protobufjs/float@https://registry.npmjs.org/@protobufjs/float/-/float-1.0.2.tgz 0ms (cache hit)
555 http cache @protobufjs/fetch@https://registry.npmjs.org/@protobufjs/fetch/-/fetch-1.1.1.tgz 0ms (cache hit)
556 http cache @protobufjs/eventemitter@https://registry.npmjs.org/@protobufjs/eventemitter/-/eventemitter-1.1.1.tgz 0ms (cache hit)
557 http cache @protobufjs/codegen@https://registry.npmjs.org/@protobufjs/codegen/-/codegen-2.0.5.tgz 0ms (cache hit)
558 http cache @protobufjs/base64@https://registry.npmjs.org/@protobufjs/base64/-/base64-1.1.2.tgz 0ms (cache hit)
559 http cache split2@https://registry.npmjs.org/split2/-/split2-4.2.0.tgz 0ms (cache hit)
560 http cache @protobufjs/aspromise@https://registry.npmjs.org/@protobufjs/aspromise/-/aspromise-1.1.2.tgz 0ms (cache hit)
561 http cache @types/node@https://registry.npmjs.org/@types/node/-/node-26.1.2.tgz 0ms (cache hit)
562 http cache thread-stream@https://registry.npmjs.org/thread-stream/-/thread-stream-3.2.0.tgz 0ms (cache hit)
563 http cache sonic-boom@https://registry.npmjs.org/sonic-boom/-/sonic-boom-4.2.1.tgz 0ms (cache hit)
564 http cache safe-stable-stringify@https://registry.npmjs.org/safe-stable-stringify/-/safe-stable-stringify-2.5.0.tgz 0ms (cache hit)
565 http cache quick-format-unescaped@https://registry.npmjs.org/quick-format-unescaped/-/quick-format-unescaped-4.0.4.tgz 0ms (cache hit)
566 http cache real-require@https://registry.npmjs.org/real-require/-/real-require-0.2.0.tgz 0ms (cache hit)
567 http cache process-warning@https://registry.npmjs.org/process-warning/-/process-warning-5.1.0.tgz 0ms (cache hit)
568 http cache pino-std-serializers@https://registry.npmjs.org/pino-std-serializers/-/pino-std-serializers-7.1.0.tgz 0ms (cache hit)
569 http cache pino-abstract-transport@https://registry.npmjs.org/pino-abstract-transport/-/pino-abstract-transport-2.0.0.tgz 0ms (cache hit)
570 http cache on-exit-leak-free@https://registry.npmjs.org/on-exit-leak-free/-/on-exit-leak-free-2.1.2.tgz 0ms (cache hit)
571 http cache atomic-sleep@https://registry.npmjs.org/atomic-sleep/-/atomic-sleep-1.0.0.tgz 0ms (cache hit)
572 http cache @pinojs/redact@https://registry.npmjs.org/@pinojs/redact/-/redact-0.4.0.tgz 0ms (cache hit)
573 http cache p-timeout@https://registry.npmjs.org/p-timeout/-/p-timeout-7.0.1.tgz 0ms (cache hit)
574 http cache eventemitter3@https://registry.npmjs.org/eventemitter3/-/eventemitter3-5.0.4.tgz 0ms (cache hit)
575 http cache @tokenizer/inflate@https://registry.npmjs.org/@tokenizer/inflate/-/inflate-0.4.1.tgz 0ms (cache hit)
576 http cache ms@https://registry.npmjs.org/ms/-/ms-2.1.3.tgz 0ms (cache hit)
577 http cache win-guid@https://registry.npmjs.org/win-guid/-/win-guid-0.2.1.tgz 0ms (cache hit)
578 http cache uint8array-extras@https://registry.npmjs.org/uint8array-extras/-/uint8array-extras-1.5.0.tgz 0ms (cache hit)
579 http cache token-types@https://registry.npmjs.org/token-types/-/token-types-6.1.2.tgz 0ms (cache hit)
580 http cache strtok3@https://registry.npmjs.org/strtok3/-/strtok3-10.3.5.tgz 0ms (cache hit)
581 http cache media-typer@https://registry.npmjs.org/media-typer/-/media-typer-2.0.0.tgz 0ms (cache hit)
582 http cache file-type@https://registry.npmjs.org/file-type/-/file-type-21.3.4.tgz 0ms (cache hit)
583 http cache debug@https://registry.npmjs.org/debug/-/debug-4.4.3.tgz 0ms (cache hit)
584 http cache content-type@https://registry.npmjs.org/content-type/-/content-type-2.0.0.tgz 0ms (cache hit)
585 http cache @tokenizer/token@https://registry.npmjs.org/@tokenizer/token/-/token-0.3.0.tgz 0ms (cache hit)
586 http cache @borewit/text-codec@https://registry.npmjs.org/@borewit/text-codec/-/text-codec-0.2.2.tgz 0ms (cache hit)
587 http cache curve25519-js@https://registry.npmjs.org/curve25519-js/-/curve25519-js-0.0.4.tgz 0ms (cache hit)
588 http cache @keyv/serialize@https://registry.npmjs.org/@keyv/serialize/-/serialize-1.1.1.tgz 0ms (cache hit)
589 http cache hashery@https://registry.npmjs.org/hashery/-/hashery-1.5.1.tgz 0ms (cache hit)
590 http cache qified@https://registry.npmjs.org/qified/-/qified-0.10.1.tgz 0ms (cache hit)
591 http cache @keyv/bigmap@https://registry.npmjs.org/@keyv/bigmap/-/bigmap-1.3.1.tgz 1ms (cache hit)
592 http cache @cacheable/utils@https://registry.npmjs.org/@cacheable/utils/-/utils-2.5.0.tgz 0ms (cache hit)
593 http cache @cacheable/memory@https://registry.npmjs.org/@cacheable/memory/-/memory-2.2.0.tgz 0ms (cache hit)
594 http cache tslib@https://registry.npmjs.org/tslib/-/tslib-2.8.1.tgz 0ms (cache hit)
595 http cache @hapi/hoek@https://registry.npmjs.org/@hapi/hoek/-/hoek-9.3.0.tgz 0ms (cache hit)
596 http cache keyv@https://registry.npmjs.org/keyv/-/keyv-5.6.0.tgz 0ms (cache hit)
597 http cache hookified@https://registry.npmjs.org/hookified/-/hookified-1.15.1.tgz 0ms (cache hit)
598 http cache cacheable@https://registry.npmjs.org/cacheable/-/cacheable-2.5.0.tgz 0ms (cache hit)
599 http cache ws@https://registry.npmjs.org/ws/-/ws-8.21.2.tgz 0ms (cache hit)
600 http cache whatsapp-rust-bridge@https://registry.npmjs.org/whatsapp-rust-bridge/-/whatsapp-rust-bridge-0.5.4.tgz 0ms (cache hit)
601 http cache protobufjs@https://registry.npmjs.org/protobufjs/-/protobufjs-7.6.5.tgz 0ms (cache hit)
602 http cache pino@https://registry.npmjs.org/pino/-/pino-9.14.0.tgz 0ms (cache hit)
603 http cache p-queue@https://registry.npmjs.org/p-queue/-/p-queue-9.3.3.tgz 0ms (cache hit)
604 http cache music-metadata@https://registry.npmjs.org/music-metadata/-/music-metadata-11.14.0.tgz 0ms (cache hit)
605 http cache lru-cache@https://registry.npmjs.org/lru-cache/-/lru-cache-11.5.2.tgz 0ms (cache hit)
606 http cache libsignal@https://registry.npmjs.org/libsignal/-/libsignal-6.0.0.tgz 0ms (cache hit)
607 http cache async-mutex@https://registry.npmjs.org/async-mutex/-/async-mutex-0.5.0.tgz 0ms (cache hit)
608 http cache @hapi/boom@https://registry.npmjs.org/@hapi/boom/-/boom-9.1.4.tgz 0ms (cache hit)
609 http cache @cacheable/node-cache@https://registry.npmjs.org/@cacheable/node-cache/-/node-cache-1.7.6.tgz 0ms (cache hit)
610 http cache qrcode-terminal@https://registry.npmjs.org/qrcode-terminal/-/qrcode-terminal-0.12.0.tgz 0ms (cache hit)
611 http cache sharp@https://registry.npmjs.org/sharp/-/sharp-0.35.3.tgz 0ms (cache hit)
612 http cache @whiskeysockets/baileys@https://registry.npmjs.org/@whiskeysockets/baileys/-/baileys-7.0.0-rc14.tgz 0ms (cache hit)
613 http cache hookified@https://registry.npmjs.org/hookified/-/hookified-2.2.0.tgz 0ms (cache hit)
614 silly tarball no local data for ieee754@https://registry.npmjs.org/ieee754/-/ieee754-1.2.1.tgz. Extracting by manifest.
615 silly tarball no local data for detect-libc@https://registry.npmjs.org/detect-libc/-/detect-libc-2.1.2.tgz. Extracting by manifest.
616 silly tarball no local data for @img/colour@https://registry.npmjs.org/@img/colour/-/colour-1.1.0.tgz. Extracting by manifest.
617 silly tarball no local data for undici-types@https://registry.npmjs.org/undici-types/-/undici-types-8.3.0.tgz. Extracting by manifest.
618 silly tarball no local data for semver@https://registry.npmjs.org/semver/-/semver-7.8.5.tgz. Extracting by manifest.
619 silly tarball no local data for long@https://registry.npmjs.org/long/-/long-5.3.2.tgz. Extracting by manifest.
620 silly tarball no local data for @protobufjs/pool@https://registry.npmjs.org/@protobufjs/pool/-/pool-1.1.0.tgz. Extracting by manifest.
621 silly tarball no local data for @protobufjs/path@https://registry.npmjs.org/@protobufjs/path/-/path-1.1.2.tgz. Extracting by manifest.
622 silly tarball no local data for @protobufjs/utf8@https://registry.npmjs.org/@protobufjs/utf8/-/utf8-1.1.2.tgz. Extracting by manifest.
623 silly tarball no local data for @protobufjs/float@https://registry.npmjs.org/@protobufjs/float/-/float-1.0.2.tgz. Extracting by manifest.
624 silly tarball no local data for @protobufjs/eventemitter@https://registry.npmjs.org/@protobufjs/eventemitter/-/eventemitter-1.1.1.tgz. Extracting by manifest.
625 silly tarball no local data for @protobufjs/fetch@https://registry.npmjs.org/@protobufjs/fetch/-/fetch-1.1.1.tgz. Extracting by manifest.
626 silly tarball no local data for @protobufjs/codegen@https://registry.npmjs.org/@protobufjs/codegen/-/codegen-2.0.5.tgz. Extracting by manifest.
627 silly tarball no local data for @protobufjs/base64@https://registry.npmjs.org/@protobufjs/base64/-/base64-1.1.2.tgz. Extracting by manifest.
628 silly tarball no local data for split2@https://registry.npmjs.org/split2/-/split2-4.2.0.tgz. Extracting by manifest.
629 silly tarball no local data for @protobufjs/aspromise@https://registry.npmjs.org/@protobufjs/aspromise/-/aspromise-1.1.2.tgz. Extracting by manifest.
630 silly tarball no local data for @types/node@https://registry.npmjs.org/@types/node/-/node-26.1.2.tgz. Extracting by manifest.
631 silly tarball no local data for thread-stream@https://registry.npmjs.org/thread-stream/-/thread-stream-3.2.0.tgz. Extracting by manifest.
632 silly tarball no local data for sonic-boom@https://registry.npmjs.org/sonic-boom/-/sonic-boom-4.2.1.tgz. Extracting by manifest.
633 silly tarball no local data for safe-stable-stringify@https://registry.npmjs.org/safe-stable-stringify/-/safe-stable-stringify-2.5.0.tgz. Extracting by manifest.
634 silly tarball no local data for quick-format-unescaped@https://registry.npmjs.org/quick-format-unescaped/-/quick-format-unescaped-4.0.4.tgz. Extracting by manifest.
635 silly tarball no local data for process-warning@https://registry.npmjs.org/process-warning/-/process-warning-5.1.0.tgz. Extracting by manifest.
636 silly tarball no local data for real-require@https://registry.npmjs.org/real-require/-/real-require-0.2.0.tgz. Extracting by manifest.
637 silly tarball no local data for pino-std-serializers@https://registry.npmjs.org/pino-std-serializers/-/pino-std-serializers-7.1.0.tgz. Extracting by manifest.
638 silly tarball no local data for pino-abstract-transport@https://registry.npmjs.org/pino-abstract-transport/-/pino-abstract-transport-2.0.0.tgz. Extracting by manifest.
639 silly tarball no local data for on-exit-leak-free@https://registry.npmjs.org/on-exit-leak-free/-/on-exit-leak-free-2.1.2.tgz. Extracting by manifest.
640 silly tarball no local data for atomic-sleep@https://registry.npmjs.org/atomic-sleep/-/atomic-sleep-1.0.0.tgz. Extracting by manifest.
641 silly tarball no local data for @pinojs/redact@https://registry.npmjs.org/@pinojs/redact/-/redact-0.4.0.tgz. Extracting by manifest.
642 silly tarball no local data for p-timeout@https://registry.npmjs.org/p-timeout/-/p-timeout-7.0.1.tgz. Extracting by manifest.
643 silly tarball no local data for @tokenizer/inflate@https://registry.npmjs.org/@tokenizer/inflate/-/inflate-0.4.1.tgz. Extracting by manifest.
644 silly tarball no local data for eventemitter3@https://registry.npmjs.org/eventemitter3/-/eventemitter3-5.0.4.tgz. Extracting by manifest.
645 silly tarball no local data for win-guid@https://registry.npmjs.org/win-guid/-/win-guid-0.2.1.tgz. Extracting by manifest.
646 silly tarball no local data for uint8array-extras@https://registry.npmjs.org/uint8array-extras/-/uint8array-extras-1.5.0.tgz. Extracting by manifest.
647 silly tarball no local data for token-types@https://registry.npmjs.org/token-types/-/token-types-6.1.2.tgz. Extracting by manifest.
648 silly tarball no local data for strtok3@https://registry.npmjs.org/strtok3/-/strtok3-10.3.5.tgz. Extracting by manifest.
649 silly tarball no local data for media-typer@https://registry.npmjs.org/media-typer/-/media-typer-2.0.0.tgz. Extracting by manifest.
650 silly tarball no local data for file-type@https://registry.npmjs.org/file-type/-/file-type-21.3.4.tgz. Extracting by manifest.
651 silly tarball no local data for content-type@https://registry.npmjs.org/content-type/-/content-type-2.0.0.tgz. Extracting by manifest.
652 silly tarball no local data for @tokenizer/token@https://registry.npmjs.org/@tokenizer/token/-/token-0.3.0.tgz. Extracting by manifest.
653 silly tarball no local data for @borewit/text-codec@https://registry.npmjs.org/@borewit/text-codec/-/text-codec-0.2.2.tgz. Extracting by manifest.
654 silly tarball no local data for curve25519-js@https://registry.npmjs.org/curve25519-js/-/curve25519-js-0.0.4.tgz. Extracting by manifest.
655 silly tarball no local data for @keyv/serialize@https://registry.npmjs.org/@keyv/serialize/-/serialize-1.1.1.tgz. Extracting by manifest.
656 silly tarball no local data for hashery@https://registry.npmjs.org/hashery/-/hashery-1.5.1.tgz. Extracting by manifest.
657 silly tarball no local data for qified@https://registry.npmjs.org/qified/-/qified-0.10.1.tgz. Extracting by manifest.
658 silly tarball no local data for @keyv/bigmap@https://registry.npmjs.org/@keyv/bigmap/-/bigmap-1.3.1.tgz. Extracting by manifest.
659 silly tarball no local data for @cacheable/utils@https://registry.npmjs.org/@cacheable/utils/-/utils-2.5.0.tgz. Extracting by manifest.
660 silly tarball no local data for @cacheable/memory@https://registry.npmjs.org/@cacheable/memory/-/memory-2.2.0.tgz. Extracting by manifest.
661 silly tarball no local data for keyv@https://registry.npmjs.org/keyv/-/keyv-5.6.0.tgz. Extracting by manifest.
662 silly tarball no local data for @hapi/hoek@https://registry.npmjs.org/@hapi/hoek/-/hoek-9.3.0.tgz. Extracting by manifest.
663 silly tarball no local data for hookified@https://registry.npmjs.org/hookified/-/hookified-1.15.1.tgz. Extracting by manifest.
664 silly tarball no local data for cacheable@https://registry.npmjs.org/cacheable/-/cacheable-2.5.0.tgz. Extracting by manifest.
665 silly tarball no local data for ws@https://registry.npmjs.org/ws/-/ws-8.21.2.tgz. Extracting by manifest.
666 silly tarball no local data for whatsapp-rust-bridge@https://registry.npmjs.org/whatsapp-rust-bridge/-/whatsapp-rust-bridge-0.5.4.tgz. Extracting by manifest.
667 silly tarball no local data for protobufjs@https://registry.npmjs.org/protobufjs/-/protobufjs-7.6.5.tgz. Extracting by manifest.
668 silly tarball no local data for pino@https://registry.npmjs.org/pino/-/pino-9.14.0.tgz. Extracting by manifest.
669 silly tarball no local data for p-queue@https://registry.npmjs.org/p-queue/-/p-queue-9.3.3.tgz. Extracting by manifest.
670 silly tarball no local data for music-metadata@https://registry.npmjs.org/music-metadata/-/music-metadata-11.14.0.tgz. Extracting by manifest.
671 silly tarball no local data for lru-cache@https://registry.npmjs.org/lru-cache/-/lru-cache-11.5.2.tgz. Extracting by manifest.
672 silly tarball no local data for libsignal@https://registry.npmjs.org/libsignal/-/libsignal-6.0.0.tgz. Extracting by manifest.
673 silly tarball no local data for async-mutex@https://registry.npmjs.org/async-mutex/-/async-mutex-0.5.0.tgz. Extracting by manifest.
674 silly tarball no local data for @hapi/boom@https://registry.npmjs.org/@hapi/boom/-/boom-9.1.4.tgz. Extracting by manifest.
675 silly tarball no local data for @cacheable/node-cache@https://registry.npmjs.org/@cacheable/node-cache/-/node-cache-1.7.6.tgz. Extracting by manifest.
676 silly tarball no local data for qrcode-terminal@https://registry.npmjs.org/qrcode-terminal/-/qrcode-terminal-0.12.0.tgz. Extracting by manifest.
677 silly tarball no local data for @whiskeysockets/baileys@https://registry.npmjs.org/@whiskeysockets/baileys/-/baileys-7.0.0-rc14.tgz. Extracting by manifest.
678 silly tarball no local data for hookified@https://registry.npmjs.org/hookified/-/hookified-2.2.0.tgz. Extracting by manifest.
679 silly tarball no local data for sharp@https://registry.npmjs.org/sharp/-/sharp-0.35.3.tgz. Extracting by manifest.
680 http fetch POST 200 https://registry.npmjs.org/-/npm/v1/security/advisories/bulk 628ms
681 silly audit report {}
682 http fetch GET 200 https://registry.npmjs.org/ieee754/-/ieee754-1.2.1.tgz 608ms (cache miss)
683 http fetch GET 200 https://registry.npmjs.org/detect-libc/-/detect-libc-2.1.2.tgz 608ms (cache miss)
684 http fetch GET 200 https://registry.npmjs.org/safe-stable-stringify/-/safe-stable-stringify-2.5.0.tgz 640ms (cache miss)
685 http fetch GET 200 https://registry.npmjs.org/long/-/long-5.3.2.tgz 764ms (cache miss)
686 http fetch GET 200 https://registry.npmjs.org/quick-format-unescaped/-/quick-format-unescaped-4.0.4.tgz 734ms (cache miss)
687 http fetch GET 200 https://registry.npmjs.org/pino-std-serializers/-/pino-std-serializers-7.1.0.tgz 730ms (cache miss)
688 http fetch GET 200 https://registry.npmjs.org/process-warning/-/process-warning-5.1.0.tgz 755ms (cache miss)
689 http fetch GET 200 https://registry.npmjs.org/real-require/-/real-require-0.2.0.tgz 847ms (cache miss)
690 http fetch GET 200 https://registry.npmjs.org/on-exit-leak-free/-/on-exit-leak-free-2.1.2.tgz 867ms (cache miss)
691 http fetch GET 200 https://registry.npmjs.org/split2/-/split2-4.2.0.tgz 955ms (cache miss)
692 http fetch GET 200 https://registry.npmjs.org/pino-abstract-transport/-/pino-abstract-transport-2.0.0.tgz 937ms (cache miss)
693 http fetch GET 200 https://registry.npmjs.org/@protobufjs/base64/-/base64-1.1.2.tgz 1014ms (cache miss)
694 http fetch GET 200 https://registry.npmjs.org/@img/colour/-/colour-1.1.0.tgz 1099ms (cache miss)
695 http fetch GET 200 https://registry.npmjs.org/@protobufjs/aspromise/-/aspromise-1.1.2.tgz 1112ms (cache miss)
696 http fetch GET 200 https://registry.npmjs.org/atomic-sleep/-/atomic-sleep-1.0.0.tgz 1125ms (cache miss)
697 http fetch GET 200 https://registry.npmjs.org/p-timeout/-/p-timeout-7.0.1.tgz 1164ms (cache miss)
698 http fetch GET 200 https://registry.npmjs.org/@tokenizer/inflate/-/inflate-0.4.1.tgz 1189ms (cache miss)
699 http fetch GET 200 https://registry.npmjs.org/uint8array-extras/-/uint8array-extras-1.5.0.tgz 1204ms (cache miss)
700 http fetch GET 200 https://registry.npmjs.org/media-typer/-/media-typer-2.0.0.tgz 1201ms (cache miss)
701 http fetch GET 200 https://registry.npmjs.org/win-guid/-/win-guid-0.2.1.tgz 1230ms (cache miss)
702 http fetch GET 200 https://registry.npmjs.org/token-types/-/token-types-6.1.2.tgz 1226ms (cache miss)
703 http fetch GET 200 https://registry.npmjs.org/content-type/-/content-type-2.0.0.tgz 1226ms (cache miss)
704 http fetch GET 200 https://registry.npmjs.org/@borewit/text-codec/-/text-codec-0.2.2.tgz 1269ms (cache miss)
705 http fetch GET 200 https://registry.npmjs.org/@protobufjs/pool/-/pool-1.1.0.tgz 1338ms (cache miss)
706 http fetch GET 200 https://registry.npmjs.org/@tokenizer/token/-/token-0.3.0.tgz 1290ms (cache miss)
707 http fetch GET 200 https://registry.npmjs.org/@protobufjs/path/-/path-1.1.2.tgz 1381ms (cache miss)
708 http fetch GET 200 https://registry.npmjs.org/@protobufjs/fetch/-/fetch-1.1.1.tgz 1381ms (cache miss)
709 http fetch GET 200 https://registry.npmjs.org/@protobufjs/float/-/float-1.0.2.tgz 1388ms (cache miss)
710 http fetch GET 200 https://registry.npmjs.org/@protobufjs/codegen/-/codegen-2.0.5.tgz 1382ms (cache miss)
711 http fetch GET 200 https://registry.npmjs.org/file-type/-/file-type-21.3.4.tgz 1346ms (cache miss)
712 http fetch GET 200 https://registry.npmjs.org/@keyv/serialize/-/serialize-1.1.1.tgz 1356ms (cache miss)
713 http fetch GET 200 https://registry.npmjs.org/@keyv/bigmap/-/bigmap-1.3.1.tgz 1386ms (cache miss)
714 http fetch GET 200 https://registry.npmjs.org/eventemitter3/-/eventemitter3-5.0.4.tgz 1433ms (cache miss)
715 http fetch GET 200 https://registry.npmjs.org/qified/-/qified-0.10.1.tgz 1429ms (cache miss)
716 http fetch GET 200 https://registry.npmjs.org/@protobufjs/eventemitter/-/eventemitter-1.1.1.tgz 1521ms (cache miss)
717 http fetch GET 200 https://registry.npmjs.org/undici-types/-/undici-types-8.3.0.tgz 1597ms (cache miss)
718 http fetch GET 200 https://registry.npmjs.org/@protobufjs/utf8/-/utf8-1.1.2.tgz 1590ms (cache miss)
719 http fetch GET 200 https://registry.npmjs.org/curve25519-js/-/curve25519-js-0.0.4.tgz 1548ms (cache miss)
720 http fetch GET 200 https://registry.npmjs.org/@cacheable/utils/-/utils-2.5.0.tgz 1556ms (cache miss)
721 http fetch GET 200 https://registry.npmjs.org/sonic-boom/-/sonic-boom-4.2.1.tgz 1614ms (cache miss)
722 http fetch GET 200 https://registry.npmjs.org/keyv/-/keyv-5.6.0.tgz 1607ms (cache miss)
723 http fetch GET 200 https://registry.npmjs.org/@cacheable/memory/-/memory-2.2.0.tgz 1630ms (cache miss)
724 http fetch GET 200 https://registry.npmjs.org/p-queue/-/p-queue-9.3.3.tgz 1618ms (cache miss)
725 http fetch GET 200 https://registry.npmjs.org/@pinojs/redact/-/redact-0.4.0.tgz 1679ms (cache miss)
726 http fetch GET 200 https://registry.npmjs.org/@cacheable/node-cache/-/node-cache-1.7.6.tgz 1626ms (cache miss)
727 http fetch GET 200 https://registry.npmjs.org/hookified/-/hookified-1.15.1.tgz 1703ms (cache miss)
728 http fetch GET 200 https://registry.npmjs.org/cacheable/-/cacheable-2.5.0.tgz 1720ms (cache miss)
729 http fetch GET 200 https://registry.npmjs.org/hashery/-/hashery-1.5.1.tgz 1739ms (cache miss)
730 http fetch GET 200 https://registry.npmjs.org/hookified/-/hookified-2.2.0.tgz 1762ms (cache miss)
731 http fetch GET 200 https://registry.npmjs.org/libsignal/-/libsignal-6.0.0.tgz 1784ms (cache miss)
732 http fetch GET 200 https://registry.npmjs.org/qrcode-terminal/-/qrcode-terminal-0.12.0.tgz 1786ms (cache miss)
733 http fetch GET 200 https://registry.npmjs.org/async-mutex/-/async-mutex-0.5.0.tgz 1797ms (cache miss)
734 http fetch GET 200 https://registry.npmjs.org/ws/-/ws-8.21.2.tgz 1829ms (cache miss)
735 http fetch GET 200 https://registry.npmjs.org/@hapi/hoek/-/hoek-9.3.0.tgz 1897ms (cache miss)
736 http fetch GET 200 https://registry.npmjs.org/semver/-/semver-7.8.5.tgz 1991ms (cache miss)
737 http fetch GET 200 https://registry.npmjs.org/strtok3/-/strtok3-10.3.5.tgz 1981ms (cache miss)
738 http fetch GET 200 https://registry.npmjs.org/thread-stream/-/thread-stream-3.2.0.tgz 2066ms (cache miss)
739 http fetch GET 200 https://registry.npmjs.org/whatsapp-rust-bridge/-/whatsapp-rust-bridge-0.5.4.tgz 2021ms (cache miss)
740 http fetch GET 200 https://registry.npmjs.org/@hapi/boom/-/boom-9.1.4.tgz 2013ms (cache miss)
741 http fetch GET 200 https://registry.npmjs.org/sharp/-/sharp-0.35.3.tgz 2108ms (cache miss)
742 http fetch GET 200 https://registry.npmjs.org/@types/node/-/node-26.1.2.tgz 2322ms (cache miss)
743 http fetch GET 200 https://registry.npmjs.org/protobufjs/-/protobufjs-7.6.5.tgz 2407ms (cache miss)
744 http fetch GET 200 https://registry.npmjs.org/lru-cache/-/lru-cache-11.5.2.tgz 2600ms (cache miss)
745 http fetch GET 200 https://registry.npmjs.org/pino/-/pino-9.14.0.tgz 2740ms (cache miss)
746 http fetch GET 200 https://registry.npmjs.org/music-metadata/-/music-metadata-11.14.0.tgz 2798ms (cache miss)
747 http fetch GET 200 https://registry.npmjs.org/@whiskeysockets/baileys/-/baileys-7.0.0-rc14.tgz 3160ms (cache miss)
748 info run @whiskeysockets/baileys@7.0.0-rc14 preinstall node_modules/@whiskeysockets/baileys node ./engine-requirements.js
749 info run @whiskeysockets/baileys@7.0.0-rc14 preinstall { code: 0, signal: null }
750 info run protobufjs@7.6.5 postinstall node_modules/protobufjs node scripts/postinstall
751 info run protobufjs@7.6.5 postinstall { code: 0, signal: null }
752 silly ADD node_modules/ieee754
753 silly ADD node_modules/semver
754 silly ADD node_modules/detect-libc
755 silly ADD node_modules/@img/colour
756 silly ADD node_modules/undici-types
757 silly ADD node_modules/long
758 silly ADD node_modules/@types/node
759 silly ADD node_modules/@protobufjs/utf8
760 silly ADD node_modules/@protobufjs/pool
761 silly ADD node_modules/@protobufjs/path
762 silly ADD node_modules/@protobufjs/float
763 silly ADD node_modules/@protobufjs/fetch
764 silly ADD node_modules/@protobufjs/eventemitter
765 silly ADD node_modules/@protobufjs/codegen
766 silly ADD node_modules/@protobufjs/base64
767 silly ADD node_modules/@protobufjs/aspromise
768 silly ADD node_modules/split2
769 silly ADD node_modules/thread-stream
770 silly ADD node_modules/sonic-boom
771 silly ADD node_modules/safe-stable-stringify
772 silly ADD node_modules/real-require
773 silly ADD node_modules/quick-format-unescaped
774 silly ADD node_modules/process-warning
775 silly ADD node_modules/pino-std-serializers
776 silly ADD node_modules/pino-abstract-transport
777 silly ADD node_modules/on-exit-leak-free
778 silly ADD node_modules/atomic-sleep
779 silly ADD node_modules/@pinojs/redact
780 silly ADD node_modules/p-timeout
781 silly ADD node_modules/eventemitter3
782 silly ADD node_modules/@tokenizer/inflate
783 silly ADD node_modules/ms
784 silly ADD node_modules/win-guid
785 silly ADD node_modules/uint8array-extras
786 silly ADD node_modules/token-types
787 silly ADD node_modules/strtok3
788 silly ADD node_modules/media-typer
789 silly ADD node_modules/file-type
790 silly ADD node_modules/debug
791 silly ADD node_modules/content-type
792 silly ADD node_modules/@tokenizer/token
793 silly ADD node_modules/@borewit/text-codec
794 silly ADD node_modules/curve25519-js
795 silly ADD node_modules/@keyv/serialize
796 silly ADD node_modules/hashery
797 silly ADD node_modules/@keyv/bigmap
798 silly ADD node_modules/qified
799 silly ADD node_modules/qified/node_modules/hookified
800 silly ADD node_modules/@cacheable/utils
801 silly ADD node_modules/@cacheable/memory
802 silly ADD node_modules/tslib
803 silly ADD node_modules/@hapi/hoek
804 silly ADD node_modules/keyv
805 silly ADD node_modules/hookified
806 silly ADD node_modules/cacheable
807 silly ADD node_modules/ws
808 silly ADD node_modules/whatsapp-rust-bridge
809 silly ADD node_modules/protobufjs
810 silly ADD node_modules/pino
811 silly ADD node_modules/p-queue
812 silly ADD node_modules/music-metadata
813 silly ADD node_modules/lru-cache
814 silly ADD node_modules/libsignal
815 silly ADD node_modules/async-mutex
816 silly ADD node_modules/@hapi/boom
817 silly ADD node_modules/@cacheable/node-cache
818 silly ADD node_modules/qrcode-terminal
819 silly ADD node_modules/sharp
820 silly ADD node_modules/@whiskeysockets/baileys
821 warn allow-scripts 2 packages have install scripts not yet covered by allowScripts:
821 warn allow-scripts   @whiskeysockets/baileys@7.0.0-rc14 (preinstall: node ./engine-requirements.js)
821 warn allow-scripts   protobufjs@7.6.5 (postinstall: node scripts/postinstall)
821 warn allow-scripts
821 warn allow-scripts Run `npm approve-scripts --allow-scripts-pending` to review, or `npm approve-scripts <pkg>` to allow.
822 verbose cwd /data/data/com.termux/files/home
823 verbose os Linux 4.19.157-perf+
824 verbose node v26.3.1
825 verbose npm  v11.17.0
826 verbose exit 0
827 info ok
