0 verbose cli /data/data/com.termux/files/usr/bin/node /data/data/com.termux/files/usr/bin/npm
1 info using npm@11.17.0
2 info using node@v26.3.1
3 silly config load:file:/data/data/com.termux/files/usr/lib/node_modules/npm/npmrc
4 silly config load:file:/data/data/com.termux/files/home/.npmrc
5 silly config load:file:/data/data/com.termux/files/usr/etc/npmrc
6 verbose title npm install google-tts-api yt-search axios node-fetch form-data
7 verbose argv "install" "google-tts-api" "yt-search" "axios" "node-fetch" "form-data"
8 verbose logfile logs-max:10 dir:/data/data/com.termux/files/home/.npm/_logs/2026-08-06T13_20_39_985Z-
9 verbose logfile /data/data/com.termux/files/home/.npm/_logs/2026-08-06T13_20_39_985Z-debug-0.log
10 silly logfile start cleaning logs, removing 1 files
11 silly logfile done cleaning log files
12 silly packumentCache heap:1174405120 maxSize:293601280 maxEntrySize:146800640
13 verbose shrinkwrap failed to load node_modules/.package-lock.json out of date, updated: node_modules
14 silly idealTree buildDeps
15 silly fetch manifest axios@^1.19.0
16 silly packumentCache full:https://registry.npmjs.org/axios cache-miss
17 http fetch GET 200 https://registry.npmjs.org/axios 623ms (cache revalidated)
18 silly packumentCache full:https://registry.npmjs.org/axios set size:850874 disposed:false
19 silly fetch manifest form-data@^4.0.6
20 silly packumentCache full:https://registry.npmjs.org/form-data cache-miss
21 http fetch GET 200 https://registry.npmjs.org/form-data 89ms (cache revalidated)
22 silly packumentCache full:https://registry.npmjs.org/form-data set size:153174 disposed:false
23 silly fetch manifest google-tts-api@^2.0.2
24 silly packumentCache full:https://registry.npmjs.org/google-tts-api cache-miss
25 http fetch GET 200 https://registry.npmjs.org/google-tts-api 320ms (cache revalidated)
26 silly packumentCache full:https://registry.npmjs.org/google-tts-api set size:30562 disposed:false
27 silly fetch manifest node-fetch@^2.7.0
28 silly packumentCache full:https://registry.npmjs.org/node-fetch cache-miss
29 http fetch GET 200 https://registry.npmjs.org/node-fetch 104ms (cache revalidated)
30 silly packumentCache full:https://registry.npmjs.org/node-fetch set size:896010 disposed:false
31 silly fetch manifest encoding@^0.1.0
32 silly packumentCache full:https://registry.npmjs.org/encoding cache-miss
33 http fetch GET 200 https://registry.npmjs.org/encoding 74ms (cache revalidated)
34 silly packumentCache full:https://registry.npmjs.org/encoding set size:17833 disposed:false
35 silly fetch manifest yt-search@^2.13.1
36 silly packumentCache full:https://registry.npmjs.org/yt-search cache-miss
37 http fetch GET 200 https://registry.npmjs.org/yt-search 311ms (cache revalidated)
38 silly packumentCache full:https://registry.npmjs.org/yt-search set size:230821 disposed:false
39 silly placeDep ROOT axios@1.19.0 REPLACE for: home@1.0.0 want: ^1.19.0
40 silly placeDep ROOT form-data@4.0.6 REPLACE for: home@1.0.0 want: ^4.0.6
41 silly placeDep ROOT google-tts-api@2.0.2 REPLACE for: home@1.0.0 want: ^2.0.2
42 silly placeDep ROOT node-fetch@2.7.0 REPLACE for: home@1.0.0 want: ^2.7.0
43 silly placeDep ROOT yt-search@2.13.1 REPLACE for: home@1.0.0 want: ^2.13.1
44 silly reify moves {}
45 silly audit bulk request {
45 silly audit   '@borewit/text-codec': [ '0.2.2' ],
45 silly audit   '@cacheable/memory': [ '2.2.0' ],
45 silly audit   '@cacheable/node-cache': [ '1.7.6' ],
45 silly audit   '@cacheable/utils': [ '2.5.0' ],
45 silly audit   '@emnapi/runtime': [ '1.11.3' ],
45 silly audit   '@hapi/boom': [ '9.1.4' ],
45 silly audit   '@hapi/hoek': [ '9.3.0' ],
45 silly audit   '@img/colour': [ '1.1.0' ],
45 silly audit   '@img/sharp-darwin-arm64': [ '0.35.3' ],
45 silly audit   '@img/sharp-darwin-x64': [ '0.35.3' ],
45 silly audit   '@img/sharp-freebsd-wasm32': [ '0.35.3' ],
45 silly audit   '@img/sharp-libvips-darwin-arm64': [ '1.3.2' ],
45 silly audit   '@img/sharp-libvips-darwin-x64': [ '1.3.2' ],
45 silly audit   '@img/sharp-libvips-linux-arm': [ '1.3.2' ],
45 silly audit   '@img/sharp-libvips-linux-arm64': [ '1.3.2' ],
45 silly audit   '@img/sharp-libvips-linux-ppc64': [ '1.3.2' ],
45 silly audit   '@img/sharp-libvips-linux-riscv64': [ '1.3.2' ],
45 silly audit   '@img/sharp-libvips-linux-s390x': [ '1.3.2' ],
45 silly audit   '@img/sharp-libvips-linux-x64': [ '1.3.2' ],
45 silly audit   '@img/sharp-libvips-linuxmusl-arm64': [ '1.3.2' ],
45 silly audit   '@img/sharp-libvips-linuxmusl-x64': [ '1.3.2' ],
45 silly audit   '@img/sharp-linux-arm': [ '0.35.3' ],
45 silly audit   '@img/sharp-linux-arm64': [ '0.35.3' ],
45 silly audit   '@img/sharp-linux-ppc64': [ '0.35.3' ],
45 silly audit   '@img/sharp-linux-riscv64': [ '0.35.3' ],
45 silly audit   '@img/sharp-linux-s390x': [ '0.35.3' ],
45 silly audit   '@img/sharp-linux-x64': [ '0.35.3' ],
45 silly audit   '@img/sharp-linuxmusl-arm64': [ '0.35.3' ],
45 silly audit   '@img/sharp-linuxmusl-x64': [ '0.35.3' ],
45 silly audit   '@img/sharp-wasm32': [ '0.35.3' ],
45 silly audit   '@img/sharp-webcontainers-wasm32': [ '0.35.3' ],
45 silly audit   '@img/sharp-win32-arm64': [ '0.35.3' ],
45 silly audit   '@img/sharp-win32-ia32': [ '0.35.3' ],
45 silly audit   '@img/sharp-win32-x64': [ '0.35.3' ],
45 silly audit   '@jsep-plugin/assignment': [ '1.3.0' ],
45 silly audit   '@jsep-plugin/regex': [ '1.0.4' ],
45 silly audit   '@keyv/bigmap': [ '1.3.1' ],
45 silly audit   '@keyv/serialize': [ '1.1.1' ],
45 silly audit   '@pinojs/redact': [ '0.4.0' ],
45 silly audit   '@protobufjs/aspromise': [ '1.1.2' ],
45 silly audit   '@protobufjs/base64': [ '1.1.2' ],
45 silly audit   '@protobufjs/codegen': [ '2.0.5' ],
45 silly audit   '@protobufjs/eventemitter': [ '1.1.1' ],
45 silly audit   '@protobufjs/fetch': [ '1.1.1' ],
45 silly audit   '@protobufjs/float': [ '1.0.2' ],
45 silly audit   '@protobufjs/path': [ '1.1.2' ],
45 silly audit   '@protobufjs/pool': [ '1.1.0' ],
45 silly audit   '@protobufjs/utf8': [ '1.1.2' ],
45 silly audit   '@tokenizer/inflate': [ '0.4.1' ],
45 silly audit   '@tokenizer/token': [ '0.3.0' ],
45 silly audit   '@types/node': [ '26.1.2' ],
45 silly audit   '@whiskeysockets/baileys': [ '7.0.0-rc14' ],
45 silly audit   'agent-base': [ '6.0.2' ],
45 silly audit   ajv: [ '6.15.0' ],
45 silly audit   'ansi-regex': [ '3.0.1' ],
45 silly audit   asn1: [ '0.2.6' ],
45 silly audit   'assert-plus': [ '1.0.0' ],
45 silly audit   async: [ '0.2.10', '2.6.4' ],
45 silly audit   'async-mutex': [ '0.5.0' ],
45 silly audit   'async.parallellimit': [ '0.5.2' ],
45 silly audit   'async.util.eachoflimit': [ '0.5.2' ],
45 silly audit   'async.util.isarray': [ '0.5.2' ],
45 silly audit   'async.util.isarraylike': [ '0.5.2' ],
45 silly audit   'async.util.keyiterator': [ '0.5.2' ],
45 silly audit   'async.util.keys': [ '0.5.2' ],
45 silly audit   'async.util.noop': [ '0.5.2' ],
45 silly audit   'async.util.once': [ '0.5.2' ],
45 silly audit   'async.util.onlyonce': [ '0.5.2' ],
45 silly audit   'async.util.parallel': [ '0.5.2' ],
45 silly audit   'async.util.restparam': [ '0.5.2' ],
45 silly audit   asynckit: [ '0.4.0' ],
45 silly audit   'atomic-sleep': [ '1.0.0' ],
45 silly audit   'aws-sign2': [ '0.7.0' ],
45 silly audit   aws4: [ '1.13.2' ],
45 silly audit   axios: [ '1.19.0', '0.21.4' ],
45 silly audit   'balanced-match': [ '1.0.2' ],
45 silly audit   'bcrypt-pbkdf': [ '1.0.2' ],
45 silly audit   boolbase: [ '1.0.0' ],
45 silly audit   boolstring: [ '2.0.1' ],
45 silly audit   'brace-expansion': [ '1.1.18' ],
45 silly audit   cacheable: [ '2.5.0' ],
45 silly audit   'call-bind-apply-helpers': [ '1.0.2' ],
45 silly audit   'call-bound': [ '1.0.4' ],
45 silly audit   caseless: [ '0.12.0' ],
45 silly audit   cheerio: [ '1.2.0' ],
45 silly audit   'cheerio-select': [ '2.1.0' ],
45 silly audit   'combined-stream': [ '1.0.8' ],
45 silly audit   'concat-map': [ '0.0.1' ],
45 silly audit   'content-type': [ '2.0.0' ],
45 silly audit   'core-util-is': [ '1.0.3', '1.0.2' ],
45 silly audit   'css-select': [ '5.2.2' ],
45 silly audit   'css-what': [ '6.2.2' ],
45 silly audit   'curve25519-js': [ '0.0.4' ],
45 silly audit   dashdash: [ '1.14.1' ],
45 silly audit   dasu: [ '0.4.3' ],
45 silly audit   debug: [ '4.4.3' ],
45 silly audit   'delayed-stream': [ '1.0.0' ],
45 silly audit   'detect-libc': [ '2.1.2' ],
45 silly audit   'dom-serializer': [ '2.0.0' ],
45 silly audit   domelementtype: [ '2.3.0' ],
45 silly audit   domhandler: [ '5.0.3' ],
45 silly audit   domutils: [ '3.2.2' ],
45 silly audit   'dunder-proto': [ '1.0.1' ],
45 silly audit   'ecc-jsbn': [ '0.1.2' ],
45 silly audit   'encoding-sniffer': [ '0.2.1' ],
45 silly audit   entities: [ '4.5.0', '7.0.1', '6.0.1' ],
45 silly audit   'es-define-property': [ '1.0.1' ],
45 silly audit   'es-errors': [ '1.3.0' ],
45 silly audit   'es-object-atoms': [ '1.1.2' ],
45 silly audit   'es-set-tostringtag': [ '2.1.0' ],
45 silly audit   'escape-string-regexp': [ '1.0.5' ],
45 silly audit   eventemitter3: [ '5.0.4' ],
45 silly audit   extend: [ '3.0.2' ],
45 silly audit   extsprintf: [ '1.3.0' ],
45 silly audit   'fake-useragent': [ '1.0.1' ],
45 silly audit   'fast-deep-equal': [ '3.1.3' ],
45 silly audit   'fast-json-stable-stringify': [ '2.1.0' ],
45 silly audit   'file-type': [ '21.3.4' ],
45 silly audit   'fluent-ffmpeg': [ '2.1.3' ],
45 silly audit   'follow-redirects': [ '1.16.0' ],
45 silly audit   'forever-agent': [ '0.6.1' ],
45 silly audit   'form-data': [ '2.3.3', '4.0.6' ],
45 silly audit   'function-bind': [ '1.1.2' ],
45 silly audit   'get-intrinsic': [ '1.3.0' ],
45 silly audit   'get-proto': [ '1.0.1' ],
45 silly audit   getpass: [ '0.1.7' ],
45 silly audit   gopd: [ '1.2.0' ],
45 silly audit   'har-schema': [ '2.0.0' ],
45 silly audit   'har-validator': [ '5.1.5' ],
45 silly audit   'has-symbols': [ '1.1.0' ],
45 silly audit   'has-tostringtag': [ '1.0.2' ],
45 silly audit   hashery: [ '1.5.1' ],
45 silly audit   hasown: [ '2.0.4' ],
45 silly audit   hookified: [ '1.15.1', '2.2.0' ],
45 silly audit   htmlparser2: [ '10.1.0' ],
45 silly audit   'http-signature': [ '1.2.0' ],
45 silly audit   'https-proxy-agent': [ '5.0.1' ],
45 silly audit   'human-time': [ '0.0.2' ],
45 silly audit   'iconv-lite': [ '0.6.3' ],
45 silly audit   ieee754: [ '1.2.1' ],
45 silly audit   inherits: [ '2.0.4' ],
45 silly audit   'instagram-url-direct': [ '2.0.7' ],
45 silly audit   qs: [ '6.15.3', '6.5.5' ],
45 silly audit   'is-fullwidth-code-point': [ '2.0.0' ],
45 silly audit   'is-typedarray': [ '1.0.0' ],
45 silly audit   isarray: [ '1.0.0' ],
45 silly audit   isexe: [ '2.0.0' ],
45 silly audit   isstream: [ '0.1.2' ],
45 silly audit   jsbn: [ '0.1.1' ],
45 silly audit   jsep: [ '1.4.0' ],
45 silly audit   'json-schema': [ '0.4.0' ],
45 silly audit   'json-schema-traverse': [ '0.4.1' ],
45 silly audit   'json-stringify-safe': [ '5.0.1' ],
45 silly audit   'jsonpath-plus': [ '10.3.0' ],
45 silly audit   jsprim: [ '1.4.2' ],
45 silly audit   keypress: [ '0.2.1' ],
45 silly audit   keyv: [ '5.6.0' ],
45 silly audit   libsignal: [ '6.0.0' ],
45 silly audit   lodash: [ '4.18.1' ],
45 silly audit   long: [ '5.3.2' ],
45 silly audit   'lru-cache': [ '11.5.2' ],
45 silly audit   'math-intrinsics': [ '1.1.0' ],
45 silly audit   'media-typer': [ '2.0.0' ],
45 silly audit   'mime-db': [ '1.52.0' ],
45 silly audit   'mime-types': [ '2.1.35' ],
45 silly audit   'mimic-fn': [ '2.1.0' ],
45 silly audit   minimatch: [ '3.0.8' ],
45 silly audit   minimist: [ '1.2.8' ],
45 silly audit   ms: [ '2.1.3' ],
45 silly audit   multistream: [ '2.1.1' ],
45 silly audit   'music-metadata': [ '11.14.0' ],
45 silly audit   'node-fzf': [ '0.14.0' ],
45 silly audit   'node-gtts': [ '2.0.2' ],
45 silly audit   'nth-check': [ '2.1.1' ],
45 silly audit   'oauth-sign': [ '0.9.0' ],
45 silly audit   'object-inspect': [ '1.13.4' ],
45 silly audit   'on-exit-leak-free': [ '2.1.2' ],
45 silly audit   onetime: [ '5.1.2' ],
45 silly audit   'p-queue': [ '9.3.3' ],
45 silly audit   'p-timeout': [ '7.0.1' ],
45 silly audit   parse5: [ '7.3.0' ],
45 silly audit   'parse5-htmlparser2-tree-adapter': [ '7.1.0' ],
45 silly audit   'parse5-parser-stream': [ '7.1.2' ],
45 silly audit   'performance-now': [ '2.1.0' ],
45 silly audit   picocolors: [ '1.1.1' ],
45 silly audit   pino: [ '9.14.0' ],
45 silly audit   'pino-abstract-transport': [ '2.0.0' ],
45 silly audit   'pino-std-serializers': [ '7.1.0' ],
45 silly audit   'process-nextick-args': [ '2.0.1' ],
45 silly audit   'process-warning': [ '5.1.0' ],
45 silly audit   protobufjs: [ '7.6.5' ],
45 silly audit   'proxy-from-env': [ '2.1.0' ],
45 silly audit   psl: [ '1.15.0' ],
45 silly audit   punycode: [ '2.3.1' ],
45 silly audit   qified: [ '0.10.1' ],
45 silly audit   'qrcode-terminal': [ '0.12.0' ],
45 silly audit   'quick-format-unescaped': [ '4.0.4' ],
45 silly audit   'readable-stream': [ '2.3.8' ],
45 silly audit   'real-require': [ '0.2.0' ],
45 silly audit   redstar: [ '0.0.2' ],
45 silly audit   request: [ '2.88.2' ],
45 silly audit   'restore-cursor': [ '3.1.0' ],
45 silly audit   'safe-buffer': [ '5.1.2' ],
45 silly audit   'safe-stable-stringify': [ '2.5.0' ],
45 silly audit   'safer-buffer': [ '2.1.2' ],
45 silly audit   semver: [ '7.8.5' ],
45 silly audit   sharp: [ '0.35.3' ],
45 silly audit   'side-channel': [ '1.1.1' ],
45 silly audit   'side-channel-list': [ '1.0.1' ],
45 silly audit   'side-channel-map': [ '1.0.1' ],
45 silly audit   'side-channel-weakmap': [ '1.0.2' ],
45 silly audit   'signal-exit': [ '3.0.7' ],
45 silly audit   'sonic-boom': [ '4.2.1' ],
45 silly audit   split2: [ '4.2.0' ],
45 silly audit   sshpk: [ '1.18.0' ],
45 silly audit   string_decoder: [ '1.1.1' ],
45 silly audit   'string-width': [ '2.1.1' ],
45 silly audit   'strip-ansi': [ '4.0.0' ],
45 silly audit   strtok3: [ '10.3.5' ],
45 silly audit   'thread-stream': [ '3.2.0' ],
45 silly audit   'token-types': [ '6.1.2' ],
45 silly audit   'tough-cookie': [ '2.5.0' ],
45 silly audit   tr46: [ '0.0.3' ],
45 silly audit   tslib: [ '2.8.1' ],
45 silly audit   ttys: [ '0.0.3' ],
45 silly audit   'tunnel-agent': [ '0.6.0' ],
45 silly audit   tweetnacl: [ '0.14.5' ],
45 silly audit   'uint8array-extras': [ '1.5.0' ],
45 silly audit   undici: [ '7.29.0' ],
45 silly audit   'undici-types': [ '8.3.0' ],
45 silly audit   'uri-js': [ '4.4.1' ],
45 silly audit   'util-deprecate': [ '1.0.2' ],
45 silly audit   uuid: [ '3.4.0' ],
45 silly audit   verror: [ '1.10.0' ],
45 silly audit   'webidl-conversions': [ '3.0.1' ],
45 silly audit   'whatsapp-rust-bridge': [ '0.5.4' ],
45 silly audit   'whatwg-encoding': [ '3.1.1' ],
45 silly audit   'whatwg-mimetype': [ '4.0.0' ],
45 silly audit   'whatwg-url': [ '5.0.0' ],
45 silly audit   which: [ '1.3.1' ],
45 silly audit   'win-guid': [ '0.2.1' ],
45 silly audit   ws: [ '8.21.2' ],
45 silly audit   'google-tts-api': [ '2.0.2' ],
45 silly audit   'node-fetch': [ '2.7.0' ],
45 silly audit   'yt-search': [ '2.13.1' ]
45 silly audit }
46 http fetch POST 200 https://registry.npmjs.org/-/npm/v1/security/advisories/bulk 393ms
47 silly audit report {
47 silly audit report   axios: [
47 silly audit report     {
47 silly audit report       id: 1111034,
47 silly audit report       url: 'https://github.com/advisories/GHSA-jr5f-v2jv-69x6',
47 silly audit report       title: 'axios Requests Vulnerable To Possible SSRF and Credential Leakage via Absolute URL',
47 silly audit report       severity: 'high',
47 silly audit report       vulnerable_versions: '<0.30.0',
47 silly audit report       cwe: [Array],
47 silly audit report       cvss: [Object]
47 silly audit report     },
47 silly audit report     {
47 silly audit report       id: 1119403,
47 silly audit report       url: 'https://github.com/advisories/GHSA-fvcv-3m26-pcqx',
47 silly audit report       title: 'Axios has Unrestricted Cloud Metadata Exfiltration via Header Injection Chain',
47 silly audit report       severity: 'moderate',
47 silly audit report       vulnerable_versions: '<0.31.0',
47 silly audit report       cwe: [Array],
47 silly audit report       cvss: [Object]
47 silly audit report     },
47 silly audit report     {
47 silly audit report       id: 1120124,
47 silly audit report       url: 'https://github.com/advisories/GHSA-62hf-57xw-28j9',
47 silly audit report       title: 'Axios: unbounded recursion in toFormData causes DoS via deeply nested request data',
47 silly audit report       severity: 'moderate',
47 silly audit report       vulnerable_versions: '<=0.31.0',
47 silly audit report       cwe: [Array],
47 silly audit report       cvss: [Object]
47 silly audit report     },
47 silly audit report     {
47 silly audit report       id: 1120546,
47 silly audit report       url: 'https://github.com/advisories/GHSA-hfxv-24rg-xrqf',
47 silly audit report       title: 'Axios: Regular Expression Denial of Service (ReDoS) via Cookie Name Injection',
47 silly audit report       severity: 'high',
47 silly audit report       vulnerable_versions: '<=0.31.1',
47 silly audit report       cwe: [Array],
47 silly audit report       cvss: [Object]
47 silly audit report     },
47 silly audit report     {
47 silly audit report       id: 1120644,
47 silly audit report       url: 'https://github.com/advisories/GHSA-p92q-9vqr-4j8v',
47 silly audit report       title: 'Axios: Proxy-Authorization Credential Leak to Origin Server Across HTTP-to-HTTPS Redirect in Axios Node.js HTTP Adapter',
47 silly audit report       severity: 'high',
47 silly audit report       vulnerable_versions: '<=0.31.1',
47 silly audit report       cwe: [Array],
47 silly audit report       cvss: [Object]
47 silly audit report     },
47 silly audit report     {
47 silly audit report       id: 1120646,
47 silly audit report       url: 'https://github.com/advisories/GHSA-j5f8-grm9-p9fc',
47 silly audit report       title: 'Axios: Proxy-Authorization header leaks to redirect target when proxy is re-evaluated to direct connection',
47 silly audit report       severity: 'high',
47 silly audit report       vulnerable_versions: '<=0.31.1',
47 silly audit report       cwe: [Array],
47 silly audit report       cvss: [Object]
47 silly audit report     },
47 silly audit report     {
47 silly audit report       id: 1120648,
47 silly audit report       url: 'https://github.com/advisories/GHSA-3g43-6gmg-66jw',
47 silly audit report       title: 'axios Vulnerable to Credential Theft and Response Hijacking via Prototype Pollution Gadget in Config Merge',
47 silly audit report       severity: 'high',
47 silly audit report       vulnerable_versions: '>=0.19.0 <0.31.1',
47 silly audit report       cwe: [Array],
47 silly audit report       cvss: [Object]
47 silly audit report     },
47 silly audit report     {
47 silly audit report       id: 1120651,
47 silly audit report       url: 'https://github.com/advisories/GHSA-898c-q2cr-xwhg',
47 silly audit report       title: 'axios has DoS & Header Injection via Prototype Pollution Read-Side Gadgets in axios merge functions',
47 silly audit report       severity: 'moderate',
47 silly audit report       vulnerable_versions: '<=0.31.1',
47 silly audit report       cwe: [Array],
47 silly audit report       cvss: [Object]
47 silly audit report     },
47 silly audit report     {
47 silly audit report       id: 1116672,
47 silly audit report       url: 'https://github.com/advisories/GHSA-3p68-rc4w-qgx5',
47 silly audit report       title: 'Axios has a NO_PROXY Hostname Normalization Bypass that Leads to SSRF',
47 silly audit report       severity: 'moderate',
47 silly audit report       vulnerable_versions: '<0.31.0',
47 silly audit report       cwe: [Array],
47 silly audit report       cvss: [Object]
47 silly audit report     },
47 silly audit report     {
47 silly audit report       id: 1117573,
47 silly audit report       url: 'https://github.com/advisories/GHSA-w9j2-pvgh-6h63',
47 silly audit report       title: 'Axios: Authentication Bypass via Prototype Pollution Gadget in `validateStatus` Merge Strategy',
47 silly audit report       severity: 'moderate',
47 silly audit report       vulnerable_versions: '<=0.31.0',
47 silly audit report       cwe: [Array],
47 silly audit report       cvss: [Object]
47 silly audit report     },
47 silly audit report     {
47 silly audit report       id: 1117575,
47 silly audit report       url: 'https://github.com/advisories/GHSA-pmwg-cvhr-8vh7',
47 silly audit report       title: 'Axios: Incomplete Fix for CVE-2025-62718 — NO_PROXY Protection Bypassed via RFC 1122 Loopback Subnet (127.0.0.0/8) in Axios 1.15.0',
47 silly audit report       severity: 'high',
47 silly audit report       vulnerable_versions: '<=0.31.0',
47 silly audit report       cwe: [Array],
47 silly audit report       cvss: [Object]
47 silly audit report     },
47 silly audit report     {
47 silly audit report       id: 1117579,
47 silly audit report       url: 'https://github.com/advisories/GHSA-xhjh-pmcv-23jw',
47 silly audit report       title: 'Axios: Null Byte Injection via Reverse-Encoding in AxiosURLSearchParams',
47 silly audit report       severity: 'low',
47 silly audit report       vulnerable_versions: '<=0.31.0',
47 silly audit report       cwe: [Array],
47 silly audit report       cvss: [Object]
47 silly audit report     },
47 silly audit report     {
47 silly audit report       id: 1117582,
47 silly audit report       url: 'https://github.com/advisories/GHSA-m7pr-hjqh-92cm',
47 silly audit report       title: 'Axios: no_proxy bypass via IP alias allows SSRF',
47 silly audit report       severity: 'moderate',
47 silly audit report       vulnerable_versions: '<=0.31.0',
47 silly audit report       cwe: [Array],
47 silly audit report       cvss: [Object]
47 silly audit report     },
47 silly audit report     {
47 silly audit report       id: 1117586,
47 silly audit report       url: 'https://github.com/advisories/GHSA-5c9x-8gcm-mpgx',
47 silly audit report       title: "Axios' HTTP adapter-streamed uploads bypass maxBodyLength when maxRedirects: 0",
47 silly audit report       severity: 'moderate',
47 silly audit report       vulnerable_versions: '<=0.31.0',
47 silly audit report       cwe: [Array],
47 silly audit report       cvss: [Object]
47 silly audit report     },
47 silly audit report     {
47 silly audit report       id: 1117588,
47 silly audit report       url: 'https://github.com/advisories/GHSA-vf2m-468p-8v99',
47 silly audit report       title: 'Axios: HTTP adapter streamed responses bypass maxContentLength',
47 silly audit report       severity: 'moderate',
47 silly audit report       vulnerable_versions: '<=0.31.0',
47 silly audit report       cwe: [Array],
47 silly audit report       cvss: [Object]
47 silly audit report     },
47 silly audit report     {
47 silly audit report       id: 1117590,
47 silly audit report       url: 'https://github.com/advisories/GHSA-pf86-5x62-jrwf',
47 silly audit report       title: 'Axios: Prototype Pollution Gadgets - Response Tampering, Data Exfiltration, and Request Hijacking',
47 silly audit report       severity: 'high',
47 silly audit report       vulnerable_versions: '<=0.31.0',
47 silly audit report       cwe: [Array],
47 silly audit report       cvss: [Object]
47 silly audit report     },
47 silly audit report     {
47 silly audit report       id: 1117592,
47 silly audit report       url: 'https://github.com/advisories/GHSA-6chq-wfr3-2hj9',
47 silly audit report       title: 'Axios: Header Injection via Prototype Pollution',
47 silly audit report       severity: 'high',
47 silly audit report       vulnerable_versions: '<=0.31.0',
47 silly audit report       cwe: [Array],
47 silly audit report       cvss: [Object]
47 silly audit report     },
47 silly audit report     {
47 silly audit report       id: 1117594,
47 silly audit report       url: 'https://github.com/advisories/GHSA-xx6v-rp6x-q39c',
47 silly audit report       title: 'Axios: XSRF Token Cross-Origin Leakage via Prototype Pollution Gadget in `withXSRFToken` Boolean Coercion',
47 silly audit report       severity: 'moderate',
47 silly audit report       vulnerable_versions: '<=0.31.0',
47 silly audit report       cwe: [Array],
47 silly audit report       cvss: [Object]
47 silly audit report     },
47 silly audit report     {
47 silly audit report       id: 1117857,
47 silly audit report       url: 'https://github.com/advisories/GHSA-43fc-jf86-j433',
47 silly audit report       title: 'Axios is Vulnerable to Denial of Service via __proto__ Key in mergeConfig',
47 silly audit report       severity: 'high',
47 silly audit report       vulnerable_versions: '<=0.30.2',
47 silly audit report       cwe: [Array],
47 silly audit report       cvss: [Object]
47 silly audit report     },
47 silly audit report     {
47 silly audit report       id: 1123825,
47 silly audit report       url: 'https://github.com/advisories/GHSA-pjwm-pj3p-43mv',
47 silly audit report       title: "axios's shouldBypassProxy does not recognize IPv4-mapped IPv6 addresses, allowing NO_PROXY bypass (incomplete fix for CVE-2025-62718)",
47 silly audit report       severity: 'high',
47 silly audit report       vulnerable_versions: '<=0.31.1',
47 silly audit report       cwe: [Array],
47 silly audit report       cvss: [Object]
47 silly audit report     },
47 silly audit report     {
47 silly audit report       id: 1123958,
47 silly audit report       url: 'https://github.com/advisories/GHSA-mmx7-hfxf-jppx',
47 silly audit report       title: 'Axios: Prototype pollution gadgets can alter axios request construction',
47 silly audit report       severity: 'moderate',
47 silly audit report       vulnerable_versions: '<0.33.0',
47 silly audit report       cwe: [Array],
47 silly audit report       cvss: [Object]
47 silly audit report     },
47 silly audit report     {
47 silly audit report       id: 1123972,
47 silly audit report       url: 'https://github.com/advisories/GHSA-7q8q-rj6j-mhjq',
47 silly audit report       title: 'Axios: Nested axios option objects can consume polluted prototype values',
47 silly audit report       severity: 'moderate',
47 silly audit report       vulnerable_versions: '>=0.8.0 <0.33.0',
47 silly audit report       cwe: [Array],
47 silly audit report       cvss: [Object]
47 silly audit report     },
47 silly audit report     {
47 silly audit report       id: 1097679,
47 silly audit report       url: 'https://github.com/advisories/GHSA-wf5p-g6vw-rhxx',
47 silly audit report       title: 'Axios Cross-Site Request Forgery Vulnerability',
47 silly audit report       severity: 'moderate',
47 silly audit report       vulnerable_versions: '>=0.8.1 <0.28.0',
47 silly audit report       cwe: [Array],
47 silly audit report       cvss: [Object]
47 silly audit report     }
47 silly audit report   ],
47 silly audit report   'form-data': [
47 silly audit report     {
47 silly audit report       id: 1109540,
47 silly audit report       url: 'https://github.com/advisories/GHSA-fjxv-7rqg-78g4',
47 silly audit report       title: 'form-data uses unsafe random function in form-data for choosing boundary',
47 silly audit report       severity: 'critical',
47 silly audit report       vulnerable_versions: '<2.5.4',
47 silly audit report       cwe: [Array],
47 silly audit report       cvss: [Object]
47 silly audit report     },
47 silly audit report     {
47 silly audit report       id: 1120745,
47 silly audit report       url: 'https://github.com/advisories/GHSA-hmw2-7cc7-3qxx',
47 silly audit report       title: 'form-data: CRLF injection in form-data via unescaped multipart field names and filenames',
47 silly audit report       severity: 'high',
47 silly audit report       vulnerable_versions: '<2.5.6',
47 silly audit report       cwe: [Array],
47 silly audit report       cvss: [Object]
47 silly audit report     }
47 silly audit report   ],
47 silly audit report   qs: [
47 silly audit report     {
47 silly audit report       id: 1113719,
47 silly audit report       url: 'https://github.com/advisories/GHSA-6rw7-vpxm-498p',
47 silly audit report       title: "qs's arrayLimit bypass in its bracket notation allows DoS via memory exhaustion",
47 silly audit report       severity: 'moderate',
47 silly audit report       vulnerable_versions: '<6.14.1',
47 silly audit report       cwe: [Array],
47 silly audit report       cvss: [Object]
47 silly audit report     }
47 silly audit report   ],
47 silly audit report   minimatch: [
47 silly audit report     {
47 silly audit report       id: 1113459,
47 silly audit report       url: 'https://github.com/advisories/GHSA-3ppc-4f35-3m26',
47 silly audit report       title: 'minimatch has a ReDoS via repeated wildcards with non-matching literal in pattern',
47 silly audit report       severity: 'high',
47 silly audit report       vulnerable_versions: '<3.1.3',
47 silly audit report       cwe: [Array],
47 silly audit report       cvss: [Object]
47 silly audit report     },
47 silly audit report     {
47 silly audit report       id: 1113538,
47 silly audit report       url: 'https://github.com/advisories/GHSA-7r86-cg39-jmmj',
47 silly audit report       title: 'minimatch has ReDoS: matchOne() combinatorial backtracking via multiple non-adjacent GLOBSTAR segments',
47 silly audit report       severity: 'high',
47 silly audit report       vulnerable_versions: '<3.1.3',
47 silly audit report       cwe: [Array],
47 silly audit report       cvss: [Object]
47 silly audit report     },
47 silly audit report     {
47 silly audit report       id: 1113546,
47 silly audit report       url: 'https://github.com/advisories/GHSA-23c5-xmqv-rm74',
47 silly audit report       title: 'minimatch ReDoS: nested *() extglobs generate catastrophically backtracking regular expressions',
47 silly audit report       severity: 'high',
47 silly audit report       vulnerable_versions: '<3.1.4',
47 silly audit report       cwe: [Array],
47 silly audit report       cvss: [Object]
47 silly audit report     }
47 silly audit report   ],
47 silly audit report   request: [
47 silly audit report     {
47 silly audit report       id: 1096727,
47 silly audit report       url: 'https://github.com/advisories/GHSA-p8p7-x288-28g6',
47 silly audit report       title: 'Server-Side Request Forgery in Request',
47 silly audit report       severity: 'moderate',
47 silly audit report       vulnerable_versions: '<=2.88.2',
47 silly audit report       cwe: [Array],
47 silly audit report       cvss: [Object]
47 silly audit report     }
47 silly audit report   ],
47 silly audit report   'tough-cookie': [
47 silly audit report     {
47 silly audit report       id: 1097682,
47 silly audit report       url: 'https://github.com/advisories/GHSA-72xf-g2v4-qvf3',
47 silly audit report       title: 'tough-cookie Prototype Pollution vulnerability',
47 silly audit report       severity: 'moderate',
47 silly audit report       vulnerable_versions: '<4.1.3',
47 silly audit report       cwe: [Array],
47 silly audit report       cvss: [Object]
47 silly audit report     }
47 silly audit report   ],
47 silly audit report   uuid: [
47 silly audit report     {
47 silly audit report       id: 1119441,
47 silly audit report       url: 'https://github.com/advisories/GHSA-w5hq-g745-h8pq',
47 silly audit report       title: 'uuid: Missing buffer bounds check in v3/v5/v6 when buf is provided',
47 silly audit report       severity: 'moderate',
47 silly audit report       vulnerable_versions: '<11.1.1',
47 silly audit report       cwe: [Array],
47 silly audit report       cvss: [Object]
47 silly audit report     }
47 silly audit report   ]
47 silly audit report }
48 silly packumentCache corgi:https://registry.npmjs.org/axios cache-miss
49 silly packumentCache corgi:https://registry.npmjs.org/form-data cache-miss
50 silly packumentCache corgi:https://registry.npmjs.org/qs cache-miss
51 silly packumentCache corgi:https://registry.npmjs.org/minimatch cache-miss
52 silly packumentCache corgi:https://registry.npmjs.org/request cache-miss
53 silly packumentCache corgi:https://registry.npmjs.org/tough-cookie cache-miss
54 silly packumentCache corgi:https://registry.npmjs.org/uuid cache-miss
55 http fetch GET 200 https://registry.npmjs.org/qs 121ms (cache revalidated)
56 silly packumentCache corgi:https://registry.npmjs.org/qs set size:148003 disposed:false
57 http fetch GET 200 https://registry.npmjs.org/uuid 284ms (cache revalidated)
58 silly packumentCache corgi:https://registry.npmjs.org/uuid set size:82973 disposed:false
59 http fetch GET 200 https://registry.npmjs.org/minimatch 294ms (cache revalidated)
60 silly packumentCache corgi:https://registry.npmjs.org/minimatch set size:169442 disposed:false
61 http fetch GET 200 https://registry.npmjs.org/request 308ms (cache revalidated)
62 silly packumentCache corgi:https://registry.npmjs.org/request set size:129997 disposed:false
63 http fetch GET 200 https://registry.npmjs.org/form-data 327ms (cache revalidated)
64 silly packumentCache corgi:https://registry.npmjs.org/form-data set size:55002 disposed:false
65 http fetch GET 200 https://registry.npmjs.org/axios 340ms (cache revalidated)
66 silly packumentCache corgi:https://registry.npmjs.org/axios set size:299759 disposed:false
67 http fetch GET 200 https://registry.npmjs.org/tough-cookie 343ms (cache revalidated)
68 silly packumentCache corgi:https://registry.npmjs.org/tough-cookie set size:57569 disposed:false
69 silly packumentCache corgi:https://registry.npmjs.org/google-tts-api cache-miss
70 http fetch GET 200 https://registry.npmjs.org/google-tts-api 285ms (cache revalidated)
71 silly packumentCache corgi:https://registry.npmjs.org/google-tts-api set size:13872 disposed:false
72 silly packumentCache corgi:https://registry.npmjs.org/redstar cache-miss
73 http fetch GET 200 https://registry.npmjs.org/redstar 300ms (cache revalidated)
74 silly packumentCache corgi:https://registry.npmjs.org/redstar set size:1262 disposed:false
75 silly packumentCache corgi:https://registry.npmjs.org/node-gtts cache-miss
76 http fetch GET 200 https://registry.npmjs.org/node-gtts 291ms (cache revalidated)
77 silly packumentCache corgi:https://registry.npmjs.org/node-gtts set size:4413 disposed:false
78 silly packumentCache corgi:https://registry.npmjs.org/node-fzf cache-miss
79 http fetch GET 200 https://registry.npmjs.org/node-fzf 306ms (cache revalidated)
80 silly packumentCache corgi:https://registry.npmjs.org/node-fzf set size:42290 disposed:false
81 silly packumentCache corgi:https://registry.npmjs.org/yt-search cache-miss
82 http fetch GET 200 https://registry.npmjs.org/yt-search 305ms (cache revalidated)
83 silly packumentCache corgi:https://registry.npmjs.org/yt-search set size:126336 disposed:false
84 warn allow-scripts 2 packages have install scripts not yet covered by allowScripts:
84 warn allow-scripts   @whiskeysockets/baileys@7.0.0-rc14 (preinstall: node ./engine-requirements.js)
84 warn allow-scripts   protobufjs@7.6.5 (postinstall: node scripts/postinstall)
84 warn allow-scripts
84 warn allow-scripts Run `npm approve-scripts --allow-scripts-pending` to review, or `npm approve-scripts <pkg>` to allow.
85 verbose cwd /data/data/com.termux/files/home
86 verbose os Linux 4.19.157-perf+
87 verbose node v26.3.1
88 verbose npm  v11.17.0
89 verbose exit 0
90 info ok
