0 verbose cli /data/data/com.termux/files/usr/bin/node /data/data/com.termux/files/usr/bin/npm
1 info using npm@11.17.0
2 info using node@v26.3.1
3 silly config load:file:/data/data/com.termux/files/usr/lib/node_modules/npm/npmrc
4 silly config load:file:/data/data/com.termux/files/home/.npmrc
5 silly config load:file:/data/data/com.termux/files/usr/etc/npmrc
6 verbose title npm install google-tts-api
7 verbose argv "install" "google-tts-api"
8 verbose logfile logs-max:10 dir:/data/data/com.termux/files/home/.npm/_logs/2026-08-06T13_18_49_798Z-
9 verbose logfile /data/data/com.termux/files/home/.npm/_logs/2026-08-06T13_18_49_798Z-debug-0.log
10 silly logfile start cleaning logs, removing 1 files
11 silly logfile done cleaning log files
12 silly packumentCache heap:1174405120 maxSize:293601280 maxEntrySize:146800640
13 verbose shrinkwrap failed to load node_modules/.package-lock.json out of date, updated: node_modules
14 silly idealTree buildDeps
15 silly fetch manifest google-tts-api@*
16 silly packumentCache full:https://registry.npmjs.org/google-tts-api cache-miss
17 http cache https://registry.npmjs.org/google-tts-api 145ms (cache hit)
18 silly packumentCache full:https://registry.npmjs.org/google-tts-api set size:30562 disposed:false
19 silly placeDep ROOT google-tts-api@2.0.2 OK for: home@1.0.0 want: *
20 silly fetch manifest axios@^0.21.0
21 silly packumentCache full:https://registry.npmjs.org/axios cache-miss
22 http cache https://registry.npmjs.org/axios 342ms (cache hit)
23 silly packumentCache full:https://registry.npmjs.org/axios set size:850874 disposed:false
24 silly placeDep node_modules/google-tts-api axios@0.21.4 OK for: google-tts-api@2.0.2 want: ^0.21.0
25 silly reify moves {}
26 silly audit bulk request {
26 silly audit   '@borewit/text-codec': [ '0.2.2' ],
26 silly audit   '@cacheable/memory': [ '2.2.0' ],
26 silly audit   '@cacheable/node-cache': [ '1.7.6' ],
26 silly audit   '@cacheable/utils': [ '2.5.0' ],
26 silly audit   '@emnapi/runtime': [ '1.11.3' ],
26 silly audit   '@hapi/boom': [ '9.1.4' ],
26 silly audit   '@hapi/hoek': [ '9.3.0' ],
26 silly audit   '@img/colour': [ '1.1.0' ],
26 silly audit   '@img/sharp-darwin-arm64': [ '0.35.3' ],
26 silly audit   '@img/sharp-darwin-x64': [ '0.35.3' ],
26 silly audit   '@img/sharp-freebsd-wasm32': [ '0.35.3' ],
26 silly audit   '@img/sharp-libvips-darwin-arm64': [ '1.3.2' ],
26 silly audit   '@img/sharp-libvips-darwin-x64': [ '1.3.2' ],
26 silly audit   '@img/sharp-libvips-linux-arm': [ '1.3.2' ],
26 silly audit   '@img/sharp-libvips-linux-arm64': [ '1.3.2' ],
26 silly audit   '@img/sharp-libvips-linux-ppc64': [ '1.3.2' ],
26 silly audit   '@img/sharp-libvips-linux-riscv64': [ '1.3.2' ],
26 silly audit   '@img/sharp-libvips-linux-s390x': [ '1.3.2' ],
26 silly audit   '@img/sharp-libvips-linux-x64': [ '1.3.2' ],
26 silly audit   '@img/sharp-libvips-linuxmusl-arm64': [ '1.3.2' ],
26 silly audit   '@img/sharp-libvips-linuxmusl-x64': [ '1.3.2' ],
26 silly audit   '@img/sharp-linux-arm': [ '0.35.3' ],
26 silly audit   '@img/sharp-linux-arm64': [ '0.35.3' ],
26 silly audit   '@img/sharp-linux-ppc64': [ '0.35.3' ],
26 silly audit   '@img/sharp-linux-riscv64': [ '0.35.3' ],
26 silly audit   '@img/sharp-linux-s390x': [ '0.35.3' ],
26 silly audit   '@img/sharp-linux-x64': [ '0.35.3' ],
26 silly audit   '@img/sharp-linuxmusl-arm64': [ '0.35.3' ],
26 silly audit   '@img/sharp-linuxmusl-x64': [ '0.35.3' ],
26 silly audit   '@img/sharp-wasm32': [ '0.35.3' ],
26 silly audit   '@img/sharp-webcontainers-wasm32': [ '0.35.3' ],
26 silly audit   '@img/sharp-win32-arm64': [ '0.35.3' ],
26 silly audit   '@img/sharp-win32-ia32': [ '0.35.3' ],
26 silly audit   '@img/sharp-win32-x64': [ '0.35.3' ],
26 silly audit   '@jsep-plugin/assignment': [ '1.3.0' ],
26 silly audit   '@jsep-plugin/regex': [ '1.0.4' ],
26 silly audit   '@keyv/bigmap': [ '1.3.1' ],
26 silly audit   '@keyv/serialize': [ '1.1.1' ],
26 silly audit   '@pinojs/redact': [ '0.4.0' ],
26 silly audit   '@protobufjs/aspromise': [ '1.1.2' ],
26 silly audit   '@protobufjs/base64': [ '1.1.2' ],
26 silly audit   '@protobufjs/codegen': [ '2.0.5' ],
26 silly audit   '@protobufjs/eventemitter': [ '1.1.1' ],
26 silly audit   '@protobufjs/fetch': [ '1.1.1' ],
26 silly audit   '@protobufjs/float': [ '1.0.2' ],
26 silly audit   '@protobufjs/path': [ '1.1.2' ],
26 silly audit   '@protobufjs/pool': [ '1.1.0' ],
26 silly audit   '@protobufjs/utf8': [ '1.1.2' ],
26 silly audit   '@tokenizer/inflate': [ '0.4.1' ],
26 silly audit   '@tokenizer/token': [ '0.3.0' ],
26 silly audit   '@types/node': [ '26.1.2' ],
26 silly audit   '@whiskeysockets/baileys': [ '7.0.0-rc14' ],
26 silly audit   'agent-base': [ '6.0.2' ],
26 silly audit   ajv: [ '6.15.0' ],
26 silly audit   'ansi-regex': [ '3.0.1' ],
26 silly audit   asn1: [ '0.2.6' ],
26 silly audit   'assert-plus': [ '1.0.0' ],
26 silly audit   async: [ '0.2.10', '2.6.4' ],
26 silly audit   'async-mutex': [ '0.5.0' ],
26 silly audit   'async.parallellimit': [ '0.5.2' ],
26 silly audit   'async.util.eachoflimit': [ '0.5.2' ],
26 silly audit   'async.util.isarray': [ '0.5.2' ],
26 silly audit   'async.util.isarraylike': [ '0.5.2' ],
26 silly audit   'async.util.keyiterator': [ '0.5.2' ],
26 silly audit   'async.util.keys': [ '0.5.2' ],
26 silly audit   'async.util.noop': [ '0.5.2' ],
26 silly audit   'async.util.once': [ '0.5.2' ],
26 silly audit   'async.util.onlyonce': [ '0.5.2' ],
26 silly audit   'async.util.parallel': [ '0.5.2' ],
26 silly audit   'async.util.restparam': [ '0.5.2' ],
26 silly audit   asynckit: [ '0.4.0' ],
26 silly audit   'atomic-sleep': [ '1.0.0' ],
26 silly audit   'aws-sign2': [ '0.7.0' ],
26 silly audit   aws4: [ '1.13.2' ],
26 silly audit   axios: [ '1.19.0', '0.21.4' ],
26 silly audit   'balanced-match': [ '1.0.2' ],
26 silly audit   'bcrypt-pbkdf': [ '1.0.2' ],
26 silly audit   boolbase: [ '1.0.0' ],
26 silly audit   boolstring: [ '2.0.1' ],
26 silly audit   'brace-expansion': [ '1.1.18' ],
26 silly audit   cacheable: [ '2.5.0' ],
26 silly audit   'call-bind-apply-helpers': [ '1.0.2' ],
26 silly audit   'call-bound': [ '1.0.4' ],
26 silly audit   caseless: [ '0.12.0' ],
26 silly audit   cheerio: [ '1.2.0' ],
26 silly audit   'cheerio-select': [ '2.1.0' ],
26 silly audit   'combined-stream': [ '1.0.8' ],
26 silly audit   'concat-map': [ '0.0.1' ],
26 silly audit   'content-type': [ '2.0.0' ],
26 silly audit   'core-util-is': [ '1.0.3', '1.0.2' ],
26 silly audit   'css-select': [ '5.2.2' ],
26 silly audit   'css-what': [ '6.2.2' ],
26 silly audit   'curve25519-js': [ '0.0.4' ],
26 silly audit   dashdash: [ '1.14.1' ],
26 silly audit   dasu: [ '0.4.3' ],
26 silly audit   debug: [ '4.4.3' ],
26 silly audit   'delayed-stream': [ '1.0.0' ],
26 silly audit   'detect-libc': [ '2.1.2' ],
26 silly audit   'dom-serializer': [ '2.0.0' ],
26 silly audit   domelementtype: [ '2.3.0' ],
26 silly audit   domhandler: [ '5.0.3' ],
26 silly audit   domutils: [ '3.2.2' ],
26 silly audit   'dunder-proto': [ '1.0.1' ],
26 silly audit   'ecc-jsbn': [ '0.1.2' ],
26 silly audit   'encoding-sniffer': [ '0.2.1' ],
26 silly audit   entities: [ '4.5.0', '7.0.1', '6.0.1' ],
26 silly audit   'es-define-property': [ '1.0.1' ],
26 silly audit   'es-errors': [ '1.3.0' ],
26 silly audit   'es-object-atoms': [ '1.1.2' ],
26 silly audit   'es-set-tostringtag': [ '2.1.0' ],
26 silly audit   'escape-string-regexp': [ '1.0.5' ],
26 silly audit   eventemitter3: [ '5.0.4' ],
26 silly audit   extend: [ '3.0.2' ],
26 silly audit   extsprintf: [ '1.3.0' ],
26 silly audit   'fake-useragent': [ '1.0.1' ],
26 silly audit   'fast-deep-equal': [ '3.1.3' ],
26 silly audit   'fast-json-stable-stringify': [ '2.1.0' ],
26 silly audit   'file-type': [ '21.3.4' ],
26 silly audit   'fluent-ffmpeg': [ '2.1.3' ],
26 silly audit   'follow-redirects': [ '1.16.0' ],
26 silly audit   'forever-agent': [ '0.6.1' ],
26 silly audit   'form-data': [ '4.0.6', '2.3.3' ],
26 silly audit   'function-bind': [ '1.1.2' ],
26 silly audit   'get-intrinsic': [ '1.3.0' ],
26 silly audit   'get-proto': [ '1.0.1' ],
26 silly audit   getpass: [ '0.1.7' ],
26 silly audit   gopd: [ '1.2.0' ],
26 silly audit   'har-schema': [ '2.0.0' ],
26 silly audit   'har-validator': [ '5.1.5' ],
26 silly audit   'has-symbols': [ '1.1.0' ],
26 silly audit   'has-tostringtag': [ '1.0.2' ],
26 silly audit   hashery: [ '1.5.1' ],
26 silly audit   hasown: [ '2.0.4' ],
26 silly audit   hookified: [ '1.15.1', '2.2.0' ],
26 silly audit   htmlparser2: [ '10.1.0' ],
26 silly audit   'http-signature': [ '1.2.0' ],
26 silly audit   'https-proxy-agent': [ '5.0.1' ],
26 silly audit   'human-time': [ '0.0.2' ],
26 silly audit   'iconv-lite': [ '0.6.3' ],
26 silly audit   ieee754: [ '1.2.1' ],
26 silly audit   inherits: [ '2.0.4' ],
26 silly audit   'instagram-url-direct': [ '2.0.7' ],
26 silly audit   qs: [ '6.15.3', '6.5.5' ],
26 silly audit   'is-fullwidth-code-point': [ '2.0.0' ],
26 silly audit   'is-typedarray': [ '1.0.0' ],
26 silly audit   isarray: [ '1.0.0' ],
26 silly audit   isexe: [ '2.0.0' ],
26 silly audit   isstream: [ '0.1.2' ],
26 silly audit   jsbn: [ '0.1.1' ],
26 silly audit   jsep: [ '1.4.0' ],
26 silly audit   'json-schema': [ '0.4.0' ],
26 silly audit   'json-schema-traverse': [ '0.4.1' ],
26 silly audit   'json-stringify-safe': [ '5.0.1' ],
26 silly audit   'jsonpath-plus': [ '10.3.0' ],
26 silly audit   jsprim: [ '1.4.2' ],
26 silly audit   keypress: [ '0.2.1' ],
26 silly audit   keyv: [ '5.6.0' ],
26 silly audit   libsignal: [ '6.0.0' ],
26 silly audit   lodash: [ '4.18.1' ],
26 silly audit   long: [ '5.3.2' ],
26 silly audit   'lru-cache': [ '11.5.2' ],
26 silly audit   'math-intrinsics': [ '1.1.0' ],
26 silly audit   'media-typer': [ '2.0.0' ],
26 silly audit   'mime-db': [ '1.52.0' ],
26 silly audit   'mime-types': [ '2.1.35' ],
26 silly audit   'mimic-fn': [ '2.1.0' ],
26 silly audit   minimatch: [ '3.0.8' ],
26 silly audit   minimist: [ '1.2.8' ],
26 silly audit   ms: [ '2.1.3' ],
26 silly audit   multistream: [ '2.1.1' ],
26 silly audit   'music-metadata': [ '11.14.0' ],
26 silly audit   'node-fetch': [ '2.7.0' ],
26 silly audit   'node-fzf': [ '0.14.0' ],
26 silly audit   'node-gtts': [ '2.0.2' ],
26 silly audit   'nth-check': [ '2.1.1' ],
26 silly audit   'oauth-sign': [ '0.9.0' ],
26 silly audit   'object-inspect': [ '1.13.4' ],
26 silly audit   'on-exit-leak-free': [ '2.1.2' ],
26 silly audit   onetime: [ '5.1.2' ],
26 silly audit   'p-queue': [ '9.3.3' ],
26 silly audit   'p-timeout': [ '7.0.1' ],
26 silly audit   parse5: [ '7.3.0' ],
26 silly audit   'parse5-htmlparser2-tree-adapter': [ '7.1.0' ],
26 silly audit   'parse5-parser-stream': [ '7.1.2' ],
26 silly audit   'performance-now': [ '2.1.0' ],
26 silly audit   picocolors: [ '1.1.1' ],
26 silly audit   pino: [ '9.14.0' ],
26 silly audit   'pino-abstract-transport': [ '2.0.0' ],
26 silly audit   'pino-std-serializers': [ '7.1.0' ],
26 silly audit   'process-nextick-args': [ '2.0.1' ],
26 silly audit   'process-warning': [ '5.1.0' ],
26 silly audit   protobufjs: [ '7.6.5' ],
26 silly audit   'proxy-from-env': [ '2.1.0' ],
26 silly audit   psl: [ '1.15.0' ],
26 silly audit   punycode: [ '2.3.1' ],
26 silly audit   qified: [ '0.10.1' ],
26 silly audit   'qrcode-terminal': [ '0.12.0' ],
26 silly audit   'quick-format-unescaped': [ '4.0.4' ],
26 silly audit   'readable-stream': [ '2.3.8' ],
26 silly audit   'real-require': [ '0.2.0' ],
26 silly audit   redstar: [ '0.0.2' ],
26 silly audit   request: [ '2.88.2' ],
26 silly audit   'restore-cursor': [ '3.1.0' ],
26 silly audit   'safe-buffer': [ '5.1.2' ],
26 silly audit   'safe-stable-stringify': [ '2.5.0' ],
26 silly audit   'safer-buffer': [ '2.1.2' ],
26 silly audit   semver: [ '7.8.5' ],
26 silly audit   sharp: [ '0.35.3' ],
26 silly audit   'side-channel': [ '1.1.1' ],
26 silly audit   'side-channel-list': [ '1.0.1' ],
26 silly audit   'side-channel-map': [ '1.0.1' ],
26 silly audit   'side-channel-weakmap': [ '1.0.2' ],
26 silly audit   'signal-exit': [ '3.0.7' ],
26 silly audit   'sonic-boom': [ '4.2.1' ],
26 silly audit   split2: [ '4.2.0' ],
26 silly audit   sshpk: [ '1.18.0' ],
26 silly audit   string_decoder: [ '1.1.1' ],
26 silly audit   'string-width': [ '2.1.1' ],
26 silly audit   'strip-ansi': [ '4.0.0' ],
26 silly audit   strtok3: [ '10.3.5' ],
26 silly audit   'thread-stream': [ '3.2.0' ],
26 silly audit   'token-types': [ '6.1.2' ],
26 silly audit   'tough-cookie': [ '2.5.0' ],
26 silly audit   tr46: [ '0.0.3' ],
26 silly audit   tslib: [ '2.8.1' ],
26 silly audit   ttys: [ '0.0.3' ],
26 silly audit   'tunnel-agent': [ '0.6.0' ],
26 silly audit   tweetnacl: [ '0.14.5' ],
26 silly audit   'uint8array-extras': [ '1.5.0' ],
26 silly audit   undici: [ '7.29.0' ],
26 silly audit   'undici-types': [ '8.3.0' ],
26 silly audit   'uri-js': [ '4.4.1' ],
26 silly audit   'util-deprecate': [ '1.0.2' ],
26 silly audit   uuid: [ '3.4.0' ],
26 silly audit   verror: [ '1.10.0' ],
26 silly audit   'webidl-conversions': [ '3.0.1' ],
26 silly audit   'whatsapp-rust-bridge': [ '0.5.4' ],
26 silly audit   'whatwg-encoding': [ '3.1.1' ],
26 silly audit   'whatwg-mimetype': [ '4.0.0' ],
26 silly audit   'whatwg-url': [ '5.0.0' ],
26 silly audit   which: [ '1.3.1' ],
26 silly audit   'win-guid': [ '0.2.1' ],
26 silly audit   ws: [ '8.21.2' ],
26 silly audit   'yt-search': [ '2.13.1' ],
26 silly audit   'google-tts-api': [ '2.0.2' ]
26 silly audit }
27 http cache google-tts-api@https://registry.npmjs.org/google-tts-api/-/google-tts-api-2.0.2.tgz 0ms (cache hit)
28 http cache axios@https://registry.npmjs.org/axios/-/axios-0.21.4.tgz 0ms (cache hit)
29 http fetch POST 200 https://registry.npmjs.org/-/npm/v1/security/advisories/bulk 929ms
30 silly audit report {
30 silly audit report   axios: [
30 silly audit report     {
30 silly audit report       id: 1111034,
30 silly audit report       url: 'https://github.com/advisories/GHSA-jr5f-v2jv-69x6',
30 silly audit report       title: 'axios Requests Vulnerable To Possible SSRF and Credential Leakage via Absolute URL',
30 silly audit report       severity: 'high',
30 silly audit report       vulnerable_versions: '<0.30.0',
30 silly audit report       cwe: [Array],
30 silly audit report       cvss: [Object]
30 silly audit report     },
30 silly audit report     {
30 silly audit report       id: 1119403,
30 silly audit report       url: 'https://github.com/advisories/GHSA-fvcv-3m26-pcqx',
30 silly audit report       title: 'Axios has Unrestricted Cloud Metadata Exfiltration via Header Injection Chain',
30 silly audit report       severity: 'moderate',
30 silly audit report       vulnerable_versions: '<0.31.0',
30 silly audit report       cwe: [Array],
30 silly audit report       cvss: [Object]
30 silly audit report     },
30 silly audit report     {
30 silly audit report       id: 1120124,
30 silly audit report       url: 'https://github.com/advisories/GHSA-62hf-57xw-28j9',
30 silly audit report       title: 'Axios: unbounded recursion in toFormData causes DoS via deeply nested request data',
30 silly audit report       severity: 'moderate',
30 silly audit report       vulnerable_versions: '<=0.31.0',
30 silly audit report       cwe: [Array],
30 silly audit report       cvss: [Object]
30 silly audit report     },
30 silly audit report     {
30 silly audit report       id: 1120546,
30 silly audit report       url: 'https://github.com/advisories/GHSA-hfxv-24rg-xrqf',
30 silly audit report       title: 'Axios: Regular Expression Denial of Service (ReDoS) via Cookie Name Injection',
30 silly audit report       severity: 'high',
30 silly audit report       vulnerable_versions: '<=0.31.1',
30 silly audit report       cwe: [Array],
30 silly audit report       cvss: [Object]
30 silly audit report     },
30 silly audit report     {
30 silly audit report       id: 1120644,
30 silly audit report       url: 'https://github.com/advisories/GHSA-p92q-9vqr-4j8v',
30 silly audit report       title: 'Axios: Proxy-Authorization Credential Leak to Origin Server Across HTTP-to-HTTPS Redirect in Axios Node.js HTTP Adapter',
30 silly audit report       severity: 'high',
30 silly audit report       vulnerable_versions: '<=0.31.1',
30 silly audit report       cwe: [Array],
30 silly audit report       cvss: [Object]
30 silly audit report     },
30 silly audit report     {
30 silly audit report       id: 1120646,
30 silly audit report       url: 'https://github.com/advisories/GHSA-j5f8-grm9-p9fc',
30 silly audit report       title: 'Axios: Proxy-Authorization header leaks to redirect target when proxy is re-evaluated to direct connection',
30 silly audit report       severity: 'high',
30 silly audit report       vulnerable_versions: '<=0.31.1',
30 silly audit report       cwe: [Array],
30 silly audit report       cvss: [Object]
30 silly audit report     },
30 silly audit report     {
30 silly audit report       id: 1120648,
30 silly audit report       url: 'https://github.com/advisories/GHSA-3g43-6gmg-66jw',
30 silly audit report       title: 'axios Vulnerable to Credential Theft and Response Hijacking via Prototype Pollution Gadget in Config Merge',
30 silly audit report       severity: 'high',
30 silly audit report       vulnerable_versions: '>=0.19.0 <0.31.1',
30 silly audit report       cwe: [Array],
30 silly audit report       cvss: [Object]
30 silly audit report     },
30 silly audit report     {
30 silly audit report       id: 1120651,
30 silly audit report       url: 'https://github.com/advisories/GHSA-898c-q2cr-xwhg',
30 silly audit report       title: 'axios has DoS & Header Injection via Prototype Pollution Read-Side Gadgets in axios merge functions',
30 silly audit report       severity: 'moderate',
30 silly audit report       vulnerable_versions: '<=0.31.1',
30 silly audit report       cwe: [Array],
30 silly audit report       cvss: [Object]
30 silly audit report     },
30 silly audit report     {
30 silly audit report       id: 1116672,
30 silly audit report       url: 'https://github.com/advisories/GHSA-3p68-rc4w-qgx5',
30 silly audit report       title: 'Axios has a NO_PROXY Hostname Normalization Bypass that Leads to SSRF',
30 silly audit report       severity: 'moderate',
30 silly audit report       vulnerable_versions: '<0.31.0',
30 silly audit report       cwe: [Array],
30 silly audit report       cvss: [Object]
30 silly audit report     },
30 silly audit report     {
30 silly audit report       id: 1117573,
30 silly audit report       url: 'https://github.com/advisories/GHSA-w9j2-pvgh-6h63',
30 silly audit report       title: 'Axios: Authentication Bypass via Prototype Pollution Gadget in `validateStatus` Merge Strategy',
30 silly audit report       severity: 'moderate',
30 silly audit report       vulnerable_versions: '<=0.31.0',
30 silly audit report       cwe: [Array],
30 silly audit report       cvss: [Object]
30 silly audit report     },
30 silly audit report     {
30 silly audit report       id: 1117575,
30 silly audit report       url: 'https://github.com/advisories/GHSA-pmwg-cvhr-8vh7',
30 silly audit report       title: 'Axios: Incomplete Fix for CVE-2025-62718 — NO_PROXY Protection Bypassed via RFC 1122 Loopback Subnet (127.0.0.0/8) in Axios 1.15.0',
30 silly audit report       severity: 'high',
30 silly audit report       vulnerable_versions: '<=0.31.0',
30 silly audit report       cwe: [Array],
30 silly audit report       cvss: [Object]
30 silly audit report     },
30 silly audit report     {
30 silly audit report       id: 1117579,
30 silly audit report       url: 'https://github.com/advisories/GHSA-xhjh-pmcv-23jw',
30 silly audit report       title: 'Axios: Null Byte Injection via Reverse-Encoding in AxiosURLSearchParams',
30 silly audit report       severity: 'low',
30 silly audit report       vulnerable_versions: '<=0.31.0',
30 silly audit report       cwe: [Array],
30 silly audit report       cvss: [Object]
30 silly audit report     },
30 silly audit report     {
30 silly audit report       id: 1117582,
30 silly audit report       url: 'https://github.com/advisories/GHSA-m7pr-hjqh-92cm',
30 silly audit report       title: 'Axios: no_proxy bypass via IP alias allows SSRF',
30 silly audit report       severity: 'moderate',
30 silly audit report       vulnerable_versions: '<=0.31.0',
30 silly audit report       cwe: [Array],
30 silly audit report       cvss: [Object]
30 silly audit report     },
30 silly audit report     {
30 silly audit report       id: 1117586,
30 silly audit report       url: 'https://github.com/advisories/GHSA-5c9x-8gcm-mpgx',
30 silly audit report       title: "Axios' HTTP adapter-streamed uploads bypass maxBodyLength when maxRedirects: 0",
30 silly audit report       severity: 'moderate',
30 silly audit report       vulnerable_versions: '<=0.31.0',
30 silly audit report       cwe: [Array],
30 silly audit report       cvss: [Object]
30 silly audit report     },
30 silly audit report     {
30 silly audit report       id: 1117588,
30 silly audit report       url: 'https://github.com/advisories/GHSA-vf2m-468p-8v99',
30 silly audit report       title: 'Axios: HTTP adapter streamed responses bypass maxContentLength',
30 silly audit report       severity: 'moderate',
30 silly audit report       vulnerable_versions: '<=0.31.0',
30 silly audit report       cwe: [Array],
30 silly audit report       cvss: [Object]
30 silly audit report     },
30 silly audit report     {
30 silly audit report       id: 1117590,
30 silly audit report       url: 'https://github.com/advisories/GHSA-pf86-5x62-jrwf',
30 silly audit report       title: 'Axios: Prototype Pollution Gadgets - Response Tampering, Data Exfiltration, and Request Hijacking',
30 silly audit report       severity: 'high',
30 silly audit report       vulnerable_versions: '<=0.31.0',
30 silly audit report       cwe: [Array],
30 silly audit report       cvss: [Object]
30 silly audit report     },
30 silly audit report     {
30 silly audit report       id: 1117592,
30 silly audit report       url: 'https://github.com/advisories/GHSA-6chq-wfr3-2hj9',
30 silly audit report       title: 'Axios: Header Injection via Prototype Pollution',
30 silly audit report       severity: 'high',
30 silly audit report       vulnerable_versions: '<=0.31.0',
30 silly audit report       cwe: [Array],
30 silly audit report       cvss: [Object]
30 silly audit report     },
30 silly audit report     {
30 silly audit report       id: 1117594,
30 silly audit report       url: 'https://github.com/advisories/GHSA-xx6v-rp6x-q39c',
30 silly audit report       title: 'Axios: XSRF Token Cross-Origin Leakage via Prototype Pollution Gadget in `withXSRFToken` Boolean Coercion',
30 silly audit report       severity: 'moderate',
30 silly audit report       vulnerable_versions: '<=0.31.0',
30 silly audit report       cwe: [Array],
30 silly audit report       cvss: [Object]
30 silly audit report     },
30 silly audit report     {
30 silly audit report       id: 1117857,
30 silly audit report       url: 'https://github.com/advisories/GHSA-43fc-jf86-j433',
30 silly audit report       title: 'Axios is Vulnerable to Denial of Service via __proto__ Key in mergeConfig',
30 silly audit report       severity: 'high',
30 silly audit report       vulnerable_versions: '<=0.30.2',
30 silly audit report       cwe: [Array],
30 silly audit report       cvss: [Object]
30 silly audit report     },
30 silly audit report     {
30 silly audit report       id: 1123825,
30 silly audit report       url: 'https://github.com/advisories/GHSA-pjwm-pj3p-43mv',
30 silly audit report       title: "axios's shouldBypassProxy does not recognize IPv4-mapped IPv6 addresses, allowing NO_PROXY bypass (incomplete fix for CVE-2025-62718)",
30 silly audit report       severity: 'high',
30 silly audit report       vulnerable_versions: '<=0.31.1',
30 silly audit report       cwe: [Array],
30 silly audit report       cvss: [Object]
30 silly audit report     },
30 silly audit report     {
30 silly audit report       id: 1123958,
30 silly audit report       url: 'https://github.com/advisories/GHSA-mmx7-hfxf-jppx',
30 silly audit report       title: 'Axios: Prototype pollution gadgets can alter axios request construction',
30 silly audit report       severity: 'moderate',
30 silly audit report       vulnerable_versions: '<0.33.0',
30 silly audit report       cwe: [Array],
30 silly audit report       cvss: [Object]
30 silly audit report     },
30 silly audit report     {
30 silly audit report       id: 1123972,
30 silly audit report       url: 'https://github.com/advisories/GHSA-7q8q-rj6j-mhjq',
30 silly audit report       title: 'Axios: Nested axios option objects can consume polluted prototype values',
30 silly audit report       severity: 'moderate',
30 silly audit report       vulnerable_versions: '>=0.8.0 <0.33.0',
30 silly audit report       cwe: [Array],
30 silly audit report       cvss: [Object]
30 silly audit report     },
30 silly audit report     {
30 silly audit report       id: 1097679,
30 silly audit report       url: 'https://github.com/advisories/GHSA-wf5p-g6vw-rhxx',
30 silly audit report       title: 'Axios Cross-Site Request Forgery Vulnerability',
30 silly audit report       severity: 'moderate',
30 silly audit report       vulnerable_versions: '>=0.8.1 <0.28.0',
30 silly audit report       cwe: [Array],
30 silly audit report       cvss: [Object]
30 silly audit report     }
30 silly audit report   ],
30 silly audit report   'form-data': [
30 silly audit report     {
30 silly audit report       id: 1109540,
30 silly audit report       url: 'https://github.com/advisories/GHSA-fjxv-7rqg-78g4',
30 silly audit report       title: 'form-data uses unsafe random function in form-data for choosing boundary',
30 silly audit report       severity: 'critical',
30 silly audit report       vulnerable_versions: '<2.5.4',
30 silly audit report       cwe: [Array],
30 silly audit report       cvss: [Object]
30 silly audit report     },
30 silly audit report     {
30 silly audit report       id: 1120745,
30 silly audit report       url: 'https://github.com/advisories/GHSA-hmw2-7cc7-3qxx',
30 silly audit report       title: 'form-data: CRLF injection in form-data via unescaped multipart field names and filenames',
30 silly audit report       severity: 'high',
30 silly audit report       vulnerable_versions: '<2.5.6',
30 silly audit report       cwe: [Array],
30 silly audit report       cvss: [Object]
30 silly audit report     }
30 silly audit report   ],
30 silly audit report   qs: [
30 silly audit report     {
30 silly audit report       id: 1113719,
30 silly audit report       url: 'https://github.com/advisories/GHSA-6rw7-vpxm-498p',
30 silly audit report       title: "qs's arrayLimit bypass in its bracket notation allows DoS via memory exhaustion",
30 silly audit report       severity: 'moderate',
30 silly audit report       vulnerable_versions: '<6.14.1',
30 silly audit report       cwe: [Array],
30 silly audit report       cvss: [Object]
30 silly audit report     }
30 silly audit report   ],
30 silly audit report   minimatch: [
30 silly audit report     {
30 silly audit report       id: 1113459,
30 silly audit report       url: 'https://github.com/advisories/GHSA-3ppc-4f35-3m26',
30 silly audit report       title: 'minimatch has a ReDoS via repeated wildcards with non-matching literal in pattern',
30 silly audit report       severity: 'high',
30 silly audit report       vulnerable_versions: '<3.1.3',
30 silly audit report       cwe: [Array],
30 silly audit report       cvss: [Object]
30 silly audit report     },
30 silly audit report     {
30 silly audit report       id: 1113538,
30 silly audit report       url: 'https://github.com/advisories/GHSA-7r86-cg39-jmmj',
30 silly audit report       title: 'minimatch has ReDoS: matchOne() combinatorial backtracking via multiple non-adjacent GLOBSTAR segments',
30 silly audit report       severity: 'high',
30 silly audit report       vulnerable_versions: '<3.1.3',
30 silly audit report       cwe: [Array],
30 silly audit report       cvss: [Object]
30 silly audit report     },
30 silly audit report     {
30 silly audit report       id: 1113546,
30 silly audit report       url: 'https://github.com/advisories/GHSA-23c5-xmqv-rm74',
30 silly audit report       title: 'minimatch ReDoS: nested *() extglobs generate catastrophically backtracking regular expressions',
30 silly audit report       severity: 'high',
30 silly audit report       vulnerable_versions: '<3.1.4',
30 silly audit report       cwe: [Array],
30 silly audit report       cvss: [Object]
30 silly audit report     }
30 silly audit report   ],
30 silly audit report   request: [
30 silly audit report     {
30 silly audit report       id: 1096727,
30 silly audit report       url: 'https://github.com/advisories/GHSA-p8p7-x288-28g6',
30 silly audit report       title: 'Server-Side Request Forgery in Request',
30 silly audit report       severity: 'moderate',
30 silly audit report       vulnerable_versions: '<=2.88.2',
30 silly audit report       cwe: [Array],
30 silly audit report       cvss: [Object]
30 silly audit report     }
30 silly audit report   ],
30 silly audit report   'tough-cookie': [
30 silly audit report     {
30 silly audit report       id: 1097682,
30 silly audit report       url: 'https://github.com/advisories/GHSA-72xf-g2v4-qvf3',
30 silly audit report       title: 'tough-cookie Prototype Pollution vulnerability',
30 silly audit report       severity: 'moderate',
30 silly audit report       vulnerable_versions: '<4.1.3',
30 silly audit report       cwe: [Array],
30 silly audit report       cvss: [Object]
30 silly audit report     }
30 silly audit report   ],
30 silly audit report   uuid: [
30 silly audit report     {
30 silly audit report       id: 1119441,
30 silly audit report       url: 'https://github.com/advisories/GHSA-w5hq-g745-h8pq',
30 silly audit report       title: 'uuid: Missing buffer bounds check in v3/v5/v6 when buf is provided',
30 silly audit report       severity: 'moderate',
30 silly audit report       vulnerable_versions: '<11.1.1',
30 silly audit report       cwe: [Array],
30 silly audit report       cvss: [Object]
30 silly audit report     }
30 silly audit report   ]
30 silly audit report }
31 silly packumentCache corgi:https://registry.npmjs.org/axios cache-miss
32 silly packumentCache corgi:https://registry.npmjs.org/form-data cache-miss
33 silly packumentCache corgi:https://registry.npmjs.org/qs cache-miss
34 silly packumentCache corgi:https://registry.npmjs.org/minimatch cache-miss
35 silly packumentCache corgi:https://registry.npmjs.org/request cache-miss
36 silly packumentCache corgi:https://registry.npmjs.org/tough-cookie cache-miss
37 silly packumentCache corgi:https://registry.npmjs.org/uuid cache-miss
38 http cache https://registry.npmjs.org/axios 107ms (cache hit)
39 silly packumentCache corgi:https://registry.npmjs.org/axios set size:299759 disposed:false
40 http cache https://registry.npmjs.org/qs 122ms (cache hit)
41 silly packumentCache corgi:https://registry.npmjs.org/qs set size:148003 disposed:false
42 http cache https://registry.npmjs.org/form-data 132ms (cache hit)
43 silly packumentCache corgi:https://registry.npmjs.org/form-data set size:55002 disposed:false
44 http cache https://registry.npmjs.org/request 132ms (cache hit)
45 silly packumentCache corgi:https://registry.npmjs.org/request set size:129997 disposed:false
46 http cache https://registry.npmjs.org/tough-cookie 142ms (cache hit)
47 silly packumentCache corgi:https://registry.npmjs.org/tough-cookie set size:57569 disposed:false
48 http cache https://registry.npmjs.org/minimatch 151ms (cache hit)
49 silly packumentCache corgi:https://registry.npmjs.org/minimatch set size:169442 disposed:false
50 http cache https://registry.npmjs.org/uuid 151ms (cache hit)
51 silly packumentCache corgi:https://registry.npmjs.org/uuid set size:82973 disposed:false
52 silly packumentCache corgi:https://registry.npmjs.org/google-tts-api cache-miss
53 http cache https://registry.npmjs.org/google-tts-api 11ms (cache hit)
54 silly packumentCache corgi:https://registry.npmjs.org/google-tts-api set size:13872 disposed:false
55 silly packumentCache corgi:https://registry.npmjs.org/redstar cache-miss
56 http cache https://registry.npmjs.org/redstar 10ms (cache hit)
57 silly packumentCache corgi:https://registry.npmjs.org/redstar set size:1262 disposed:false
58 silly packumentCache corgi:https://registry.npmjs.org/node-gtts cache-miss
59 http cache https://registry.npmjs.org/node-gtts 9ms (cache hit)
60 silly packumentCache corgi:https://registry.npmjs.org/node-gtts set size:4413 disposed:false
61 silly packumentCache corgi:https://registry.npmjs.org/node-fzf cache-miss
62 http cache https://registry.npmjs.org/node-fzf 9ms (cache hit)
63 silly packumentCache corgi:https://registry.npmjs.org/node-fzf set size:42290 disposed:false
64 silly packumentCache corgi:https://registry.npmjs.org/yt-search cache-miss
65 http cache https://registry.npmjs.org/yt-search 10ms (cache hit)
66 silly packumentCache corgi:https://registry.npmjs.org/yt-search set size:126336 disposed:false
67 silly ADD node_modules/google-tts-api
68 silly ADD node_modules/google-tts-api/node_modules/axios
69 warn allow-scripts 2 packages have install scripts not yet covered by allowScripts:
69 warn allow-scripts   @whiskeysockets/baileys@7.0.0-rc14 (preinstall: node ./engine-requirements.js)
69 warn allow-scripts   protobufjs@7.6.5 (postinstall: node scripts/postinstall)
69 warn allow-scripts
69 warn allow-scripts Run `npm approve-scripts --allow-scripts-pending` to review, or `npm approve-scripts <pkg>` to allow.
70 verbose cwd /data/data/com.termux/files/home
71 verbose os Linux 4.19.157-perf+
72 verbose node v26.3.1
73 verbose npm  v11.17.0
74 verbose exit 0
75 info ok
