0 verbose cli /data/data/com.termux/files/usr/bin/node /data/data/com.termux/files/usr/bin/npm
1 info using npm@11.17.0
2 info using node@v26.3.1
3 silly config load:file:/data/data/com.termux/files/usr/lib/node_modules/npm/npmrc
4 silly config load:file:/data/data/com.termux/files/home/.npmrc
5 silly config load:file:/data/data/com.termux/files/usr/etc/npmrc
6 verbose title npm install google-tts-api wa-sticker-formatter yt-search axios node-fetch form-data
7 verbose argv "install" "google-tts-api" "wa-sticker-formatter" "yt-search" "axios" "node-fetch" "form-data"
8 verbose logfile logs-max:10 dir:/data/data/com.termux/files/home/.npm/_logs/2026-08-06T13_15_02_024Z-
9 verbose logfile /data/data/com.termux/files/home/.npm/_logs/2026-08-06T13_15_02_024Z-debug-0.log
10 silly logfile done cleaning log files
11 silly packumentCache heap:1174405120 maxSize:293601280 maxEntrySize:146800640
12 silly idealTree buildDeps
13 silly fetch manifest axios@^1.19.0
14 silly packumentCache full:https://registry.npmjs.org/axios cache-miss
15 http fetch GET 200 https://registry.npmjs.org/axios 624ms (cache revalidated)
16 silly packumentCache full:https://registry.npmjs.org/axios set size:850874 disposed:false
17 silly fetch manifest form-data@^4.0.6
18 silly packumentCache full:https://registry.npmjs.org/form-data cache-miss
19 http fetch GET 200 https://registry.npmjs.org/form-data 112ms (cache revalidated)
20 silly packumentCache full:https://registry.npmjs.org/form-data set size:153174 disposed:false
21 silly fetch manifest node-fetch@^2.7.0
22 silly packumentCache full:https://registry.npmjs.org/node-fetch cache-miss
23 http fetch GET 200 https://registry.npmjs.org/node-fetch 125ms (cache revalidated)
24 silly packumentCache full:https://registry.npmjs.org/node-fetch set size:896010 disposed:false
25 silly fetch manifest encoding@^0.1.0
26 silly packumentCache full:https://registry.npmjs.org/encoding cache-miss
27 http fetch GET 200 https://registry.npmjs.org/encoding 358ms (cache revalidated)
28 silly packumentCache full:https://registry.npmjs.org/encoding set size:17833 disposed:false
29 silly fetch manifest yt-search@^2.13.1
30 silly packumentCache full:https://registry.npmjs.org/yt-search cache-miss
31 http fetch GET 200 https://registry.npmjs.org/yt-search 434ms (cache revalidated)
32 silly packumentCache full:https://registry.npmjs.org/yt-search set size:230821 disposed:false
33 silly fetch manifest google-tts-api@*
34 silly packumentCache full:https://registry.npmjs.org/google-tts-api cache-miss
35 http fetch GET 200 https://registry.npmjs.org/google-tts-api 437ms (cache miss)
36 silly packumentCache full:https://registry.npmjs.org/google-tts-api set size:undefined disposed:false
37 silly fetch manifest wa-sticker-formatter@*
38 silly packumentCache full:https://registry.npmjs.org/wa-sticker-formatter cache-miss
39 http fetch GET 200 https://registry.npmjs.org/wa-sticker-formatter 406ms (cache miss)
40 silly packumentCache full:https://registry.npmjs.org/wa-sticker-formatter set size:undefined disposed:false
41 silly placeDep ROOT axios@1.19.0 REPLACE for: home@1.0.0 want: ^1.19.0
42 silly placeDep ROOT form-data@4.0.6 REPLACE for: home@1.0.0 want: ^4.0.6
43 silly placeDep ROOT google-tts-api@2.0.2 OK for: home@1.0.0 want: *
44 silly placeDep ROOT node-fetch@2.7.0 REPLACE for: home@1.0.0 want: ^2.7.0
45 silly placeDep ROOT wa-sticker-formatter@4.4.4 OK for: home@1.0.0 want: *
46 silly placeDep ROOT yt-search@2.13.1 REPLACE for: home@1.0.0 want: ^2.13.1
47 silly fetch manifest axios@^0.21.0
48 silly packumentCache full:https://registry.npmjs.org/axios cache-hit
49 silly fetch manifest axios@^0.21.1
50 silly packumentCache full:https://registry.npmjs.org/axios cache-hit
51 silly fetch manifest file-type@^16.5.3
52 silly packumentCache full:https://registry.npmjs.org/file-type cache-miss
53 silly fetch manifest fs-extra@^10.0.0
54 silly packumentCache full:https://registry.npmjs.org/fs-extra cache-miss
55 silly fetch manifest image-size@^1.0.0
56 silly packumentCache full:https://registry.npmjs.org/image-size cache-miss
57 silly fetch manifest node-webpmux@^3.1.0
58 silly packumentCache full:https://registry.npmjs.org/node-webpmux cache-miss
59 silly fetch manifest sharp@^0.30.0
60 silly packumentCache full:https://registry.npmjs.org/sharp cache-miss
61 http fetch GET 200 https://registry.npmjs.org/file-type 287ms (cache revalidated)
62 silly packumentCache full:https://registry.npmjs.org/file-type set size:558008 disposed:false
63 http fetch GET 200 https://registry.npmjs.org/sharp 305ms (cache revalidated)
64 silly packumentCache full:https://registry.npmjs.org/sharp set size:1201295 disposed:false
65 http fetch GET 200 https://registry.npmjs.org/image-size 370ms (cache miss)
66 silly packumentCache full:https://registry.npmjs.org/image-size set size:undefined disposed:false
67 http fetch GET 200 https://registry.npmjs.org/node-webpmux 379ms (cache miss)
68 silly packumentCache full:https://registry.npmjs.org/node-webpmux set size:undefined disposed:false
69 http fetch GET 200 https://registry.npmjs.org/fs-extra 388ms (cache miss)
70 silly packumentCache full:https://registry.npmjs.org/fs-extra set size:undefined disposed:false
71 silly placeDep node_modules/google-tts-api axios@0.21.4 OK for: google-tts-api@2.0.2 want: ^0.21.0
72 silly placeDep node_modules/wa-sticker-formatter axios@0.21.4 OK for: wa-sticker-formatter@4.4.4 want: ^0.21.1
73 silly placeDep node_modules/wa-sticker-formatter file-type@16.5.4 OK for: wa-sticker-formatter@4.4.4 want: ^16.5.3
74 silly placeDep ROOT fs-extra@10.1.0 OK for: wa-sticker-formatter@4.4.4 want: ^10.0.0
75 silly placeDep ROOT image-size@1.2.1 OK for: wa-sticker-formatter@4.4.4 want: ^1.0.0
76 silly placeDep ROOT node-webpmux@3.2.1 OK for: wa-sticker-formatter@4.4.4 want: ^3.1.0
77 silly placeDep node_modules/wa-sticker-formatter sharp@0.30.7 OK for: wa-sticker-formatter@4.4.4 want: ^0.30.0
78 silly fetch manifest strtok3@^6.2.4
79 silly packumentCache full:https://registry.npmjs.org/strtok3 cache-miss
80 silly fetch manifest token-types@^4.1.1
81 silly packumentCache full:https://registry.npmjs.org/token-types cache-miss
82 silly fetch manifest readable-web-to-node-stream@^3.0.0
83 silly packumentCache full:https://registry.npmjs.org/readable-web-to-node-stream cache-miss
84 silly fetch manifest jsonfile@^6.0.1
85 silly packumentCache full:https://registry.npmjs.org/jsonfile cache-miss
86 silly fetch manifest graceful-fs@^4.2.0
87 silly packumentCache full:https://registry.npmjs.org/graceful-fs cache-miss
88 silly fetch manifest universalify@^2.0.0
89 silly packumentCache full:https://registry.npmjs.org/universalify cache-miss
90 silly fetch manifest queue@6.0.2
91 silly packumentCache full:https://registry.npmjs.org/queue cache-miss
92 http fetch GET 200 https://registry.npmjs.org/readable-web-to-node-stream 152ms (cache miss)
93 silly packumentCache full:https://registry.npmjs.org/readable-web-to-node-stream set size:undefined disposed:false
94 silly fetch manifest color@^4.2.3
95 silly packumentCache full:https://registry.npmjs.org/color cache-miss
96 http fetch GET 200 https://registry.npmjs.org/jsonfile 192ms (cache miss)
97 silly packumentCache full:https://registry.npmjs.org/jsonfile set size:undefined disposed:false
98 silly fetch manifest tar-fs@^2.1.1
99 silly packumentCache full:https://registry.npmjs.org/tar-fs cache-miss
100 http fetch GET 200 https://registry.npmjs.org/token-types 299ms (cache revalidated)
101 silly packumentCache full:https://registry.npmjs.org/token-types set size:155133 disposed:false
102 silly fetch manifest simple-get@^4.0.1
103 silly packumentCache full:https://registry.npmjs.org/simple-get cache-miss
104 http fetch GET 200 https://registry.npmjs.org/color 160ms (cache miss)
105 silly packumentCache full:https://registry.npmjs.org/color set size:undefined disposed:false
106 silly fetch manifest node-addon-api@^5.0.0
107 silly packumentCache full:https://registry.npmjs.org/node-addon-api cache-miss
108 http fetch GET 200 https://registry.npmjs.org/tar-fs 130ms (cache miss)
109 silly packumentCache full:https://registry.npmjs.org/tar-fs set size:undefined disposed:false
110 silly fetch manifest prebuild-install@^7.1.1
111 silly packumentCache full:https://registry.npmjs.org/prebuild-install cache-miss
112 http fetch GET 200 https://registry.npmjs.org/universalify 370ms (cache miss)
113 silly packumentCache full:https://registry.npmjs.org/universalify set size:undefined disposed:false
114 http fetch GET 200 https://registry.npmjs.org/queue 390ms (cache miss)
115 silly packumentCache full:https://registry.npmjs.org/queue set size:undefined disposed:false
116 http fetch GET 200 https://registry.npmjs.org/graceful-fs 430ms (cache miss)
117 silly packumentCache full:https://registry.npmjs.org/graceful-fs set size:undefined disposed:false
118 http fetch GET 200 https://registry.npmjs.org/prebuild-install 121ms (cache miss)
119 silly packumentCache full:https://registry.npmjs.org/prebuild-install set size:undefined disposed:false
120 http fetch GET 200 https://registry.npmjs.org/node-addon-api 148ms (cache miss)
121 silly packumentCache full:https://registry.npmjs.org/node-addon-api set size:undefined disposed:false
122 http fetch GET 200 https://registry.npmjs.org/strtok3 581ms (cache revalidated)
123 silly packumentCache full:https://registry.npmjs.org/strtok3 set size:412240 disposed:false
124 http fetch GET 200 https://registry.npmjs.org/simple-get 329ms (cache miss)
125 silly packumentCache full:https://registry.npmjs.org/simple-get set size:undefined disposed:false
126 silly placeDep ROOT graceful-fs@4.2.11 OK for: fs-extra@10.1.0 want: ^4.2.0
127 silly placeDep ROOT jsonfile@6.2.1 OK for: fs-extra@10.1.0 want: ^6.0.1
128 silly placeDep ROOT universalify@2.0.1 OK for: fs-extra@10.1.0 want: ^2.0.0
129 silly placeDep ROOT queue@6.0.2 OK for: image-size@1.2.1 want: 6.0.2
130 silly placeDep ROOT readable-web-to-node-stream@3.0.4 OK for: file-type@16.5.4 want: ^3.0.0
131 silly placeDep node_modules/wa-sticker-formatter strtok3@6.3.0 OK for: file-type@16.5.4 want: ^6.2.4
132 silly placeDep node_modules/wa-sticker-formatter token-types@4.2.1 OK for: file-type@16.5.4 want: ^4.1.1
133 silly fetch manifest readable-stream@^4.7.0
134 silly packumentCache full:https://registry.npmjs.org/readable-stream cache-miss
135 silly fetch manifest peek-readable@^4.1.0
136 silly packumentCache full:https://registry.npmjs.org/peek-readable cache-miss
137 http fetch GET 200 https://registry.npmjs.org/peek-readable 117ms (cache miss)
138 silly packumentCache full:https://registry.npmjs.org/peek-readable set size:undefined disposed:false
139 http fetch GET 200 https://registry.npmjs.org/readable-stream 345ms (cache revalidated)
140 silly packumentCache full:https://registry.npmjs.org/readable-stream set size:261096 disposed:false
141 silly placeDep node_modules/readable-web-to-node-stream readable-stream@4.7.0 OK for: readable-web-to-node-stream@3.0.4 want: ^4.7.0
142 silly fetch manifest abort-controller@^3.0.0
143 silly packumentCache full:https://registry.npmjs.org/abort-controller cache-miss
144 silly fetch manifest buffer@^6.0.3
145 silly packumentCache full:https://registry.npmjs.org/buffer cache-miss
146 silly fetch manifest events@^3.3.0
147 silly packumentCache full:https://registry.npmjs.org/events cache-miss
148 silly fetch manifest process@^0.11.10
149 silly packumentCache full:https://registry.npmjs.org/process cache-miss
150 silly fetch manifest string_decoder@^1.3.0
151 silly packumentCache full:https://registry.npmjs.org/string_decoder cache-miss
152 http fetch GET 200 https://registry.npmjs.org/events 122ms (cache miss)
153 silly packumentCache full:https://registry.npmjs.org/events set size:undefined disposed:false
154 http fetch GET 200 https://registry.npmjs.org/process 126ms (cache miss)
155 silly packumentCache full:https://registry.npmjs.org/process set size:undefined disposed:false
156 http fetch GET 200 https://registry.npmjs.org/buffer 140ms (cache miss)
157 silly packumentCache full:https://registry.npmjs.org/buffer set size:undefined disposed:false
158 http fetch GET 200 https://registry.npmjs.org/string_decoder 356ms (cache revalidated)
159 silly packumentCache full:https://registry.npmjs.org/string_decoder set size:28441 disposed:false
160 http fetch GET 200 https://registry.npmjs.org/abort-controller 374ms (cache miss)
161 silly packumentCache full:https://registry.npmjs.org/abort-controller set size:undefined disposed:false
162 silly placeDep ROOT abort-controller@3.0.0 OK for: readable-stream@4.7.0 want: ^3.0.0
163 silly placeDep ROOT buffer@6.0.3 OK for: readable-stream@4.7.0 want: ^6.0.3
164 silly placeDep ROOT events@3.3.0 OK for: readable-stream@4.7.0 want: ^3.3.0
165 silly placeDep ROOT process@0.11.10 OK for: readable-stream@4.7.0 want: ^0.11.10
166 silly placeDep node_modules/readable-web-to-node-stream string_decoder@1.3.0 OK for: readable-stream@4.7.0 want: ^1.3.0
167 silly fetch manifest event-target-shim@^5.0.0
168 silly packumentCache full:https://registry.npmjs.org/event-target-shim cache-miss
169 silly fetch manifest base64-js@^1.3.1
170 silly packumentCache full:https://registry.npmjs.org/base64-js cache-miss
171 silly fetch manifest safe-buffer@~5.2.0
172 silly packumentCache full:https://registry.npmjs.org/safe-buffer cache-miss
173 http fetch GET 200 https://registry.npmjs.org/safe-buffer 93ms (cache revalidated)
174 silly packumentCache full:https://registry.npmjs.org/safe-buffer set size:41183 disposed:false
175 http fetch GET 200 https://registry.npmjs.org/base64-js 113ms (cache miss)
176 silly packumentCache full:https://registry.npmjs.org/base64-js set size:undefined disposed:false
177 http fetch GET 200 https://registry.npmjs.org/event-target-shim 430ms (cache miss)
178 silly packumentCache full:https://registry.npmjs.org/event-target-shim set size:undefined disposed:false
179 silly placeDep ROOT event-target-shim@5.0.1 OK for: abort-controller@3.0.0 want: ^5.0.0
180 silly placeDep ROOT base64-js@1.5.1 OK for: buffer@6.0.3 want: ^1.3.1
181 silly placeDep node_modules/readable-web-to-node-stream safe-buffer@5.2.1 OK for: string_decoder@1.3.0 want: ~5.2.0
182 silly placeDep ROOT color@4.2.3 OK for: sharp@0.30.7 want: ^4.2.3
183 silly placeDep ROOT node-addon-api@5.1.0 OK for: sharp@0.30.7 want: ^5.0.0
184 silly placeDep ROOT prebuild-install@7.1.3 OK for: sharp@0.30.7 want: ^7.1.1
185 silly placeDep ROOT simple-get@4.0.1 OK for: sharp@0.30.7 want: ^4.0.1
186 silly placeDep ROOT tar-fs@2.1.5 OK for: sharp@0.30.7 want: ^2.1.1
187 silly fetch manifest color-string@^1.9.0
188 silly packumentCache full:https://registry.npmjs.org/color-string cache-miss
189 silly fetch manifest color-convert@^2.0.1
190 silly packumentCache full:https://registry.npmjs.org/color-convert cache-miss
191 silly fetch manifest rc@^1.2.7
192 silly packumentCache full:https://registry.npmjs.org/rc cache-miss
193 silly fetch manifest pump@^3.0.0
194 silly packumentCache full:https://registry.npmjs.org/pump cache-miss
195 silly fetch manifest tar-fs@^2.0.0
196 silly packumentCache full:https://registry.npmjs.org/tar-fs cache-miss
197 silly fetch manifest node-abi@^3.3.0
198 silly packumentCache full:https://registry.npmjs.org/node-abi cache-miss
199 silly fetch manifest simple-get@^4.0.0
200 silly packumentCache full:https://registry.npmjs.org/simple-get cache-miss
201 http cache https://registry.npmjs.org/tar-fs 40ms (cache hit)
202 silly packumentCache full:https://registry.npmjs.org/tar-fs set size:126231 disposed:false
203 silly fetch manifest mkdirp-classic@^0.5.3
204 silly packumentCache full:https://registry.npmjs.org/mkdirp-classic cache-miss
205 http cache https://registry.npmjs.org/simple-get 49ms (cache hit)
206 silly packumentCache full:https://registry.npmjs.org/simple-get set size:90014 disposed:false
207 silly fetch manifest expand-template@^2.0.3
208 silly packumentCache full:https://registry.npmjs.org/expand-template cache-miss
209 http fetch GET 200 https://registry.npmjs.org/pump 92ms (cache miss)
210 silly packumentCache full:https://registry.npmjs.org/pump set size:undefined disposed:false
211 silly fetch manifest napi-build-utils@^2.0.0
212 silly packumentCache full:https://registry.npmjs.org/napi-build-utils cache-miss
213 http fetch GET 200 https://registry.npmjs.org/color-convert 102ms (cache revalidated)
214 silly packumentCache full:https://registry.npmjs.org/color-convert set size:72663 disposed:false
215 silly fetch manifest github-from-package@0.0.0
216 silly packumentCache full:https://registry.npmjs.org/github-from-package cache-miss
217 http fetch GET 200 https://registry.npmjs.org/color-string 124ms (cache miss)
218 silly packumentCache full:https://registry.npmjs.org/color-string set size:undefined disposed:false
219 silly fetch manifest decompress-response@^6.0.0
220 silly packumentCache full:https://registry.npmjs.org/decompress-response cache-miss
221 http fetch GET 200 https://registry.npmjs.org/node-abi 132ms (cache miss)
222 silly packumentCache full:https://registry.npmjs.org/node-abi set size:undefined disposed:false
223 silly fetch manifest once@^1.3.1
224 silly packumentCache full:https://registry.npmjs.org/once cache-miss
225 http fetch GET 200 https://registry.npmjs.org/github-from-package 68ms (cache miss)
226 silly packumentCache full:https://registry.npmjs.org/github-from-package set size:undefined disposed:false
227 silly fetch manifest simple-concat@^1.0.0
228 silly packumentCache full:https://registry.npmjs.org/simple-concat cache-miss
229 http fetch GET 200 https://registry.npmjs.org/napi-build-utils 81ms (cache miss)
230 silly packumentCache full:https://registry.npmjs.org/napi-build-utils set size:undefined disposed:false
231 silly fetch manifest chownr@^1.1.1
232 silly packumentCache full:https://registry.npmjs.org/chownr cache-miss
233 http fetch GET 200 https://registry.npmjs.org/once 102ms (cache miss)
234 silly packumentCache full:https://registry.npmjs.org/once set size:undefined disposed:false
235 silly fetch manifest tar-stream@^2.1.4
236 silly packumentCache full:https://registry.npmjs.org/tar-stream cache-miss
237 http fetch GET 200 https://registry.npmjs.org/decompress-response 132ms (cache miss)
238 silly packumentCache full:https://registry.npmjs.org/decompress-response set size:undefined disposed:false
239 silly fetch manifest mkdirp-classic@^0.5.2
240 silly packumentCache full:https://registry.npmjs.org/mkdirp-classic cache-miss
241 http fetch GET 200 https://registry.npmjs.org/simple-concat 99ms (cache miss)
242 silly packumentCache full:https://registry.npmjs.org/simple-concat set size:undefined disposed:false
243 http fetch GET 200 https://registry.npmjs.org/chownr 97ms (cache miss)
244 silly packumentCache full:https://registry.npmjs.org/chownr set size:undefined disposed:false
245 http fetch GET 200 https://registry.npmjs.org/rc 307ms (cache miss)
246 silly packumentCache full:https://registry.npmjs.org/rc set size:undefined disposed:false
247 http fetch GET 200 https://registry.npmjs.org/tar-stream 85ms (cache miss)
248 silly packumentCache full:https://registry.npmjs.org/tar-stream set size:undefined disposed:false
249 http fetch GET 200 https://registry.npmjs.org/expand-template 328ms (cache miss)
250 silly packumentCache full:https://registry.npmjs.org/expand-template set size:undefined disposed:false
251 http fetch GET 200 https://registry.npmjs.org/mkdirp-classic 123ms (cache miss)
252 silly packumentCache full:https://registry.npmjs.org/mkdirp-classic set size:undefined disposed:false
253 http fetch GET 200 https://registry.npmjs.org/mkdirp-classic 345ms (cache miss)
254 silly packumentCache full:https://registry.npmjs.org/mkdirp-classic set size:undefined disposed:false
255 silly placeDep ROOT color-convert@2.0.1 OK for: color@4.2.3 want: ^2.0.1
256 silly placeDep ROOT color-string@1.9.1 OK for: color@4.2.3 want: ^1.9.0
257 silly fetch manifest color-name@~1.1.4
258 silly packumentCache full:https://registry.npmjs.org/color-name cache-miss
259 silly fetch manifest color-name@^1.0.0
260 silly packumentCache full:https://registry.npmjs.org/color-name cache-miss
261 silly fetch manifest simple-swizzle@^0.2.2
262 silly packumentCache full:https://registry.npmjs.org/simple-swizzle cache-miss
263 http fetch GET 200 https://registry.npmjs.org/color-name 82ms (cache revalidated)
264 silly packumentCache full:https://registry.npmjs.org/color-name set size:20968 disposed:false
265 http fetch GET 200 https://registry.npmjs.org/color-name 89ms (cache revalidated)
266 silly packumentCache full:https://registry.npmjs.org/color-name set size:20968 disposed:false
267 silly packumentCache full:https://registry.npmjs.org/color-name dispose
268 http fetch GET 200 https://registry.npmjs.org/simple-swizzle 331ms (cache miss)
269 silly packumentCache full:https://registry.npmjs.org/simple-swizzle set size:undefined disposed:false
270 silly placeDep ROOT color-name@1.1.4 OK for: color-convert@2.0.1 want: ~1.1.4
271 silly placeDep ROOT simple-swizzle@0.2.4 OK for: color-string@1.9.1 want: ^0.2.2
272 silly fetch manifest is-arrayish@^0.3.1
273 silly packumentCache full:https://registry.npmjs.org/is-arrayish cache-miss
274 http fetch GET 200 https://registry.npmjs.org/is-arrayish 86ms (cache miss)
275 silly packumentCache full:https://registry.npmjs.org/is-arrayish set size:undefined disposed:false
276 silly placeDep ROOT expand-template@2.0.3 OK for: prebuild-install@7.1.3 want: ^2.0.3
277 silly placeDep ROOT github-from-package@0.0.0 OK for: prebuild-install@7.1.3 want: 0.0.0
278 silly placeDep ROOT mkdirp-classic@0.5.3 OK for: prebuild-install@7.1.3 want: ^0.5.3
279 silly placeDep ROOT napi-build-utils@2.0.0 OK for: prebuild-install@7.1.3 want: ^2.0.0
280 silly placeDep ROOT node-abi@3.94.0 OK for: prebuild-install@7.1.3 want: ^3.3.0
281 silly placeDep ROOT pump@3.0.4 OK for: prebuild-install@7.1.3 want: ^3.0.0
282 silly placeDep ROOT rc@1.2.8 OK for: prebuild-install@7.1.3 want: ^1.2.7
283 silly fetch manifest end-of-stream@^1.1.0
284 silly packumentCache full:https://registry.npmjs.org/end-of-stream cache-miss
285 silly fetch manifest ini@~1.3.0
286 silly packumentCache full:https://registry.npmjs.org/ini cache-miss
287 silly fetch manifest deep-extend@^0.6.0
288 silly packumentCache full:https://registry.npmjs.org/deep-extend cache-miss
289 silly fetch manifest strip-json-comments@~2.0.1
290 silly packumentCache full:https://registry.npmjs.org/strip-json-comments cache-miss
291 http fetch GET 200 https://registry.npmjs.org/deep-extend 108ms (cache miss)
292 silly packumentCache full:https://registry.npmjs.org/deep-extend set size:undefined disposed:false
293 http fetch GET 200 https://registry.npmjs.org/strip-json-comments 121ms (cache miss)
294 silly packumentCache full:https://registry.npmjs.org/strip-json-comments set size:undefined disposed:false
295 http fetch GET 200 https://registry.npmjs.org/end-of-stream 345ms (cache miss)
296 silly packumentCache full:https://registry.npmjs.org/end-of-stream set size:undefined disposed:false
297 http fetch GET 200 https://registry.npmjs.org/ini 351ms (cache miss)
298 silly packumentCache full:https://registry.npmjs.org/ini set size:undefined disposed:false
299 silly placeDep ROOT end-of-stream@1.4.5 OK for: pump@3.0.4 want: ^1.1.0
300 silly placeDep ROOT once@1.4.0 OK for: pump@3.0.4 want: ^1.3.1
301 silly fetch manifest once@^1.4.0
302 silly packumentCache full:https://registry.npmjs.org/once cache-miss
303 silly fetch manifest wrappy@1
304 silly packumentCache full:https://registry.npmjs.org/wrappy cache-miss
305 http cache https://registry.npmjs.org/once 13ms (cache hit)
306 silly packumentCache full:https://registry.npmjs.org/once set size:11752 disposed:false
307 http fetch GET 200 https://registry.npmjs.org/wrappy 78ms (cache miss)
308 silly packumentCache full:https://registry.npmjs.org/wrappy set size:undefined disposed:false
309 silly placeDep ROOT wrappy@1.0.2 OK for: once@1.4.0 want: 1
310 silly placeDep ROOT deep-extend@0.6.0 OK for: rc@1.2.8 want: ^0.6.0
311 silly placeDep ROOT ini@1.3.8 OK for: rc@1.2.8 want: ~1.3.0
312 silly placeDep ROOT strip-json-comments@2.0.1 OK for: rc@1.2.8 want: ~2.0.1
313 silly placeDep ROOT decompress-response@6.0.0 OK for: simple-get@4.0.1 want: ^6.0.0
314 silly placeDep ROOT simple-concat@1.0.1 OK for: simple-get@4.0.1 want: ^1.0.0
315 silly fetch manifest mimic-response@^3.1.0
316 silly packumentCache full:https://registry.npmjs.org/mimic-response cache-miss
317 http fetch GET 200 https://registry.npmjs.org/mimic-response 351ms (cache miss)
318 silly packumentCache full:https://registry.npmjs.org/mimic-response set size:undefined disposed:false
319 silly placeDep ROOT mimic-response@3.1.0 OK for: decompress-response@6.0.0 want: ^3.1.0
320 silly placeDep ROOT is-arrayish@0.3.4 OK for: simple-swizzle@0.2.4 want: ^0.3.1
321 silly placeDep ROOT chownr@1.1.4 OK for: tar-fs@2.1.5 want: ^1.1.1
322 silly placeDep ROOT tar-stream@2.2.0 OK for: tar-fs@2.1.5 want: ^2.1.4
323 silly fetch manifest bl@^4.0.3
324 silly packumentCache full:https://registry.npmjs.org/bl cache-miss
325 silly fetch manifest fs-constants@^1.0.0
326 silly packumentCache full:https://registry.npmjs.org/fs-constants cache-miss
327 silly fetch manifest readable-stream@^3.1.1
328 silly packumentCache full:https://registry.npmjs.org/readable-stream cache-hit
329 http fetch GET 200 https://registry.npmjs.org/fs-constants 103ms (cache miss)
330 silly packumentCache full:https://registry.npmjs.org/fs-constants set size:undefined disposed:false
331 http fetch GET 200 https://registry.npmjs.org/bl 117ms (cache miss)
332 silly packumentCache full:https://registry.npmjs.org/bl set size:undefined disposed:false
333 silly placeDep ROOT bl@4.1.0 OK for: tar-stream@2.2.0 want: ^4.0.3
334 silly placeDep ROOT fs-constants@1.0.0 OK for: tar-stream@2.2.0 want: ^1.0.0
335 silly placeDep node_modules/tar-stream readable-stream@3.6.2 OK for: tar-stream@2.2.0 want: ^3.1.1
336 silly fetch manifest buffer@^5.5.0
337 silly packumentCache full:https://registry.npmjs.org/buffer cache-miss
338 silly fetch manifest readable-stream@^3.4.0
339 silly packumentCache full:https://registry.npmjs.org/readable-stream cache-hit
340 http cache https://registry.npmjs.org/buffer 22ms (cache hit)
341 silly packumentCache full:https://registry.npmjs.org/buffer set size:280480 disposed:false
342 silly placeDep node_modules/bl buffer@5.7.1 OK for: bl@4.1.0 want: ^5.5.0
343 silly placeDep node_modules/bl readable-stream@3.6.2 OK for: bl@4.1.0 want: ^3.4.0
344 silly placeDep ROOT peek-readable@4.1.0 OK for: strtok3@6.3.0 want: ^4.1.0
345 silly reify moves {}
346 silly audit bulk request {
346 silly audit   '@borewit/text-codec': [ '0.2.2' ],
346 silly audit   '@cacheable/memory': [ '2.2.0' ],
346 silly audit   '@cacheable/node-cache': [ '1.7.6' ],
346 silly audit   '@cacheable/utils': [ '2.5.0' ],
346 silly audit   '@emnapi/runtime': [ '1.11.3' ],
346 silly audit   '@hapi/boom': [ '9.1.4' ],
346 silly audit   '@hapi/hoek': [ '9.3.0' ],
346 silly audit   '@img/colour': [ '1.1.0' ],
346 silly audit   '@img/sharp-darwin-arm64': [ '0.35.3' ],
346 silly audit   '@img/sharp-darwin-x64': [ '0.35.3' ],
346 silly audit   '@img/sharp-freebsd-wasm32': [ '0.35.3' ],
346 silly audit   '@img/sharp-libvips-darwin-arm64': [ '1.3.2' ],
346 silly audit   '@img/sharp-libvips-darwin-x64': [ '1.3.2' ],
346 silly audit   '@img/sharp-libvips-linux-arm': [ '1.3.2' ],
346 silly audit   '@img/sharp-libvips-linux-arm64': [ '1.3.2' ],
346 silly audit   '@img/sharp-libvips-linux-ppc64': [ '1.3.2' ],
346 silly audit   '@img/sharp-libvips-linux-riscv64': [ '1.3.2' ],
346 silly audit   '@img/sharp-libvips-linux-s390x': [ '1.3.2' ],
346 silly audit   '@img/sharp-libvips-linux-x64': [ '1.3.2' ],
346 silly audit   '@img/sharp-libvips-linuxmusl-arm64': [ '1.3.2' ],
346 silly audit   '@img/sharp-libvips-linuxmusl-x64': [ '1.3.2' ],
346 silly audit   '@img/sharp-linux-arm': [ '0.35.3' ],
346 silly audit   '@img/sharp-linux-arm64': [ '0.35.3' ],
346 silly audit   '@img/sharp-linux-ppc64': [ '0.35.3' ],
346 silly audit   '@img/sharp-linux-riscv64': [ '0.35.3' ],
346 silly audit   '@img/sharp-linux-s390x': [ '0.35.3' ],
346 silly audit   '@img/sharp-linux-x64': [ '0.35.3' ],
346 silly audit   '@img/sharp-linuxmusl-arm64': [ '0.35.3' ],
346 silly audit   '@img/sharp-linuxmusl-x64': [ '0.35.3' ],
346 silly audit   '@img/sharp-wasm32': [ '0.35.3' ],
346 silly audit   '@img/sharp-webcontainers-wasm32': [ '0.35.3' ],
346 silly audit   '@img/sharp-win32-arm64': [ '0.35.3' ],
346 silly audit   '@img/sharp-win32-ia32': [ '0.35.3' ],
346 silly audit   '@img/sharp-win32-x64': [ '0.35.3' ],
346 silly audit   '@jsep-plugin/assignment': [ '1.3.0' ],
346 silly audit   '@jsep-plugin/regex': [ '1.0.4' ],
346 silly audit   '@keyv/bigmap': [ '1.3.1' ],
346 silly audit   '@keyv/serialize': [ '1.1.1' ],
346 silly audit   '@pinojs/redact': [ '0.4.0' ],
346 silly audit   '@protobufjs/aspromise': [ '1.1.2' ],
346 silly audit   '@protobufjs/base64': [ '1.1.2' ],
346 silly audit   '@protobufjs/codegen': [ '2.0.5' ],
346 silly audit   '@protobufjs/eventemitter': [ '1.1.1' ],
346 silly audit   '@protobufjs/fetch': [ '1.1.1' ],
346 silly audit   '@protobufjs/float': [ '1.0.2' ],
346 silly audit   '@protobufjs/path': [ '1.1.2' ],
346 silly audit   '@protobufjs/pool': [ '1.1.0' ],
346 silly audit   '@protobufjs/utf8': [ '1.1.2' ],
346 silly audit   '@tokenizer/inflate': [ '0.4.1' ],
346 silly audit   '@tokenizer/token': [ '0.3.0' ],
346 silly audit   '@types/node': [ '26.1.2' ],
346 silly audit   '@whiskeysockets/baileys': [ '7.0.0-rc14' ],
346 silly audit   'agent-base': [ '6.0.2' ],
346 silly audit   ajv: [ '6.15.0' ],
346 silly audit   'ansi-regex': [ '3.0.1' ],
346 silly audit   asn1: [ '0.2.6' ],
346 silly audit   'assert-plus': [ '1.0.0' ],
346 silly audit   async: [ '0.2.10', '2.6.4' ],
346 silly audit   'async-mutex': [ '0.5.0' ],
346 silly audit   'async.parallellimit': [ '0.5.2' ],
346 silly audit   'async.util.eachoflimit': [ '0.5.2' ],
346 silly audit   'async.util.isarray': [ '0.5.2' ],
346 silly audit   'async.util.isarraylike': [ '0.5.2' ],
346 silly audit   'async.util.keyiterator': [ '0.5.2' ],
346 silly audit   'async.util.keys': [ '0.5.2' ],
346 silly audit   'async.util.noop': [ '0.5.2' ],
346 silly audit   'async.util.once': [ '0.5.2' ],
346 silly audit   'async.util.onlyonce': [ '0.5.2' ],
346 silly audit   'async.util.parallel': [ '0.5.2' ],
346 silly audit   'async.util.restparam': [ '0.5.2' ],
346 silly audit   asynckit: [ '0.4.0' ],
346 silly audit   'atomic-sleep': [ '1.0.0' ],
346 silly audit   'aws-sign2': [ '0.7.0' ],
346 silly audit   aws4: [ '1.13.2' ],
346 silly audit   'balanced-match': [ '1.0.2' ],
346 silly audit   'bcrypt-pbkdf': [ '1.0.2' ],
346 silly audit   boolbase: [ '1.0.0' ],
346 silly audit   boolstring: [ '2.0.1' ],
346 silly audit   'brace-expansion': [ '1.1.18' ],
346 silly audit   cacheable: [ '2.5.0' ],
346 silly audit   'call-bind-apply-helpers': [ '1.0.2' ],
346 silly audit   'call-bound': [ '1.0.4' ],
346 silly audit   caseless: [ '0.12.0' ],
346 silly audit   cheerio: [ '1.2.0' ],
346 silly audit   'cheerio-select': [ '2.1.0' ],
346 silly audit   'combined-stream': [ '1.0.8' ],
346 silly audit   'concat-map': [ '0.0.1' ],
346 silly audit   'content-type': [ '2.0.0' ],
346 silly audit   'core-util-is': [ '1.0.3', '1.0.2' ],
346 silly audit   'css-select': [ '5.2.2' ],
346 silly audit   'css-what': [ '6.2.2' ],
346 silly audit   'curve25519-js': [ '0.0.4' ],
346 silly audit   dashdash: [ '1.14.1' ],
346 silly audit   dasu: [ '0.4.3' ],
346 silly audit   debug: [ '4.4.3' ],
346 silly audit   'delayed-stream': [ '1.0.0' ],
346 silly audit   'detect-libc': [ '2.1.2' ],
346 silly audit   'dom-serializer': [ '2.0.0' ],
346 silly audit   domelementtype: [ '2.3.0' ],
346 silly audit   domhandler: [ '5.0.3' ],
346 silly audit   domutils: [ '3.2.2' ],
346 silly audit   'dunder-proto': [ '1.0.1' ],
346 silly audit   'ecc-jsbn': [ '0.1.2' ],
346 silly audit   'encoding-sniffer': [ '0.2.1' ],
346 silly audit   entities: [ '4.5.0', '7.0.1', '6.0.1' ],
346 silly audit   'es-define-property': [ '1.0.1' ],
346 silly audit   'es-errors': [ '1.3.0' ],
346 silly audit   'es-object-atoms': [ '1.1.2' ],
346 silly audit   'es-set-tostringtag': [ '2.1.0' ],
346 silly audit   'escape-string-regexp': [ '1.0.5' ],
346 silly audit   eventemitter3: [ '5.0.4' ],
346 silly audit   extend: [ '3.0.2' ],
346 silly audit   extsprintf: [ '1.3.0' ],
346 silly audit   'fake-useragent': [ '1.0.1' ],
346 silly audit   'fast-deep-equal': [ '3.1.3' ],
346 silly audit   'fast-json-stable-stringify': [ '2.1.0' ],
346 silly audit   'file-type': [ '21.3.4', '16.5.4' ],
346 silly audit   'fluent-ffmpeg': [ '2.1.3' ],
346 silly audit   'follow-redirects': [ '1.16.0' ],
346 silly audit   'forever-agent': [ '0.6.1' ],
346 silly audit   'form-data': [ '2.3.3', '4.0.6' ],
346 silly audit   'function-bind': [ '1.1.2' ],
346 silly audit   'get-intrinsic': [ '1.3.0' ],
346 silly audit   'get-proto': [ '1.0.1' ],
346 silly audit   getpass: [ '0.1.7' ],
346 silly audit   gopd: [ '1.2.0' ],
346 silly audit   'har-schema': [ '2.0.0' ],
346 silly audit   'har-validator': [ '5.1.5' ],
346 silly audit   'has-symbols': [ '1.1.0' ],
346 silly audit   'has-tostringtag': [ '1.0.2' ],
346 silly audit   hashery: [ '1.5.1' ],
346 silly audit   hasown: [ '2.0.4' ],
346 silly audit   hookified: [ '1.15.1', '2.2.0' ],
346 silly audit   htmlparser2: [ '10.1.0' ],
346 silly audit   'http-signature': [ '1.2.0' ],
346 silly audit   'https-proxy-agent': [ '5.0.1' ],
346 silly audit   'human-time': [ '0.0.2' ],
346 silly audit   'iconv-lite': [ '0.6.3' ],
346 silly audit   ieee754: [ '1.2.1' ],
346 silly audit   inherits: [ '2.0.4' ],
346 silly audit   'instagram-url-direct': [ '2.0.7' ],
346 silly audit   qs: [ '6.15.3', '6.5.5' ],
346 silly audit   'is-fullwidth-code-point': [ '2.0.0' ],
346 silly audit   'is-typedarray': [ '1.0.0' ],
346 silly audit   isarray: [ '1.0.0' ],
346 silly audit   isexe: [ '2.0.0' ],
346 silly audit   isstream: [ '0.1.2' ],
346 silly audit   jsbn: [ '0.1.1' ],
346 silly audit   jsep: [ '1.4.0' ],
346 silly audit   'json-schema': [ '0.4.0' ],
346 silly audit   'json-schema-traverse': [ '0.4.1' ],
346 silly audit   'json-stringify-safe': [ '5.0.1' ],
346 silly audit   'jsonpath-plus': [ '10.3.0' ],
346 silly audit   jsprim: [ '1.4.2' ],
346 silly audit   keypress: [ '0.2.1' ],
346 silly audit   keyv: [ '5.6.0' ],
346 silly audit   libsignal: [ '6.0.0' ],
346 silly audit   lodash: [ '4.18.1' ],
346 silly audit   long: [ '5.3.2' ],
346 silly audit   'lru-cache': [ '11.5.2' ],
346 silly audit   'math-intrinsics': [ '1.1.0' ],
346 silly audit   'media-typer': [ '2.0.0' ],
346 silly audit   'mime-db': [ '1.52.0' ],
346 silly audit   'mime-types': [ '2.1.35' ],
346 silly audit   'mimic-fn': [ '2.1.0' ],
346 silly audit   minimatch: [ '3.0.8' ],
346 silly audit   minimist: [ '1.2.8' ],
346 silly audit   ms: [ '2.1.3' ],
346 silly audit   multistream: [ '2.1.1' ],
346 silly audit   'music-metadata': [ '11.14.0' ],
346 silly audit   'node-fzf': [ '0.14.0' ],
346 silly audit   'node-gtts': [ '2.0.2' ],
346 silly audit   'nth-check': [ '2.1.1' ],
346 silly audit   'oauth-sign': [ '0.9.0' ],
346 silly audit   'object-inspect': [ '1.13.4' ],
346 silly audit   'on-exit-leak-free': [ '2.1.2' ],
346 silly audit   onetime: [ '5.1.2' ],
346 silly audit   'p-queue': [ '9.3.3' ],
346 silly audit   'p-timeout': [ '7.0.1' ],
346 silly audit   parse5: [ '7.3.0' ],
346 silly audit   'parse5-htmlparser2-tree-adapter': [ '7.1.0' ],
346 silly audit   'parse5-parser-stream': [ '7.1.2' ],
346 silly audit   'performance-now': [ '2.1.0' ],
346 silly audit   picocolors: [ '1.1.1' ],
346 silly audit   pino: [ '9.14.0' ],
346 silly audit   'pino-abstract-transport': [ '2.0.0' ],
346 silly audit   'pino-std-serializers': [ '7.1.0' ],
346 silly audit   'process-nextick-args': [ '2.0.1' ],
346 silly audit   'process-warning': [ '5.1.0' ],
346 silly audit   protobufjs: [ '7.6.5' ],
346 silly audit   'proxy-from-env': [ '2.1.0' ],
346 silly audit   psl: [ '1.15.0' ],
346 silly audit   punycode: [ '2.3.1' ],
346 silly audit   qified: [ '0.10.1' ],
346 silly audit   'qrcode-terminal': [ '0.12.0' ],
346 silly audit   'quick-format-unescaped': [ '4.0.4' ],
346 silly audit   'readable-stream': [ '2.3.8', '4.7.0', '3.6.2' ],
346 silly audit   'real-require': [ '0.2.0' ],
346 silly audit   redstar: [ '0.0.2' ],
346 silly audit   request: [ '2.88.2' ],
346 silly audit   'restore-cursor': [ '3.1.0' ],
346 silly audit   'safe-buffer': [ '5.1.2', '5.2.1' ],
346 silly audit   'safe-stable-stringify': [ '2.5.0' ],
346 silly audit   'safer-buffer': [ '2.1.2' ],
346 silly audit   semver: [ '7.8.5' ],
346 silly audit   sharp: [ '0.35.3', '0.30.7' ],
346 silly audit   'side-channel': [ '1.1.1' ],
346 silly audit   'side-channel-list': [ '1.0.1' ],
346 silly audit   'side-channel-map': [ '1.0.1' ],
346 silly audit   'side-channel-weakmap': [ '1.0.2' ],
346 silly audit   'signal-exit': [ '3.0.7' ],
346 silly audit   'sonic-boom': [ '4.2.1' ],
346 silly audit   split2: [ '4.2.0' ],
346 silly audit   sshpk: [ '1.18.0' ],
346 silly audit   string_decoder: [ '1.1.1', '1.3.0' ],
346 silly audit   'string-width': [ '2.1.1' ],
346 silly audit   'strip-ansi': [ '4.0.0' ],
346 silly audit   strtok3: [ '10.3.5', '6.3.0' ],
346 silly audit   'thread-stream': [ '3.2.0' ],
346 silly audit   'token-types': [ '6.1.2', '4.2.1' ],
346 silly audit   'tough-cookie': [ '2.5.0' ],
346 silly audit   tr46: [ '0.0.3' ],
346 silly audit   tslib: [ '2.8.1' ],
346 silly audit   ttys: [ '0.0.3' ],
346 silly audit   'tunnel-agent': [ '0.6.0' ],
346 silly audit   tweetnacl: [ '0.14.5' ],
346 silly audit   'uint8array-extras': [ '1.5.0' ],
346 silly audit   undici: [ '7.29.0' ],
346 silly audit   'undici-types': [ '8.3.0' ],
346 silly audit   'uri-js': [ '4.4.1' ],
346 silly audit   'util-deprecate': [ '1.0.2' ],
346 silly audit   uuid: [ '3.4.0' ],
346 silly audit   verror: [ '1.10.0' ],
346 silly audit   'webidl-conversions': [ '3.0.1' ],
346 silly audit   'whatsapp-rust-bridge': [ '0.5.4' ],
346 silly audit   'whatwg-encoding': [ '3.1.1' ],
346 silly audit   'whatwg-mimetype': [ '4.0.0' ],
346 silly audit   'whatwg-url': [ '5.0.0' ],
346 silly audit   which: [ '1.3.1' ],
346 silly audit   'win-guid': [ '0.2.1' ],
346 silly audit   ws: [ '8.21.2' ],
346 silly audit   axios: [ '1.19.0', '0.21.4' ],
346 silly audit   'google-tts-api': [ '2.0.2' ],
346 silly audit   'node-fetch': [ '2.7.0' ],
346 silly audit   'wa-sticker-formatter': [ '4.4.4' ],
346 silly audit   'yt-search': [ '2.13.1' ],
346 silly audit   'fs-extra': [ '10.1.0' ],
346 silly audit   'image-size': [ '1.2.1' ],
346 silly audit   'node-webpmux': [ '3.2.1' ],
346 silly audit   'graceful-fs': [ '4.2.11' ],
346 silly audit   jsonfile: [ '6.2.1' ],
346 silly audit   universalify: [ '2.0.1' ],
346 silly audit   queue: [ '6.0.2' ],
346 silly audit   'readable-web-to-node-stream': [ '3.0.4' ],
346 silly audit   'abort-controller': [ '3.0.0' ],
346 silly audit   buffer: [ '6.0.3', '5.7.1' ],
346 silly audit   events: [ '3.3.0' ],
346 silly audit   process: [ '0.11.10' ],
346 silly audit   'event-target-shim': [ '5.0.1' ],
346 silly audit   'base64-js': [ '1.5.1' ],
346 silly audit   color: [ '4.2.3' ],
346 silly audit   'node-addon-api': [ '5.1.0' ],
346 silly audit   'prebuild-install': [ '7.1.3' ],
346 silly audit   'simple-get': [ '4.0.1' ],
346 silly audit   'tar-fs': [ '2.1.5' ],
346 silly audit   'color-convert': [ '2.0.1' ],
346 silly audit   'color-string': [ '1.9.1' ],
346 silly audit   'color-name': [ '1.1.4' ],
346 silly audit   'simple-swizzle': [ '0.2.4' ],
346 silly audit   'expand-template': [ '2.0.3' ],
346 silly audit   'github-from-package': [ '0.0.0' ],
346 silly audit   'mkdirp-classic': [ '0.5.3' ],
346 silly audit   'napi-build-utils': [ '2.0.0' ],
346 silly audit   'node-abi': [ '3.94.0' ],
346 silly audit   pump: [ '3.0.4' ],
346 silly audit   rc: [ '1.2.8' ],
346 silly audit   'end-of-stream': [ '1.4.5' ],
346 silly audit   once: [ '1.4.0' ],
346 silly audit   wrappy: [ '1.0.2' ],
346 silly audit   'deep-extend': [ '0.6.0' ],
346 silly audit   ini: [ '1.3.8' ],
346 silly audit   'strip-json-comments': [ '2.0.1' ],
346 silly audit   'decompress-response': [ '6.0.0' ],
346 silly audit   'simple-concat': [ '1.0.1' ],
346 silly audit   'mimic-response': [ '3.1.0' ],
346 silly audit   'is-arrayish': [ '0.3.4' ],
346 silly audit   chownr: [ '1.1.4' ],
346 silly audit   'tar-stream': [ '2.2.0' ],
346 silly audit   bl: [ '4.1.0' ],
346 silly audit   'fs-constants': [ '1.0.0' ],
346 silly audit   'peek-readable': [ '4.1.0' ]
346 silly audit }
347 http cache bl@https://registry.npmjs.org/bl/-/bl-4.1.0.tgz 0ms (cache hit)
348 http cache fs-constants@https://registry.npmjs.org/fs-constants/-/fs-constants-1.0.0.tgz 0ms (cache hit)
349 http cache chownr@https://registry.npmjs.org/chownr/-/chownr-1.1.4.tgz 0ms (cache hit)
350 http cache is-arrayish@https://registry.npmjs.org/is-arrayish/-/is-arrayish-0.3.4.tgz 0ms (cache hit)
351 http cache peek-readable@https://registry.npmjs.org/peek-readable/-/peek-readable-4.1.0.tgz 0ms (cache hit)
352 http cache mimic-response@https://registry.npmjs.org/mimic-response/-/mimic-response-3.1.0.tgz 0ms (cache hit)
353 http cache decompress-response@https://registry.npmjs.org/decompress-response/-/decompress-response-6.0.0.tgz 0ms (cache hit)
354 http cache tar-stream@https://registry.npmjs.org/tar-stream/-/tar-stream-2.2.0.tgz 0ms (cache hit)
355 http cache strip-json-comments@https://registry.npmjs.org/strip-json-comments/-/strip-json-comments-2.0.1.tgz 0ms (cache hit)
356 http cache simple-concat@https://registry.npmjs.org/simple-concat/-/simple-concat-1.0.1.tgz 0ms (cache hit)
357 http cache deep-extend@https://registry.npmjs.org/deep-extend/-/deep-extend-0.6.0.tgz 0ms (cache hit)
358 http cache wrappy@https://registry.npmjs.org/wrappy/-/wrappy-1.0.2.tgz 1ms (cache hit)
359 http cache ini@https://registry.npmjs.org/ini/-/ini-1.3.8.tgz 1ms (cache hit)
360 http cache end-of-stream@https://registry.npmjs.org/end-of-stream/-/end-of-stream-1.4.5.tgz 1ms (cache hit)
361 http cache once@https://registry.npmjs.org/once/-/once-1.4.0.tgz 0ms (cache hit)
362 http cache pump@https://registry.npmjs.org/pump/-/pump-3.0.4.tgz 0ms (cache hit)
363 http cache napi-build-utils@https://registry.npmjs.org/napi-build-utils/-/napi-build-utils-2.0.0.tgz 0ms (cache hit)
364 http cache rc@https://registry.npmjs.org/rc/-/rc-1.2.8.tgz 0ms (cache hit)
365 http cache mkdirp-classic@https://registry.npmjs.org/mkdirp-classic/-/mkdirp-classic-0.5.3.tgz 0ms (cache hit)
366 http cache node-abi@https://registry.npmjs.org/node-abi/-/node-abi-3.94.0.tgz 1ms (cache hit)
367 http cache github-from-package@https://registry.npmjs.org/github-from-package/-/github-from-package-0.0.0.tgz 0ms (cache hit)
368 http cache color-name@https://registry.npmjs.org/color-name/-/color-name-1.1.4.tgz 0ms (cache hit)
369 http cache expand-template@https://registry.npmjs.org/expand-template/-/expand-template-2.0.3.tgz 0ms (cache hit)
370 http cache color-convert@https://registry.npmjs.org/color-convert/-/color-convert-2.0.1.tgz 0ms (cache hit)
371 http cache tar-fs@https://registry.npmjs.org/tar-fs/-/tar-fs-2.1.5.tgz 0ms (cache hit)
372 http cache simple-get@https://registry.npmjs.org/simple-get/-/simple-get-4.0.1.tgz 0ms (cache hit)
373 http cache prebuild-install@https://registry.npmjs.org/prebuild-install/-/prebuild-install-7.1.3.tgz 0ms (cache hit)
374 http cache node-addon-api@https://registry.npmjs.org/node-addon-api/-/node-addon-api-5.1.0.tgz 0ms (cache hit)
375 http cache color@https://registry.npmjs.org/color/-/color-4.2.3.tgz 0ms (cache hit)
376 http cache base64-js@https://registry.npmjs.org/base64-js/-/base64-js-1.5.1.tgz 0ms (cache hit)
377 http cache event-target-shim@https://registry.npmjs.org/event-target-shim/-/event-target-shim-5.0.1.tgz 0ms (cache hit)
378 http cache process@https://registry.npmjs.org/process/-/process-0.11.10.tgz 0ms (cache hit)
379 http cache color-string@https://registry.npmjs.org/color-string/-/color-string-1.9.1.tgz 0ms (cache hit)
380 http cache buffer@https://registry.npmjs.org/buffer/-/buffer-6.0.3.tgz 0ms (cache hit)
381 http cache abort-controller@https://registry.npmjs.org/abort-controller/-/abort-controller-3.0.0.tgz 0ms (cache hit)
382 http cache queue@https://registry.npmjs.org/queue/-/queue-6.0.2.tgz 0ms (cache hit)
383 http cache universalify@https://registry.npmjs.org/universalify/-/universalify-2.0.1.tgz 0ms (cache hit)
384 http cache jsonfile@https://registry.npmjs.org/jsonfile/-/jsonfile-6.2.1.tgz 0ms (cache hit)
385 http cache readable-web-to-node-stream@https://registry.npmjs.org/readable-web-to-node-stream/-/readable-web-to-node-stream-3.0.4.tgz 0ms (cache hit)
386 http cache graceful-fs@https://registry.npmjs.org/graceful-fs/-/graceful-fs-4.2.11.tgz 0ms (cache hit)
387 http cache simple-swizzle@https://registry.npmjs.org/simple-swizzle/-/simple-swizzle-0.2.4.tgz 0ms (cache hit)
388 http cache image-size@https://registry.npmjs.org/image-size/-/image-size-1.2.1.tgz 0ms (cache hit)
389 http cache fs-extra@https://registry.npmjs.org/fs-extra/-/fs-extra-10.1.0.tgz 0ms (cache hit)
390 http cache node-webpmux@https://registry.npmjs.org/node-webpmux/-/node-webpmux-3.2.1.tgz 0ms (cache hit)
391 http cache google-tts-api@https://registry.npmjs.org/google-tts-api/-/google-tts-api-2.0.2.tgz 0ms (cache hit)
392 http cache buffer@https://registry.npmjs.org/buffer/-/buffer-5.7.1.tgz 0ms (cache hit)
393 http cache readable-stream@https://registry.npmjs.org/readable-stream/-/readable-stream-3.6.2.tgz 0ms (cache hit)
394 http cache readable-stream@https://registry.npmjs.org/readable-stream/-/readable-stream-3.6.2.tgz 0ms (cache hit)
395 http cache safe-buffer@https://registry.npmjs.org/safe-buffer/-/safe-buffer-5.2.1.tgz 0ms (cache hit)
396 http cache wa-sticker-formatter@https://registry.npmjs.org/wa-sticker-formatter/-/wa-sticker-formatter-4.4.4.tgz 0ms (cache hit)
397 http cache readable-stream@https://registry.npmjs.org/readable-stream/-/readable-stream-4.7.0.tgz 0ms (cache hit)
398 http cache strtok3@https://registry.npmjs.org/strtok3/-/strtok3-6.3.0.tgz 0ms (cache hit)
399 http cache sharp@https://registry.npmjs.org/sharp/-/sharp-0.30.7.tgz 0ms (cache hit)
400 http cache string_decoder@https://registry.npmjs.org/string_decoder/-/string_decoder-1.3.0.tgz 0ms (cache hit)
401 http cache file-type@https://registry.npmjs.org/file-type/-/file-type-16.5.4.tgz 0ms (cache hit)
402 http cache token-types@https://registry.npmjs.org/token-types/-/token-types-4.2.1.tgz 0ms (cache hit)
403 http cache axios@https://registry.npmjs.org/axios/-/axios-0.21.4.tgz 0ms (cache hit)
404 http cache axios@https://registry.npmjs.org/axios/-/axios-0.21.4.tgz 0ms (cache hit)
405 http cache events@https://registry.npmjs.org/events/-/events-3.3.0.tgz 0ms (cache hit)
406 silly tarball no local data for bl@https://registry.npmjs.org/bl/-/bl-4.1.0.tgz. Extracting by manifest.
407 silly tarball no local data for chownr@https://registry.npmjs.org/chownr/-/chownr-1.1.4.tgz. Extracting by manifest.
408 silly tarball no local data for fs-constants@https://registry.npmjs.org/fs-constants/-/fs-constants-1.0.0.tgz. Extracting by manifest.
409 silly tarball no local data for is-arrayish@https://registry.npmjs.org/is-arrayish/-/is-arrayish-0.3.4.tgz. Extracting by manifest.
410 silly tarball no local data for peek-readable@https://registry.npmjs.org/peek-readable/-/peek-readable-4.1.0.tgz. Extracting by manifest.
411 silly tarball no local data for mimic-response@https://registry.npmjs.org/mimic-response/-/mimic-response-3.1.0.tgz. Extracting by manifest.
412 silly tarball no local data for decompress-response@https://registry.npmjs.org/decompress-response/-/decompress-response-6.0.0.tgz. Extracting by manifest.
413 silly tarball no local data for tar-stream@https://registry.npmjs.org/tar-stream/-/tar-stream-2.2.0.tgz. Extracting by manifest.
414 silly tarball no local data for strip-json-comments@https://registry.npmjs.org/strip-json-comments/-/strip-json-comments-2.0.1.tgz. Extracting by manifest.
415 silly tarball no local data for simple-concat@https://registry.npmjs.org/simple-concat/-/simple-concat-1.0.1.tgz. Extracting by manifest.
416 silly tarball no local data for deep-extend@https://registry.npmjs.org/deep-extend/-/deep-extend-0.6.0.tgz. Extracting by manifest.
417 silly tarball no local data for wrappy@https://registry.npmjs.org/wrappy/-/wrappy-1.0.2.tgz. Extracting by manifest.
418 silly tarball no local data for ini@https://registry.npmjs.org/ini/-/ini-1.3.8.tgz. Extracting by manifest.
419 silly tarball no local data for end-of-stream@https://registry.npmjs.org/end-of-stream/-/end-of-stream-1.4.5.tgz. Extracting by manifest.
420 silly tarball no local data for once@https://registry.npmjs.org/once/-/once-1.4.0.tgz. Extracting by manifest.
421 silly tarball no local data for pump@https://registry.npmjs.org/pump/-/pump-3.0.4.tgz. Extracting by manifest.
422 silly tarball no local data for napi-build-utils@https://registry.npmjs.org/napi-build-utils/-/napi-build-utils-2.0.0.tgz. Extracting by manifest.
423 silly tarball no local data for rc@https://registry.npmjs.org/rc/-/rc-1.2.8.tgz. Extracting by manifest.
424 silly tarball no local data for mkdirp-classic@https://registry.npmjs.org/mkdirp-classic/-/mkdirp-classic-0.5.3.tgz. Extracting by manifest.
425 silly tarball no local data for node-abi@https://registry.npmjs.org/node-abi/-/node-abi-3.94.0.tgz. Extracting by manifest.
426 silly tarball no local data for github-from-package@https://registry.npmjs.org/github-from-package/-/github-from-package-0.0.0.tgz. Extracting by manifest.
427 silly tarball no local data for expand-template@https://registry.npmjs.org/expand-template/-/expand-template-2.0.3.tgz. Extracting by manifest.
428 silly tarball no local data for tar-fs@https://registry.npmjs.org/tar-fs/-/tar-fs-2.1.5.tgz. Extracting by manifest.
429 silly tarball no local data for simple-get@https://registry.npmjs.org/simple-get/-/simple-get-4.0.1.tgz. Extracting by manifest.
430 silly tarball no local data for prebuild-install@https://registry.npmjs.org/prebuild-install/-/prebuild-install-7.1.3.tgz. Extracting by manifest.
431 silly tarball no local data for node-addon-api@https://registry.npmjs.org/node-addon-api/-/node-addon-api-5.1.0.tgz. Extracting by manifest.
432 silly tarball no local data for color@https://registry.npmjs.org/color/-/color-4.2.3.tgz. Extracting by manifest.
433 silly tarball no local data for base64-js@https://registry.npmjs.org/base64-js/-/base64-js-1.5.1.tgz. Extracting by manifest.
434 silly tarball no local data for process@https://registry.npmjs.org/process/-/process-0.11.10.tgz. Extracting by manifest.
435 silly tarball no local data for event-target-shim@https://registry.npmjs.org/event-target-shim/-/event-target-shim-5.0.1.tgz. Extracting by manifest.
436 silly tarball no local data for buffer@https://registry.npmjs.org/buffer/-/buffer-6.0.3.tgz. Extracting by manifest.
437 silly tarball no local data for color-string@https://registry.npmjs.org/color-string/-/color-string-1.9.1.tgz. Extracting by manifest.
438 silly tarball no local data for abort-controller@https://registry.npmjs.org/abort-controller/-/abort-controller-3.0.0.tgz. Extracting by manifest.
439 silly tarball no local data for universalify@https://registry.npmjs.org/universalify/-/universalify-2.0.1.tgz. Extracting by manifest.
440 silly tarball no local data for queue@https://registry.npmjs.org/queue/-/queue-6.0.2.tgz. Extracting by manifest.
441 silly tarball no local data for jsonfile@https://registry.npmjs.org/jsonfile/-/jsonfile-6.2.1.tgz. Extracting by manifest.
442 silly tarball no local data for readable-web-to-node-stream@https://registry.npmjs.org/readable-web-to-node-stream/-/readable-web-to-node-stream-3.0.4.tgz. Extracting by manifest.
443 silly tarball no local data for graceful-fs@https://registry.npmjs.org/graceful-fs/-/graceful-fs-4.2.11.tgz. Extracting by manifest.
444 silly tarball no local data for simple-swizzle@https://registry.npmjs.org/simple-swizzle/-/simple-swizzle-0.2.4.tgz. Extracting by manifest.
445 silly tarball no local data for image-size@https://registry.npmjs.org/image-size/-/image-size-1.2.1.tgz. Extracting by manifest.
446 silly tarball no local data for fs-extra@https://registry.npmjs.org/fs-extra/-/fs-extra-10.1.0.tgz. Extracting by manifest.
447 silly tarball no local data for node-webpmux@https://registry.npmjs.org/node-webpmux/-/node-webpmux-3.2.1.tgz. Extracting by manifest.
448 silly tarball no local data for google-tts-api@https://registry.npmjs.org/google-tts-api/-/google-tts-api-2.0.2.tgz. Extracting by manifest.
449 silly tarball no local data for buffer@https://registry.npmjs.org/buffer/-/buffer-5.7.1.tgz. Extracting by manifest.
450 silly tarball no local data for readable-stream@https://registry.npmjs.org/readable-stream/-/readable-stream-3.6.2.tgz. Extracting by manifest.
451 silly tarball no local data for readable-stream@https://registry.npmjs.org/readable-stream/-/readable-stream-3.6.2.tgz. Extracting by manifest.
452 silly tarball no local data for wa-sticker-formatter@https://registry.npmjs.org/wa-sticker-formatter/-/wa-sticker-formatter-4.4.4.tgz. Extracting by manifest.
453 silly tarball no local data for readable-stream@https://registry.npmjs.org/readable-stream/-/readable-stream-4.7.0.tgz. Extracting by manifest.
454 silly tarball no local data for strtok3@https://registry.npmjs.org/strtok3/-/strtok3-6.3.0.tgz. Extracting by manifest.
455 silly tarball no local data for sharp@https://registry.npmjs.org/sharp/-/sharp-0.30.7.tgz. Extracting by manifest.
456 silly tarball no local data for string_decoder@https://registry.npmjs.org/string_decoder/-/string_decoder-1.3.0.tgz. Extracting by manifest.
457 silly tarball no local data for file-type@https://registry.npmjs.org/file-type/-/file-type-16.5.4.tgz. Extracting by manifest.
458 silly tarball no local data for token-types@https://registry.npmjs.org/token-types/-/token-types-4.2.1.tgz. Extracting by manifest.
459 silly tarball no local data for axios@https://registry.npmjs.org/axios/-/axios-0.21.4.tgz. Extracting by manifest.
460 silly tarball no local data for axios@https://registry.npmjs.org/axios/-/axios-0.21.4.tgz. Extracting by manifest.
461 silly tarball no local data for events@https://registry.npmjs.org/events/-/events-3.3.0.tgz. Extracting by manifest.
462 http fetch GET 200 https://registry.npmjs.org/fs-constants/-/fs-constants-1.0.0.tgz 784ms (cache miss)
463 http fetch GET 200 https://registry.npmjs.org/is-arrayish/-/is-arrayish-0.3.4.tgz 784ms (cache miss)
464 http fetch GET 200 https://registry.npmjs.org/mimic-response/-/mimic-response-3.1.0.tgz 782ms (cache miss)
465 http fetch GET 200 https://registry.npmjs.org/chownr/-/chownr-1.1.4.tgz 856ms (cache miss)
466 http fetch GET 200 https://registry.npmjs.org/once/-/once-1.4.0.tgz 829ms (cache miss)
467 http fetch GET 200 https://registry.npmjs.org/napi-build-utils/-/napi-build-utils-2.0.0.tgz 827ms (cache miss)
468 http fetch GET 200 https://registry.npmjs.org/pump/-/pump-3.0.4.tgz 854ms (cache miss)
469 http fetch GET 200 https://registry.npmjs.org/mkdirp-classic/-/mkdirp-classic-0.5.3.tgz 849ms (cache miss)
470 http fetch GET 200 https://registry.npmjs.org/node-abi/-/node-abi-3.94.0.tgz 847ms (cache miss)
471 http fetch GET 200 https://registry.npmjs.org/github-from-package/-/github-from-package-0.0.0.tgz 876ms (cache miss)
472 http fetch GET 200 https://registry.npmjs.org/simple-get/-/simple-get-4.0.1.tgz 908ms (cache miss)
473 http fetch POST 200 https://registry.npmjs.org/-/npm/v1/security/advisories/bulk 1145ms
474 silly audit report {
474 silly audit report   'file-type': [
474 silly audit report     {
474 silly audit report       id: 1114301,
474 silly audit report       url: 'https://github.com/advisories/GHSA-5v7r-6r5c-r473',
474 silly audit report       title: 'file-type affected by infinite loop in ASF parser on malformed input with zero-size sub-header',
474 silly audit report       severity: 'moderate',
474 silly audit report       vulnerable_versions: '>=13.0.0 <21.3.1',
474 silly audit report       cwe: [Array],
474 silly audit report       cvss: [Object]
474 silly audit report     }
474 silly audit report   ],
474 silly audit report   'form-data': [
474 silly audit report     {
474 silly audit report       id: 1109540,
474 silly audit report       url: 'https://github.com/advisories/GHSA-fjxv-7rqg-78g4',
474 silly audit report       title: 'form-data uses unsafe random function in form-data for choosing boundary',
474 silly audit report       severity: 'critical',
474 silly audit report       vulnerable_versions: '<2.5.4',
474 silly audit report       cwe: [Array],
474 silly audit report       cvss: [Object]
474 silly audit report     },
474 silly audit report     {
474 silly audit report       id: 1120745,
474 silly audit report       url: 'https://github.com/advisories/GHSA-hmw2-7cc7-3qxx',
474 silly audit report       title: 'form-data: CRLF injection in form-data via unescaped multipart field names and filenames',
474 silly audit report       severity: 'high',
474 silly audit report       vulnerable_versions: '<2.5.6',
474 silly audit report       cwe: [Array],
474 silly audit report       cvss: [Object]
474 silly audit report     }
474 silly audit report   ],
474 silly audit report   qs: [
474 silly audit report     {
474 silly audit report       id: 1113719,
474 silly audit report       url: 'https://github.com/advisories/GHSA-6rw7-vpxm-498p',
474 silly audit report       title: "qs's arrayLimit bypass in its bracket notation allows DoS via memory exhaustion",
474 silly audit report       severity: 'moderate',
474 silly audit report       vulnerable_versions: '<6.14.1',
474 silly audit report       cwe: [Array],
474 silly audit report       cvss: [Object]
474 silly audit report     }
474 silly audit report   ],
474 silly audit report   minimatch: [
474 silly audit report     {
474 silly audit report       id: 1113459,
474 silly audit report       url: 'https://github.com/advisories/GHSA-3ppc-4f35-3m26',
474 silly audit report       title: 'minimatch has a ReDoS via repeated wildcards with non-matching literal in pattern',
474 silly audit report       severity: 'high',
474 silly audit report       vulnerable_versions: '<3.1.3',
474 silly audit report       cwe: [Array],
474 silly audit report       cvss: [Object]
474 silly audit report     },
474 silly audit report     {
474 silly audit report       id: 1113538,
474 silly audit report       url: 'https://github.com/advisories/GHSA-7r86-cg39-jmmj',
474 silly audit report       title: 'minimatch has ReDoS: matchOne() combinatorial backtracking via multiple non-adjacent GLOBSTAR segments',
474 silly audit report       severity: 'high',
474 silly audit report       vulnerable_versions: '<3.1.3',
474 silly audit report       cwe: [Array],
474 silly audit report       cvss: [Object]
474 silly audit report     },
474 silly audit report     {
474 silly audit report       id: 1113546,
474 silly audit report       url: 'https://github.com/advisories/GHSA-23c5-xmqv-rm74',
474 silly audit report       title: 'minimatch ReDoS: nested *() extglobs generate catastrophically backtracking regular expressions',
474 silly audit report       severity: 'high',
474 silly audit report       vulnerable_versions: '<3.1.4',
474 silly audit report       cwe: [Array],
474 silly audit report       cvss: [Object]
474 silly audit report     }
474 silly audit report   ],
474 silly audit report   request: [
474 silly audit report     {
474 silly audit report       id: 1096727,
474 silly audit report       url: 'https://github.com/advisories/GHSA-p8p7-x288-28g6',
474 silly audit report       title: 'Server-Side Request Forgery in Request',
474 silly audit report       severity: 'moderate',
474 silly audit report       vulnerable_versions: '<=2.88.2',
474 silly audit report       cwe: [Array],
474 silly audit report       cvss: [Object]
474 silly audit report     }
474 silly audit report   ],
474 silly audit report   sharp: [
474 silly audit report     {
474 silly audit report       id: 1094888,
474 silly audit report       url: 'https://github.com/advisories/GHSA-54xq-cgqr-rpm3',
474 silly audit report       title: 'sharp vulnerability in libwebp dependency CVE-2023-4863',
474 silly audit report       severity: 'high',
474 silly audit report       vulnerable_versions: '<0.32.6',
474 silly audit report       cwe: [],
474 silly audit report       cvss: [Object]
474 silly audit report     },
474 silly audit report     {
474 silly audit report       id: 1124066,
474 silly audit report       url: 'https://github.com/advisories/GHSA-f88m-g3jw-g9cj',
474 silly audit report       title: 'sharp inherited vulnerabilities in libvips: CVE-2026-33327, CVE-2026-33328, CVE-2026-35590, CVE-2026-35591',
474 silly audit report       severity: 'high',
474 silly audit report       vulnerable_versions: '<0.35.0',
474 silly audit report       cwe: [Array],
474 silly audit report       cvss: [Object]
474 silly audit report     }
474 silly audit report   ],
474 silly audit report   'tough-cookie': [
474 silly audit report     {
474 silly audit report       id: 1097682,
474 silly audit report       url: 'https://github.com/advisories/GHSA-72xf-g2v4-qvf3',
474 silly audit report       title: 'tough-cookie Prototype Pollution vulnerability',
474 silly audit report       severity: 'moderate',
474 silly audit report       vulnerable_versions: '<4.1.3',
474 silly audit report       cwe: [Array],
474 silly audit report       cvss: [Object]
474 silly audit report     }
474 silly audit report   ],
474 silly audit report   uuid: [
474 silly audit report     {
474 silly audit report       id: 1119441,
474 silly audit report       url: 'https://github.com/advisories/GHSA-w5hq-g745-h8pq',
474 silly audit report       title: 'uuid: Missing buffer bounds check in v3/v5/v6 when buf is provided',
474 silly audit report       severity: 'moderate',
474 silly audit report       vulnerable_versions: '<11.1.1',
474 silly audit report       cwe: [Array],
474 silly audit report       cvss: [Object]
474 silly audit report     }
474 silly audit report   ],
474 silly audit report   axios: [
474 silly audit report     {
474 silly audit report       id: 1111034,
474 silly audit report       url: 'https://github.com/advisories/GHSA-jr5f-v2jv-69x6',
474 silly audit report       title: 'axios Requests Vulnerable To Possible SSRF and Credential Leakage via Absolute URL',
474 silly audit report       severity: 'high',
474 silly audit report       vulnerable_versions: '<0.30.0',
474 silly audit report       cwe: [Array],
474 silly audit report       cvss: [Object]
474 silly audit report     },
474 silly audit report     {
474 silly audit report       id: 1119403,
474 silly audit report       url: 'https://github.com/advisories/GHSA-fvcv-3m26-pcqx',
474 silly audit report       title: 'Axios has Unrestricted Cloud Metadata Exfiltration via Header Injection Chain',
474 silly audit report       severity: 'moderate',
474 silly audit report       vulnerable_versions: '<0.31.0',
474 silly audit report       cwe: [Array],
474 silly audit report       cvss: [Object]
474 silly audit report     },
474 silly audit report     {
474 silly audit report       id: 1120124,
474 silly audit report       url: 'https://github.com/advisories/GHSA-62hf-57xw-28j9',
474 silly audit report       title: 'Axios: unbounded recursion in toFormData causes DoS via deeply nested request data',
474 silly audit report       severity: 'moderate',
474 silly audit report       vulnerable_versions: '<=0.31.0',
474 silly audit report       cwe: [Array],
474 silly audit report       cvss: [Object]
474 silly audit report     },
474 silly audit report     {
474 silly audit report       id: 1120546,
474 silly audit report       url: 'https://github.com/advisories/GHSA-hfxv-24rg-xrqf',
474 silly audit report       title: 'Axios: Regular Expression Denial of Service (ReDoS) via Cookie Name Injection',
474 silly audit report       severity: 'high',
474 silly audit report       vulnerable_versions: '<=0.31.1',
474 silly audit report       cwe: [Array],
474 silly audit report       cvss: [Object]
474 silly audit report     },
474 silly audit report     {
474 silly audit report       id: 1120644,
474 silly audit report       url: 'https://github.com/advisories/GHSA-p92q-9vqr-4j8v',
474 silly audit report       title: 'Axios: Proxy-Authorization Credential Leak to Origin Server Across HTTP-to-HTTPS Redirect in Axios Node.js HTTP Adapter',
474 silly audit report       severity: 'high',
474 silly audit report       vulnerable_versions: '<=0.31.1',
474 silly audit report       cwe: [Array],
474 silly audit report       cvss: [Object]
474 silly audit report     },
474 silly audit report     {
474 silly audit report       id: 1120646,
474 silly audit report       url: 'https://github.com/advisories/GHSA-j5f8-grm9-p9fc',
474 silly audit report       title: 'Axios: Proxy-Authorization header leaks to redirect target when proxy is re-evaluated to direct connection',
474 silly audit report       severity: 'high',
474 silly audit report       vulnerable_versions: '<=0.31.1',
474 silly audit report       cwe: [Array],
474 silly audit report       cvss: [Object]
474 silly audit report     },
474 silly audit report     {
474 silly audit report       id: 1120648,
474 silly audit report       url: 'https://github.com/advisories/GHSA-3g43-6gmg-66jw',
474 silly audit report       title: 'axios Vulnerable to Credential Theft and Response Hijacking via Prototype Pollution Gadget in Config Merge',
474 silly audit report       severity: 'high',
474 silly audit report       vulnerable_versions: '>=0.19.0 <0.31.1',
474 silly audit report       cwe: [Array],
474 silly audit report       cvss: [Object]
474 silly audit report     },
474 silly audit report     {
474 silly audit report       id: 1120651,
474 silly audit report       url: 'https://github.com/advisories/GHSA-898c-q2cr-xwhg',
474 silly audit report       title: 'axios has DoS & Header Injection via Prototype Pollution Read-Side Gadgets in axios merge functions',
474 silly audit report       severity: 'moderate',
474 silly audit report       vulnerable_versions: '<=0.31.1',
474 silly audit report       cwe: [Array],
474 silly audit report       cvss: [Object]
474 silly audit report     },
474 silly audit report     {
474 silly audit report       id: 1116672,
474 silly audit report       url: 'https://github.com/advisories/GHSA-3p68-rc4w-qgx5',
474 silly audit report       title: 'Axios has a NO_PROXY Hostname Normalization Bypass that Leads to SSRF',
474 silly audit report       severity: 'moderate',
474 silly audit report       vulnerable_versions: '<0.31.0',
474 silly audit report       cwe: [Array],
474 silly audit report       cvss: [Object]
474 silly audit report     },
474 silly audit report     {
474 silly audit report       id: 1117573,
474 silly audit report       url: 'https://github.com/advisories/GHSA-w9j2-pvgh-6h63',
474 silly audit report       title: 'Axios: Authentication Bypass via Prototype Pollution Gadget in `validateStatus` Merge Strategy',
474 silly audit report       severity: 'moderate',
474 silly audit report       vulnerable_versions: '<=0.31.0',
474 silly audit report       cwe: [Array],
474 silly audit report       cvss: [Object]
474 silly audit report     },
474 silly audit report     {
474 silly audit report       id: 1117575,
474 silly audit report       url: 'https://github.com/advisories/GHSA-pmwg-cvhr-8vh7',
474 silly audit report       title: 'Axios: Incomplete Fix for CVE-2025-62718 — NO_PROXY Protection Bypassed via RFC 1122 Loopback Subnet (127.0.0.0/8) in Axios 1.15.0',
474 silly audit report       severity: 'high',
474 silly audit report       vulnerable_versions: '<=0.31.0',
474 silly audit report       cwe: [Array],
474 silly audit report       cvss: [Object]
474 silly audit report     },
474 silly audit report     {
474 silly audit report       id: 1117579,
474 silly audit report       url: 'https://github.com/advisories/GHSA-xhjh-pmcv-23jw',
474 silly audit report       title: 'Axios: Null Byte Injection via Reverse-Encoding in AxiosURLSearchParams',
474 silly audit report       severity: 'low',
474 silly audit report       vulnerable_versions: '<=0.31.0',
474 silly audit report       cwe: [Array],
474 silly audit report       cvss: [Object]
474 silly audit report     },
474 silly audit report     {
474 silly audit report       id: 1117582,
474 silly audit report       url: 'https://github.com/advisories/GHSA-m7pr-hjqh-92cm',
474 silly audit report       title: 'Axios: no_proxy bypass via IP alias allows SSRF',
474 silly audit report       severity: 'moderate',
474 silly audit report       vulnerable_versions: '<=0.31.0',
474 silly audit report       cwe: [Array],
474 silly audit report       cvss: [Object]
474 silly audit report     },
474 silly audit report     {
474 silly audit report       id: 1117586,
474 silly audit report       url: 'https://github.com/advisories/GHSA-5c9x-8gcm-mpgx',
474 silly audit report       title: "Axios' HTTP adapter-streamed uploads bypass maxBodyLength when maxRedirects: 0",
474 silly audit report       severity: 'moderate',
474 silly audit report       vulnerable_versions: '<=0.31.0',
474 silly audit report       cwe: [Array],
474 silly audit report       cvss: [Object]
474 silly audit report     },
474 silly audit report     {
474 silly audit report       id: 1117588,
474 silly audit report       url: 'https://github.com/advisories/GHSA-vf2m-468p-8v99',
474 silly audit report       title: 'Axios: HTTP adapter streamed responses bypass maxContentLength',
474 silly audit report       severity: 'moderate',
474 silly audit report       vulnerable_versions: '<=0.31.0',
474 silly audit report       cwe: [Array],
474 silly audit report       cvss: [Object]
474 silly audit report     },
474 silly audit report     {
474 silly audit report       id: 1117590,
474 silly audit report       url: 'https://github.com/advisories/GHSA-pf86-5x62-jrwf',
474 silly audit report       title: 'Axios: Prototype Pollution Gadgets - Response Tampering, Data Exfiltration, and Request Hijacking',
474 silly audit report       severity: 'high',
474 silly audit report       vulnerable_versions: '<=0.31.0',
474 silly audit report       cwe: [Array],
474 silly audit report       cvss: [Object]
474 silly audit report     },
474 silly audit report     {
474 silly audit report       id: 1117592,
474 silly audit report       url: 'https://github.com/advisories/GHSA-6chq-wfr3-2hj9',
474 silly audit report       title: 'Axios: Header Injection via Prototype Pollution',
474 silly audit report       severity: 'high',
474 silly audit report       vulnerable_versions: '<=0.31.0',
474 silly audit report       cwe: [Array],
474 silly audit report       cvss: [Object]
474 silly audit report     },
474 silly audit report     {
474 silly audit report       id: 1117594,
474 silly audit report       url: 'https://github.com/advisories/GHSA-xx6v-rp6x-q39c',
474 silly audit report       title: 'Axios: XSRF Token Cross-Origin Leakage via Prototype Pollution Gadget in `withXSRFToken` Boolean Coercion',
474 silly audit report       severity: 'moderate',
474 silly audit report       vulnerable_versions: '<=0.31.0',
474 silly audit report       cwe: [Array],
474 silly audit report       cvss: [Object]
474 silly audit report     },
474 silly audit report     {
474 silly audit report       id: 1117857,
474 silly audit report       url: 'https://github.com/advisories/GHSA-43fc-jf86-j433',
474 silly audit report       title: 'Axios is Vulnerable to Denial of Service via __proto__ Key in mergeConfig',
474 silly audit report       severity: 'high',
474 silly audit report       vulnerable_versions: '<=0.30.2',
474 silly audit report       cwe: [Array],
474 silly audit report       cvss: [Object]
474 silly audit report     },
474 silly audit report     {
474 silly audit report       id: 1123825,
474 silly audit report       url: 'https://github.com/advisories/GHSA-pjwm-pj3p-43mv',
474 silly audit report       title: "axios's shouldBypassProxy does not recognize IPv4-mapped IPv6 addresses, allowing NO_PROXY bypass (incomplete fix for CVE-2025-62718)",
474 silly audit report       severity: 'high',
474 silly audit report       vulnerable_versions: '<=0.31.1',
474 silly audit report       cwe: [Array],
474 silly audit report       cvss: [Object]
474 silly audit report     },
474 silly audit report     {
474 silly audit report       id: 1123958,
474 silly audit report       url: 'https://github.com/advisories/GHSA-mmx7-hfxf-jppx',
474 silly audit report       title: 'Axios: Prototype pollution gadgets can alter axios request construction',
474 silly audit report       severity: 'moderate',
474 silly audit report       vulnerable_versions: '<0.33.0',
474 silly audit report       cwe: [Array],
474 silly audit report       cvss: [Object]
474 silly audit report     },
474 silly audit report     {
474 silly audit report       id: 1123972,
474 silly audit report       url: 'https://github.com/advisories/GHSA-7q8q-rj6j-mhjq',
474 silly audit report       title: 'Axios: Nested axios option objects can consume polluted prototype values',
474 silly audit report       severity: 'moderate',
474 silly audit report       vulnerable_versions: '>=0.8.0 <0.33.0',
474 silly audit report       cwe: [Array],
474 silly audit report       cvss: [Object]
474 silly audit report     },
474 silly audit report     {
474 silly audit report       id: 1097679,
474 silly audit report       url: 'https://github.com/advisories/GHSA-wf5p-g6vw-rhxx',
474 silly audit report       title: 'Axios Cross-Site Request Forgery Vulnerability',
474 silly audit report       severity: 'moderate',
474 silly audit report       vulnerable_versions: '>=0.8.1 <0.28.0',
474 silly audit report       cwe: [Array],
474 silly audit report       cvss: [Object]
474 silly audit report     }
474 silly audit report   ]
474 silly audit report }
475 silly packumentCache corgi:https://registry.npmjs.org/file-type cache-miss
476 silly packumentCache corgi:https://registry.npmjs.org/form-data cache-miss
477 silly packumentCache corgi:https://registry.npmjs.org/qs cache-miss
478 silly packumentCache corgi:https://registry.npmjs.org/minimatch cache-miss
479 silly packumentCache corgi:https://registry.npmjs.org/request cache-miss
480 silly packumentCache corgi:https://registry.npmjs.org/sharp cache-miss
481 silly packumentCache corgi:https://registry.npmjs.org/tough-cookie cache-miss
482 silly packumentCache corgi:https://registry.npmjs.org/uuid cache-miss
483 silly packumentCache corgi:https://registry.npmjs.org/axios cache-miss
484 http fetch GET 200 https://registry.npmjs.org/expand-template/-/expand-template-2.0.3.tgz 1015ms (cache miss)
485 http fetch GET 200 https://registry.npmjs.org/rc/-/rc-1.2.8.tgz 1047ms (cache miss)
486 http fetch GET 200 https://registry.npmjs.org/process/-/process-0.11.10.tgz 1024ms (cache miss)
487 http fetch GET 200 https://registry.npmjs.org/prebuild-install/-/prebuild-install-7.1.3.tgz 1033ms (cache miss)
488 http fetch GET 200 https://registry.npmjs.org/base64-js/-/base64-js-1.5.1.tgz 1029ms (cache miss)
489 http fetch GET 200 https://registry.npmjs.org/color/-/color-4.2.3.tgz 1046ms (cache miss)
490 http fetch GET 200 https://registry.npmjs.org/color-string/-/color-string-1.9.1.tgz 1037ms (cache miss)
491 warn deprecated prebuild-install@7.1.3: No longer maintained. Please contact the author of the relevant native addon; alternatives are available.
492 http fetch GET 200 https://registry.npmjs.org/simple-concat/-/simple-concat-1.0.1.tgz 1126ms (cache miss)
493 http fetch GET 200 https://registry.npmjs.org/strip-json-comments/-/strip-json-comments-2.0.1.tgz 1130ms (cache miss)
494 http fetch GET 200 https://registry.npmjs.org/wrappy/-/wrappy-1.0.2.tgz 1126ms (cache miss)
495 http fetch GET 200 https://registry.npmjs.org/queue/-/queue-6.0.2.tgz 1074ms (cache miss)
496 http fetch GET 200 https://registry.npmjs.org/universalify/-/universalify-2.0.1.tgz 1078ms (cache miss)
497 http fetch GET 200 https://registry.npmjs.org/peek-readable/-/peek-readable-4.1.0.tgz 1152ms (cache miss)
498 http fetch GET 200 https://registry.npmjs.org/decompress-response/-/decompress-response-6.0.0.tgz 1149ms (cache miss)
499 http fetch GET 200 https://registry.npmjs.org/ini/-/ini-1.3.8.tgz 1137ms (cache miss)
500 http fetch GET 200 https://registry.npmjs.org/deep-extend/-/deep-extend-0.6.0.tgz 1143ms (cache miss)
501 http fetch GET 200 https://registry.npmjs.org/readable-web-to-node-stream/-/readable-web-to-node-stream-3.0.4.tgz 1085ms (cache miss)
502 http fetch GET 200 https://registry.npmjs.org/end-of-stream/-/end-of-stream-1.4.5.tgz 1139ms (cache miss)
503 http fetch GET 200 https://registry.npmjs.org/buffer/-/buffer-6.0.3.tgz 1109ms (cache miss)
504 http fetch GET 200 https://registry.npmjs.org/graceful-fs/-/graceful-fs-4.2.11.tgz 1095ms (cache miss)
505 http fetch GET 200 https://registry.npmjs.org/simple-swizzle/-/simple-swizzle-0.2.4.tgz 1094ms (cache miss)
506 http fetch GET 200 https://registry.npmjs.org/jsonfile/-/jsonfile-6.2.1.tgz 1107ms (cache miss)
507 http fetch GET 200 https://registry.npmjs.org/bl/-/bl-4.1.0.tgz 1211ms (cache miss)
508 http fetch GET 200 https://registry.npmjs.org/string_decoder/-/string_decoder-1.3.0.tgz 1111ms (cache miss)
509 http fetch GET 200 https://registry.npmjs.org/token-types/-/token-types-4.2.1.tgz 1120ms (cache miss)
510 http fetch GET 200 https://registry.npmjs.org/tar-stream/-/tar-stream-2.2.0.tgz 1225ms (cache miss)
511 http fetch GET 200 https://registry.npmjs.org/file-type/-/file-type-16.5.4.tgz 1187ms (cache miss)
512 http fetch GET 200 https://registry.npmjs.org/buffer/-/buffer-5.7.1.tgz 1255ms (cache miss)
513 http fetch GET 200 https://registry.npmjs.org/form-data 356ms (cache revalidated)
514 silly packumentCache corgi:https://registry.npmjs.org/form-data set size:55002 disposed:false
515 http fetch GET 200 https://registry.npmjs.org/qs 360ms (cache revalidated)
516 silly packumentCache corgi:https://registry.npmjs.org/qs set size:148003 disposed:false
517 http fetch GET 200 https://registry.npmjs.org/uuid 360ms (cache revalidated)
518 silly packumentCache corgi:https://registry.npmjs.org/uuid set size:82973 disposed:false
519 http fetch GET 200 https://registry.npmjs.org/minimatch 374ms (cache revalidated)
520 silly packumentCache corgi:https://registry.npmjs.org/minimatch set size:169442 disposed:false
521 http fetch GET 200 https://registry.npmjs.org/request 386ms (cache revalidated)
522 silly packumentCache corgi:https://registry.npmjs.org/request set size:129997 disposed:false
523 http fetch GET 200 https://registry.npmjs.org/event-target-shim/-/event-target-shim-5.0.1.tgz 1372ms (cache miss)
524 http fetch GET 200 https://registry.npmjs.org/abort-controller/-/abort-controller-3.0.0.tgz 1375ms (cache miss)
525 http fetch GET 200 https://registry.npmjs.org/node-addon-api/-/node-addon-api-5.1.0.tgz 1399ms (cache miss)
526 http fetch GET 200 https://registry.npmjs.org/strtok3/-/strtok3-6.3.0.tgz 1385ms (cache miss)
527 http fetch GET 200 https://registry.npmjs.org/file-type 534ms (cache miss)
528 silly packumentCache corgi:https://registry.npmjs.org/file-type set size:undefined disposed:false
529 http fetch GET 200 https://registry.npmjs.org/node-webpmux/-/node-webpmux-3.2.1.tgz 1508ms (cache miss)
530 http fetch GET 200 https://registry.npmjs.org/sharp 567ms (cache miss)
531 silly packumentCache corgi:https://registry.npmjs.org/sharp set size:undefined disposed:false
532 http fetch GET 200 https://registry.npmjs.org/tough-cookie 592ms (cache revalidated)
533 silly packumentCache corgi:https://registry.npmjs.org/tough-cookie set size:57569 disposed:false
534 http fetch GET 200 https://registry.npmjs.org/tar-fs/-/tar-fs-2.1.5.tgz 1596ms (cache miss)
535 http fetch GET 200 https://registry.npmjs.org/axios 606ms (cache miss)
536 silly packumentCache corgi:https://registry.npmjs.org/axios set size:undefined disposed:false
537 http fetch GET 200 https://registry.npmjs.org/google-tts-api/-/google-tts-api-2.0.2.tgz 1747ms (cache miss)
538 silly packumentCache corgi:https://registry.npmjs.org/wa-sticker-formatter cache-miss
539 http fetch GET 200 https://registry.npmjs.org/events/-/events-3.3.0.tgz 1764ms (cache miss)
540 http fetch GET 200 https://registry.npmjs.org/readable-stream/-/readable-stream-3.6.2.tgz 1815ms (cache miss)
541 http fetch GET 200 https://registry.npmjs.org/readable-stream/-/readable-stream-3.6.2.tgz 1837ms (cache miss)
542 http fetch GET 200 https://registry.npmjs.org/wa-sticker-formatter/-/wa-sticker-formatter-4.4.4.tgz 1858ms (cache miss)
543 http fetch GET 200 https://registry.npmjs.org/fs-extra/-/fs-extra-10.1.0.tgz 1881ms (cache miss)
544 http fetch GET 200 https://registry.npmjs.org/sharp/-/sharp-0.30.7.tgz 1884ms (cache miss)
545 http fetch GET 200 https://registry.npmjs.org/axios/-/axios-0.21.4.tgz 1902ms (cache miss)
546 http fetch GET 200 https://registry.npmjs.org/readable-stream/-/readable-stream-4.7.0.tgz 1918ms (cache miss)
547 http fetch GET 200 https://registry.npmjs.org/axios/-/axios-0.21.4.tgz 1921ms (cache miss)
548 http fetch GET 200 https://registry.npmjs.org/image-size/-/image-size-1.2.1.tgz 1958ms (cache miss)
549 info run sharp@0.30.7 install node_modules/wa-sticker-formatter/node_modules/sharp (node install/libvips && node install/dll-copy && prebuild-install) || (node install/can-compile && node-gyp rebuild && node install/dll-copy)
550 http fetch GET 200 https://registry.npmjs.org/wa-sticker-formatter 380ms (cache miss)
551 silly packumentCache corgi:https://registry.npmjs.org/wa-sticker-formatter set size:undefined disposed:false
552 silly packumentCache corgi:https://registry.npmjs.org/redstar cache-miss
553 http fetch GET 200 https://registry.npmjs.org/redstar 336ms (cache revalidated)
554 silly packumentCache corgi:https://registry.npmjs.org/redstar set size:1262 disposed:false
555 silly packumentCache corgi:https://registry.npmjs.org/node-gtts cache-miss
556 http fetch GET 200 https://registry.npmjs.org/node-gtts 389ms (cache revalidated)
557 silly packumentCache corgi:https://registry.npmjs.org/node-gtts set size:4413 disposed:false
558 silly packumentCache corgi:https://registry.npmjs.org/google-tts-api cache-miss
559 http fetch GET 200 https://registry.npmjs.org/google-tts-api 316ms (cache miss)
560 silly packumentCache corgi:https://registry.npmjs.org/google-tts-api set size:undefined disposed:false
561 silly packumentCache corgi:https://registry.npmjs.org/node-fzf cache-miss
562 http fetch GET 200 https://registry.npmjs.org/node-fzf 329ms (cache revalidated)
563 silly packumentCache corgi:https://registry.npmjs.org/node-fzf set size:42290 disposed:false
564 silly packumentCache corgi:https://registry.npmjs.org/yt-search cache-miss
565 http fetch GET 200 https://registry.npmjs.org/yt-search 327ms (cache revalidated)
566 silly packumentCache corgi:https://registry.npmjs.org/yt-search set size:126336 disposed:false
567 info run sharp@0.30.7 install { code: 1, signal: null }
568 verbose stack Error: command failed
568 verbose stack     at promiseSpawn (/data/data/com.termux/files/usr/lib/node_modules/npm/node_modules/@npmcli/promise-spawn/lib/index.js:22:22)
568 verbose stack     at spawnWithShell (/data/data/com.termux/files/usr/lib/node_modules/npm/node_modules/@npmcli/promise-spawn/lib/index.js:124:10)
568 verbose stack     at promiseSpawn (/data/data/com.termux/files/usr/lib/node_modules/npm/node_modules/@npmcli/promise-spawn/lib/index.js:12:12)
568 verbose stack     at runScriptPkg (/data/data/com.termux/files/usr/lib/node_modules/npm/node_modules/@npmcli/run-script/lib/run-script-pkg.js:79:13)
568 verbose stack     at runScript (/data/data/com.termux/files/usr/lib/node_modules/npm/node_modules/@npmcli/run-script/lib/run-script.js:9:12)
568 verbose stack     at /data/data/com.termux/files/usr/lib/node_modules/npm/node_modules/@npmcli/arborist/lib/arborist/rebuild.js:341:17
568 verbose stack     at run (/data/data/com.termux/files/usr/lib/node_modules/npm/node_modules/promise-call-limit/dist/commonjs/index.js:67:22)
568 verbose stack     at /data/data/com.termux/files/usr/lib/node_modules/npm/node_modules/promise-call-limit/dist/commonjs/index.js:84:9
568 verbose stack     at new Promise (<anonymous>)
568 verbose stack     at callLimit (/data/data/com.termux/files/usr/lib/node_modules/npm/node_modules/promise-call-limit/dist/commonjs/index.js:35:69)
569 verbose pkgid sharp@0.30.7
570 error code 1
571 error path /data/data/com.termux/files/home/node_modules/wa-sticker-formatter/node_modules/sharp
572 error command failed
573 error command sh -c (node install/libvips && node install/dll-copy && prebuild-install) || (node install/can-compile && node-gyp rebuild && node install/dll-copy)
574 error sharp: Downloading https://github.com/lovell/sharp-libvips/releases/download/v8.12.2/libvips-8.12.2-android-arm64v8.tar.br
574 error sharp: Please see https://sharp.pixelplumbing.com/install for required dependencies
575 error sharp: Installation error: Prebuilt libvips 8.12.2 binaries are not yet available for android-arm64v8
576 silly unfinished npm timer reify 1786022103892
577 silly unfinished npm timer reify:build 1786022113906
578 silly unfinished npm timer build 1786022113908
579 silly unfinished npm timer build:deps 1786022113908
580 silly unfinished npm timer build:run:install 1786022113928
581 silly unfinished npm timer build:run:install:node_modules/wa-sticker-formatter/node_modules/sharp 1786022113929
582 verbose cwd /data/data/com.termux/files/home
583 verbose os Linux 4.19.157-perf+
584 verbose node v26.3.1
585 verbose npm  v11.17.0
586 verbose exit 1
587 verbose code 1
588 error A complete log of this run can be found in: /data/data/com.termux/files/home/.npm/_logs/2026-08-06T13_15_02_024Z-debug-0.log
