0 verbose cli /data/data/com.termux/files/usr/bin/node /data/data/com.termux/files/usr/bin/npm
1 info using npm@11.17.0
2 info using node@v26.3.1
3 silly config load:file:/data/data/com.termux/files/usr/lib/node_modules/npm/npmrc
4 silly config load:file:/data/data/com.termux/files/home/.npmrc
5 silly config load:file:/data/data/com.termux/files/usr/etc/npmrc
6 verbose title npm install jimp
7 verbose argv "install" "jimp"
8 verbose logfile logs-max:10 dir:/data/data/com.termux/files/home/.npm/_logs/2026-08-06T13_26_14_252Z-
9 verbose logfile /data/data/com.termux/files/home/.npm/_logs/2026-08-06T13_26_14_252Z-debug-0.log
10 silly logfile start cleaning logs, removing 1 files
11 silly logfile done cleaning log files
12 silly packumentCache heap:1174405120 maxSize:293601280 maxEntrySize:146800640
13 silly idealTree buildDeps
14 silly fetch manifest jimp@*
15 silly packumentCache full:https://registry.npmjs.org/jimp cache-miss
16 http fetch GET 200 https://registry.npmjs.org/jimp 880ms (cache revalidated)
17 silly packumentCache full:https://registry.npmjs.org/jimp set size:1198045 disposed:false
18 silly placeDep ROOT jimp@1.6.1 OK for: home@1.0.0 want: *
19 silly fetch manifest @jimp/core@1.6.1
20 silly packumentCache full:https://registry.npmjs.org/@jimp%2fcore cache-miss
21 silly fetch manifest @jimp/diff@1.6.1
22 silly packumentCache full:https://registry.npmjs.org/@jimp%2fdiff cache-miss
23 silly fetch manifest @jimp/js-bmp@1.6.1
24 silly packumentCache full:https://registry.npmjs.org/@jimp%2fjs-bmp cache-miss
25 silly fetch manifest @jimp/js-gif@1.6.1
26 silly packumentCache full:https://registry.npmjs.org/@jimp%2fjs-gif cache-miss
27 silly fetch manifest @jimp/js-jpeg@1.6.1
28 silly packumentCache full:https://registry.npmjs.org/@jimp%2fjs-jpeg cache-miss
29 silly fetch manifest @jimp/js-png@1.6.1
30 silly packumentCache full:https://registry.npmjs.org/@jimp%2fjs-png cache-miss
31 silly fetch manifest @jimp/js-tiff@1.6.1
32 silly packumentCache full:https://registry.npmjs.org/@jimp%2fjs-tiff cache-miss
33 http fetch GET 200 https://registry.npmjs.org/@jimp%2fcore 750ms (cache miss)
34 silly packumentCache full:https://registry.npmjs.org/@jimp%2fcore set size:undefined disposed:false
35 silly fetch manifest @jimp/plugin-blit@1.6.1
36 silly packumentCache full:https://registry.npmjs.org/@jimp%2fplugin-blit cache-miss
37 http fetch GET 200 https://registry.npmjs.org/@jimp%2fjs-tiff 892ms (cache miss)
38 silly packumentCache full:https://registry.npmjs.org/@jimp%2fjs-tiff set size:undefined disposed:false
39 silly fetch manifest @jimp/plugin-blur@1.6.1
40 silly packumentCache full:https://registry.npmjs.org/@jimp%2fplugin-blur cache-miss
41 http fetch GET 200 https://registry.npmjs.org/@jimp%2fdiff 906ms (cache miss)
42 silly packumentCache full:https://registry.npmjs.org/@jimp%2fdiff set size:undefined disposed:false
43 silly fetch manifest @jimp/plugin-circle@1.6.1
44 silly packumentCache full:https://registry.npmjs.org/@jimp%2fplugin-circle cache-miss
45 http fetch GET 200 https://registry.npmjs.org/@jimp%2fjs-bmp 911ms (cache miss)
46 silly packumentCache full:https://registry.npmjs.org/@jimp%2fjs-bmp set size:undefined disposed:false
47 silly fetch manifest @jimp/plugin-color@1.6.1
48 silly packumentCache full:https://registry.npmjs.org/@jimp%2fplugin-color cache-miss
49 http fetch GET 200 https://registry.npmjs.org/@jimp%2fjs-jpeg 916ms (cache miss)
50 silly packumentCache full:https://registry.npmjs.org/@jimp%2fjs-jpeg set size:undefined disposed:false
51 silly fetch manifest @jimp/plugin-contain@1.6.1
52 silly packumentCache full:https://registry.npmjs.org/@jimp%2fplugin-contain cache-miss
53 http fetch GET 200 https://registry.npmjs.org/@jimp%2fjs-png 933ms (cache miss)
54 silly packumentCache full:https://registry.npmjs.org/@jimp%2fjs-png set size:undefined disposed:false
55 silly fetch manifest @jimp/plugin-cover@1.6.1
56 silly packumentCache full:https://registry.npmjs.org/@jimp%2fplugin-cover cache-miss
57 http fetch GET 200 https://registry.npmjs.org/@jimp%2fjs-gif 944ms (cache miss)
58 silly packumentCache full:https://registry.npmjs.org/@jimp%2fjs-gif set size:undefined disposed:false
59 silly fetch manifest @jimp/plugin-crop@1.6.1
60 silly packumentCache full:https://registry.npmjs.org/@jimp%2fplugin-crop cache-miss
61 http fetch GET 200 https://registry.npmjs.org/@jimp%2fplugin-blur 940ms (cache miss)
62 silly packumentCache full:https://registry.npmjs.org/@jimp%2fplugin-blur set size:undefined disposed:false
63 silly fetch manifest @jimp/plugin-displace@1.6.1
64 silly packumentCache full:https://registry.npmjs.org/@jimp%2fplugin-displace cache-miss
65 http fetch GET 200 https://registry.npmjs.org/@jimp%2fplugin-circle 960ms (cache miss)
66 silly packumentCache full:https://registry.npmjs.org/@jimp%2fplugin-circle set size:undefined disposed:false
67 silly fetch manifest @jimp/plugin-dither@1.6.1
68 silly packumentCache full:https://registry.npmjs.org/@jimp%2fplugin-dither cache-miss
69 http fetch GET 200 https://registry.npmjs.org/@jimp%2fplugin-crop 953ms (cache miss)
70 silly packumentCache full:https://registry.npmjs.org/@jimp%2fplugin-crop set size:undefined disposed:false
71 silly fetch manifest @jimp/plugin-fisheye@1.6.1
72 silly packumentCache full:https://registry.npmjs.org/@jimp%2fplugin-fisheye cache-miss
73 http fetch GET 200 https://registry.npmjs.org/@jimp%2fplugin-color 1012ms (cache miss)
74 silly packumentCache full:https://registry.npmjs.org/@jimp%2fplugin-color set size:undefined disposed:false
75 silly fetch manifest @jimp/plugin-flip@1.6.1
76 silly packumentCache full:https://registry.npmjs.org/@jimp%2fplugin-flip cache-miss
77 http fetch GET 200 https://registry.npmjs.org/@jimp%2fplugin-cover 1011ms (cache miss)
78 silly packumentCache full:https://registry.npmjs.org/@jimp%2fplugin-cover set size:undefined disposed:false
79 silly fetch manifest @jimp/plugin-hash@1.6.1
80 silly packumentCache full:https://registry.npmjs.org/@jimp%2fplugin-hash cache-miss
81 http fetch GET 200 https://registry.npmjs.org/@jimp%2fplugin-contain 1048ms (cache miss)
82 silly packumentCache full:https://registry.npmjs.org/@jimp%2fplugin-contain set size:undefined disposed:false
83 silly fetch manifest @jimp/plugin-mask@1.6.1
84 silly packumentCache full:https://registry.npmjs.org/@jimp%2fplugin-mask cache-miss
85 http fetch GET 200 https://registry.npmjs.org/@jimp%2fplugin-blit 1500ms (cache miss)
86 silly packumentCache full:https://registry.npmjs.org/@jimp%2fplugin-blit set size:undefined disposed:false
87 silly fetch manifest @jimp/plugin-print@1.6.1
88 silly packumentCache full:https://registry.npmjs.org/@jimp%2fplugin-print cache-miss
89 http fetch GET 200 https://registry.npmjs.org/@jimp%2fplugin-displace 584ms (cache miss)
90 silly packumentCache full:https://registry.npmjs.org/@jimp%2fplugin-displace set size:undefined disposed:false
91 silly fetch manifest @jimp/plugin-quantize@1.6.1
92 silly packumentCache full:https://registry.npmjs.org/@jimp%2fplugin-quantize cache-miss
93 http fetch GET 200 https://registry.npmjs.org/@jimp%2fplugin-dither 654ms (cache miss)
94 silly packumentCache full:https://registry.npmjs.org/@jimp%2fplugin-dither set size:undefined disposed:false
95 silly fetch manifest @jimp/plugin-resize@1.6.1
96 silly packumentCache full:https://registry.npmjs.org/@jimp%2fplugin-resize cache-miss
97 http fetch GET 200 https://registry.npmjs.org/@jimp%2fplugin-fisheye 638ms (cache miss)
98 silly packumentCache full:https://registry.npmjs.org/@jimp%2fplugin-fisheye set size:undefined disposed:false
99 silly fetch manifest @jimp/plugin-rotate@1.6.1
100 silly packumentCache full:https://registry.npmjs.org/@jimp%2fplugin-rotate cache-miss
101 http fetch GET 200 https://registry.npmjs.org/@jimp%2fplugin-flip 633ms (cache miss)
102 silly packumentCache full:https://registry.npmjs.org/@jimp%2fplugin-flip set size:undefined disposed:false
103 silly fetch manifest @jimp/plugin-threshold@1.6.1
104 silly packumentCache full:https://registry.npmjs.org/@jimp%2fplugin-threshold cache-miss
105 http fetch GET 200 https://registry.npmjs.org/@jimp%2fplugin-hash 695ms (cache miss)
106 silly packumentCache full:https://registry.npmjs.org/@jimp%2fplugin-hash set size:undefined disposed:false
107 silly fetch manifest @jimp/types@1.6.1
108 silly packumentCache full:https://registry.npmjs.org/@jimp%2ftypes cache-miss
109 http fetch GET 200 https://registry.npmjs.org/@jimp%2fplugin-mask 699ms (cache miss)
110 silly packumentCache full:https://registry.npmjs.org/@jimp%2fplugin-mask set size:undefined disposed:false
111 silly fetch manifest @jimp/utils@1.6.1
112 silly packumentCache full:https://registry.npmjs.org/@jimp%2futils cache-miss
113 http fetch GET 200 https://registry.npmjs.org/@jimp%2fplugin-print 568ms (cache miss)
114 silly packumentCache full:https://registry.npmjs.org/@jimp%2fplugin-print set size:undefined disposed:false
115 http fetch GET 200 https://registry.npmjs.org/@jimp%2fplugin-quantize 784ms (cache miss)
116 silly packumentCache full:https://registry.npmjs.org/@jimp%2fplugin-quantize set size:undefined disposed:false
117 http fetch GET 200 https://registry.npmjs.org/@jimp%2fplugin-resize 761ms (cache miss)
118 silly packumentCache full:https://registry.npmjs.org/@jimp%2fplugin-resize set size:undefined disposed:false
119 http fetch GET 200 https://registry.npmjs.org/@jimp%2fplugin-threshold 769ms (cache miss)
120 silly packumentCache full:https://registry.npmjs.org/@jimp%2fplugin-threshold set size:undefined disposed:false
121 http fetch GET 200 https://registry.npmjs.org/@jimp%2fplugin-rotate 804ms (cache miss)
122 silly packumentCache full:https://registry.npmjs.org/@jimp%2fplugin-rotate set size:undefined disposed:false
123 http fetch GET 200 https://registry.npmjs.org/@jimp%2ftypes 732ms (cache miss)
124 silly packumentCache full:https://registry.npmjs.org/@jimp%2ftypes set size:undefined disposed:false
125 http fetch GET 200 https://registry.npmjs.org/@jimp%2futils 772ms (cache miss)
126 silly packumentCache full:https://registry.npmjs.org/@jimp%2futils set size:undefined disposed:false
127 silly placeDep ROOT @jimp/core@1.6.1 OK for: jimp@1.6.1 want: 1.6.1
128 silly placeDep ROOT @jimp/diff@1.6.1 OK for: jimp@1.6.1 want: 1.6.1
129 silly placeDep ROOT @jimp/js-bmp@1.6.1 OK for: jimp@1.6.1 want: 1.6.1
130 silly placeDep ROOT @jimp/js-gif@1.6.1 OK for: jimp@1.6.1 want: 1.6.1
131 silly placeDep ROOT @jimp/js-jpeg@1.6.1 OK for: jimp@1.6.1 want: 1.6.1
132 silly placeDep ROOT @jimp/js-png@1.6.1 OK for: jimp@1.6.1 want: 1.6.1
133 silly placeDep ROOT @jimp/js-tiff@1.6.1 OK for: jimp@1.6.1 want: 1.6.1
134 silly placeDep ROOT @jimp/plugin-blit@1.6.1 OK for: jimp@1.6.1 want: 1.6.1
135 silly placeDep ROOT @jimp/plugin-blur@1.6.1 OK for: jimp@1.6.1 want: 1.6.1
136 silly placeDep ROOT @jimp/plugin-circle@1.6.1 OK for: jimp@1.6.1 want: 1.6.1
137 silly placeDep ROOT @jimp/plugin-color@1.6.1 OK for: jimp@1.6.1 want: 1.6.1
138 silly placeDep ROOT @jimp/plugin-contain@1.6.1 OK for: jimp@1.6.1 want: 1.6.1
139 silly placeDep ROOT @jimp/plugin-cover@1.6.1 OK for: jimp@1.6.1 want: 1.6.1
140 silly placeDep ROOT @jimp/plugin-crop@1.6.1 OK for: jimp@1.6.1 want: 1.6.1
141 silly placeDep ROOT @jimp/plugin-displace@1.6.1 OK for: jimp@1.6.1 want: 1.6.1
142 silly placeDep ROOT @jimp/plugin-dither@1.6.1 OK for: jimp@1.6.1 want: 1.6.1
143 silly placeDep ROOT @jimp/plugin-fisheye@1.6.1 OK for: jimp@1.6.1 want: 1.6.1
144 silly placeDep ROOT @jimp/plugin-flip@1.6.1 OK for: jimp@1.6.1 want: 1.6.1
145 silly placeDep ROOT @jimp/plugin-hash@1.6.1 OK for: jimp@1.6.1 want: 1.6.1
146 silly placeDep ROOT @jimp/plugin-mask@1.6.1 OK for: jimp@1.6.1 want: 1.6.1
147 silly placeDep ROOT @jimp/plugin-print@1.6.1 OK for: jimp@1.6.1 want: 1.6.1
148 silly placeDep ROOT @jimp/plugin-quantize@1.6.1 OK for: jimp@1.6.1 want: 1.6.1
149 silly placeDep ROOT @jimp/plugin-resize@1.6.1 OK for: jimp@1.6.1 want: 1.6.1
150 silly placeDep ROOT @jimp/plugin-rotate@1.6.1 OK for: jimp@1.6.1 want: 1.6.1
151 silly placeDep ROOT @jimp/plugin-threshold@1.6.1 OK for: jimp@1.6.1 want: 1.6.1
152 silly placeDep ROOT @jimp/types@1.6.1 OK for: jimp@1.6.1 want: 1.6.1
153 silly placeDep ROOT @jimp/utils@1.6.1 OK for: jimp@1.6.1 want: 1.6.1
154 silly fetch manifest @jimp/file-ops@1.6.1
155 silly packumentCache full:https://registry.npmjs.org/@jimp%2ffile-ops cache-miss
156 silly fetch manifest await-to-js@^3.0.0
157 silly packumentCache full:https://registry.npmjs.org/await-to-js cache-miss
158 silly fetch manifest exif-parser@^0.1.12
159 silly packumentCache full:https://registry.npmjs.org/exif-parser cache-miss
160 silly fetch manifest mime@3
161 silly packumentCache full:https://registry.npmjs.org/mime cache-miss
162 silly fetch manifest pixelmatch@^5.3.0
163 silly packumentCache full:https://registry.npmjs.org/pixelmatch cache-miss
164 silly fetch manifest bmp-ts@^1.0.9
165 silly packumentCache full:https://registry.npmjs.org/bmp-ts cache-miss
166 silly fetch manifest gifwrap@^0.10.1
167 silly packumentCache full:https://registry.npmjs.org/gifwrap cache-miss
168 http fetch GET 200 https://registry.npmjs.org/await-to-js 112ms (cache miss)
169 silly packumentCache full:https://registry.npmjs.org/await-to-js set size:undefined disposed:false
170 silly fetch manifest omggif@^1.0.10
171 silly packumentCache full:https://registry.npmjs.org/omggif cache-miss
172 http fetch GET 200 https://registry.npmjs.org/mime 124ms (cache miss)
173 silly packumentCache full:https://registry.npmjs.org/mime set size:undefined disposed:false
174 silly fetch manifest jpeg-js@^0.4.4
175 silly packumentCache full:https://registry.npmjs.org/jpeg-js cache-miss
176 http fetch GET 200 https://registry.npmjs.org/pixelmatch 136ms (cache miss)
177 silly packumentCache full:https://registry.npmjs.org/pixelmatch set size:undefined disposed:false
178 silly fetch manifest pngjs@^7.0.0
179 silly packumentCache full:https://registry.npmjs.org/pngjs cache-miss
180 http fetch GET 200 https://registry.npmjs.org/omggif 59ms (cache miss)
181 silly packumentCache full:https://registry.npmjs.org/omggif set size:undefined disposed:false
182 silly fetch manifest utif2@^4.1.0
183 silly packumentCache full:https://registry.npmjs.org/utif2 cache-miss
184 http fetch GET 200 https://registry.npmjs.org/pngjs 89ms (cache miss)
185 silly packumentCache full:https://registry.npmjs.org/pngjs set size:undefined disposed:false
186 silly fetch manifest zod@^3.23.8
187 silly packumentCache full:https://registry.npmjs.org/zod cache-miss
188 http fetch GET 200 https://registry.npmjs.org/jpeg-js 118ms (cache miss)
189 silly packumentCache full:https://registry.npmjs.org/jpeg-js set size:undefined disposed:false
190 silly fetch manifest zod@^3.23.8
191 silly packumentCache full:https://registry.npmjs.org/zod cache-miss
192 http fetch GET 200 https://registry.npmjs.org/gifwrap 301ms (cache miss)
193 silly packumentCache full:https://registry.npmjs.org/gifwrap set size:undefined disposed:false
194 silly fetch manifest tinycolor2@^1.6.0
195 silly packumentCache full:https://registry.npmjs.org/tinycolor2 cache-miss
196 http fetch GET 200 https://registry.npmjs.org/exif-parser 332ms (cache miss)
197 silly packumentCache full:https://registry.npmjs.org/exif-parser set size:undefined disposed:false
198 silly fetch manifest zod@^3.23.8
199 silly packumentCache full:https://registry.npmjs.org/zod cache-miss
200 http fetch GET 200 https://registry.npmjs.org/bmp-ts 336ms (cache miss)
201 silly packumentCache full:https://registry.npmjs.org/bmp-ts set size:undefined disposed:false
202 silly fetch manifest zod@^3.23.8
203 silly packumentCache full:https://registry.npmjs.org/zod cache-miss
204 http fetch GET 200 https://registry.npmjs.org/tinycolor2 103ms (cache miss)
205 silly packumentCache full:https://registry.npmjs.org/tinycolor2 set size:undefined disposed:false
206 silly fetch manifest zod@^3.23.8
207 silly packumentCache full:https://registry.npmjs.org/zod cache-miss
208 http fetch GET 200 https://registry.npmjs.org/utif2 360ms (cache miss)
209 silly packumentCache full:https://registry.npmjs.org/utif2 set size:undefined disposed:false
210 silly fetch manifest zod@^3.23.8
211 silly packumentCache full:https://registry.npmjs.org/zod cache-miss
212 http fetch GET 200 https://registry.npmjs.org/zod 295ms (cache miss)
213 silly packumentCache full:https://registry.npmjs.org/zod set size:undefined disposed:false
214 silly fetch manifest any-base@^1.1.0
215 silly packumentCache full:https://registry.npmjs.org/any-base cache-miss
216 http fetch GET 200 https://registry.npmjs.org/@jimp%2ffile-ops 702ms (cache miss)
217 silly packumentCache full:https://registry.npmjs.org/@jimp%2ffile-ops set size:undefined disposed:false
218 silly fetch manifest parse-bmfont-ascii@^1.0.6
219 silly packumentCache full:https://registry.npmjs.org/parse-bmfont-ascii cache-miss
220 http fetch GET 200 https://registry.npmjs.org/zod 493ms (cache miss)
221 silly packumentCache full:https://registry.npmjs.org/zod set size:undefined disposed:false
222 silly fetch manifest parse-bmfont-binary@^1.0.6
223 silly packumentCache full:https://registry.npmjs.org/parse-bmfont-binary cache-miss
224 http fetch GET 200 https://registry.npmjs.org/any-base 285ms (cache miss)
225 silly packumentCache full:https://registry.npmjs.org/any-base set size:undefined disposed:false
226 silly fetch manifest parse-bmfont-xml@^1.1.6
227 silly packumentCache full:https://registry.npmjs.org/parse-bmfont-xml cache-miss
228 http fetch GET 200 https://registry.npmjs.org/zod 598ms (cache miss)
229 silly packumentCache full:https://registry.npmjs.org/zod set size:undefined disposed:false
230 silly fetch manifest simple-xml-to-json@^1.2.2
231 silly packumentCache full:https://registry.npmjs.org/simple-xml-to-json cache-miss
232 http fetch GET 200 https://registry.npmjs.org/zod 711ms (cache miss)
233 silly packumentCache full:https://registry.npmjs.org/zod set size:undefined disposed:false
234 silly fetch manifest image-q@^4.0.0
235 silly packumentCache full:https://registry.npmjs.org/image-q cache-miss
236 http fetch GET 200 https://registry.npmjs.org/zod 713ms (cache miss)
237 silly packumentCache full:https://registry.npmjs.org/zod set size:undefined disposed:false
238 http fetch GET 200 https://registry.npmjs.org/parse-bmfont-ascii 543ms (cache miss)
239 silly packumentCache full:https://registry.npmjs.org/parse-bmfont-ascii set size:undefined disposed:false
240 http fetch GET 200 https://registry.npmjs.org/zod 704ms (cache miss)
241 silly packumentCache full:https://registry.npmjs.org/zod set size:undefined disposed:false
242 http fetch GET 200 https://registry.npmjs.org/parse-bmfont-binary 518ms (cache miss)
243 silly packumentCache full:https://registry.npmjs.org/parse-bmfont-binary set size:undefined disposed:false
244 http fetch GET 200 https://registry.npmjs.org/simple-xml-to-json 334ms (cache miss)
245 silly packumentCache full:https://registry.npmjs.org/simple-xml-to-json set size:undefined disposed:false
246 http fetch GET 200 https://registry.npmjs.org/parse-bmfont-xml 428ms (cache miss)
247 silly packumentCache full:https://registry.npmjs.org/parse-bmfont-xml set size:undefined disposed:false
248 http fetch GET 200 https://registry.npmjs.org/image-q 271ms (cache miss)
249 silly packumentCache full:https://registry.npmjs.org/image-q set size:undefined disposed:false
250 silly placeDep ROOT @jimp/file-ops@1.6.1 OK for: @jimp/core@1.6.1 want: 1.6.1
251 silly placeDep ROOT await-to-js@3.0.0 OK for: @jimp/core@1.6.1 want: ^3.0.0
252 silly placeDep ROOT exif-parser@0.1.12 OK for: @jimp/core@1.6.1 want: ^0.1.12
253 silly placeDep ROOT mime@3.0.0 OK for: @jimp/core@1.6.1 want: 3
254 silly placeDep ROOT pixelmatch@5.3.0 OK for: @jimp/diff@1.6.1 want: ^5.3.0
255 silly fetch manifest pngjs@^6.0.0
256 silly packumentCache full:https://registry.npmjs.org/pngjs cache-miss
257 http cache https://registry.npmjs.org/pngjs 12ms (cache hit)
258 silly packumentCache full:https://registry.npmjs.org/pngjs set size:70154 disposed:false
259 silly placeDep ROOT bmp-ts@1.0.9 OK for: @jimp/js-bmp@1.6.1 want: ^1.0.9
260 silly placeDep ROOT gifwrap@0.10.1 OK for: @jimp/js-gif@1.6.1 want: ^0.10.1
261 silly placeDep ROOT omggif@1.0.10 OK for: @jimp/js-gif@1.6.1 want: ^1.0.10
262 silly placeDep ROOT jpeg-js@0.4.4 OK for: @jimp/js-jpeg@1.6.1 want: ^0.4.4
263 silly placeDep ROOT pngjs@7.0.0 OK for: @jimp/js-png@1.6.1 want: ^7.0.0
264 silly placeDep ROOT utif2@4.1.0 OK for: @jimp/js-tiff@1.6.1 want: ^4.1.0
265 silly fetch manifest pako@^1.0.11
266 silly packumentCache full:https://registry.npmjs.org/pako cache-miss
267 http fetch GET 200 https://registry.npmjs.org/pako 79ms (cache miss)
268 silly packumentCache full:https://registry.npmjs.org/pako set size:undefined disposed:false
269 silly placeDep ROOT zod@3.25.76 OK for: @jimp/plugin-blit@1.6.1 want: ^3.23.8
270 silly placeDep ROOT tinycolor2@1.6.0 OK for: @jimp/plugin-color@1.6.1 want: ^1.6.0
271 silly placeDep ROOT any-base@1.1.0 OK for: @jimp/plugin-hash@1.6.1 want: ^1.1.0
272 silly placeDep ROOT parse-bmfont-ascii@1.0.6 OK for: @jimp/plugin-print@1.6.1 want: ^1.0.6
273 silly placeDep ROOT parse-bmfont-binary@1.0.6 OK for: @jimp/plugin-print@1.6.1 want: ^1.0.6
274 silly placeDep ROOT parse-bmfont-xml@1.1.6 OK for: @jimp/plugin-print@1.6.1 want: ^1.1.6
275 silly placeDep ROOT simple-xml-to-json@1.2.7 OK for: @jimp/plugin-print@1.6.1 want: ^1.2.2
276 silly fetch manifest xml-parse-from-string@^1.0.0
277 silly packumentCache full:https://registry.npmjs.org/xml-parse-from-string cache-miss
278 silly fetch manifest xml2js@^0.5.0
279 silly packumentCache full:https://registry.npmjs.org/xml2js cache-miss
280 http fetch GET 200 https://registry.npmjs.org/xml2js 101ms (cache miss)
281 silly packumentCache full:https://registry.npmjs.org/xml2js set size:undefined disposed:false
282 http fetch GET 200 https://registry.npmjs.org/xml-parse-from-string 343ms (cache miss)
283 silly packumentCache full:https://registry.npmjs.org/xml-parse-from-string set size:undefined disposed:false
284 silly placeDep ROOT image-q@4.0.0 OK for: @jimp/plugin-quantize@1.6.1 want: ^4.0.0
285 silly fetch manifest @types/node@16.9.1
286 silly packumentCache full:https://registry.npmjs.org/@types%2fnode cache-miss
287 http fetch GET 200 https://registry.npmjs.org/@types%2fnode 219ms (cache revalidated)
288 silly packumentCache full:https://registry.npmjs.org/@types%2fnode set size:11084776 disposed:false
289 silly placeDep node_modules/image-q @types/node@16.9.1 OK for: image-q@4.0.0 want: 16.9.1
290 silly placeDep ROOT xml-parse-from-string@1.0.1 OK for: parse-bmfont-xml@1.1.6 want: ^1.0.0
291 silly placeDep ROOT xml2js@0.5.0 OK for: parse-bmfont-xml@1.1.6 want: ^0.5.0
292 silly fetch manifest sax@>=0.6.0
293 silly packumentCache full:https://registry.npmjs.org/sax cache-miss
294 silly fetch manifest xmlbuilder@~11.0.0
295 silly packumentCache full:https://registry.npmjs.org/xmlbuilder cache-miss
296 http fetch GET 200 https://registry.npmjs.org/sax 86ms (cache miss)
297 silly packumentCache full:https://registry.npmjs.org/sax set size:undefined disposed:false
298 http fetch GET 200 https://registry.npmjs.org/xmlbuilder 91ms (cache miss)
299 silly packumentCache full:https://registry.npmjs.org/xmlbuilder set size:undefined disposed:false
300 silly placeDep node_modules/pixelmatch pngjs@6.0.0 OK for: pixelmatch@5.3.0 want: ^6.0.0
301 silly placeDep ROOT pako@1.0.11 OK for: utif2@4.1.0 want: ^1.0.11
302 silly placeDep ROOT sax@1.6.1 OK for: xml2js@0.5.0 want: >=0.6.0
303 silly placeDep ROOT xmlbuilder@11.0.1 OK for: xml2js@0.5.0 want: ~11.0.0
304 silly reify moves {}
305 silly audit bulk request {
305 silly audit   '@borewit/text-codec': [ '0.2.2' ],
305 silly audit   '@cacheable/memory': [ '2.2.0' ],
305 silly audit   '@cacheable/node-cache': [ '1.7.6' ],
305 silly audit   '@cacheable/utils': [ '2.5.0' ],
305 silly audit   '@emnapi/runtime': [ '1.11.3' ],
305 silly audit   '@hapi/boom': [ '9.1.4' ],
305 silly audit   '@hapi/hoek': [ '9.3.0' ],
305 silly audit   '@img/colour': [ '1.1.0' ],
305 silly audit   '@img/sharp-darwin-arm64': [ '0.35.3' ],
305 silly audit   '@img/sharp-darwin-x64': [ '0.35.3' ],
305 silly audit   '@img/sharp-freebsd-wasm32': [ '0.35.3' ],
305 silly audit   '@img/sharp-libvips-darwin-arm64': [ '1.3.2' ],
305 silly audit   '@img/sharp-libvips-darwin-x64': [ '1.3.2' ],
305 silly audit   '@img/sharp-libvips-linux-arm': [ '1.3.2' ],
305 silly audit   '@img/sharp-libvips-linux-arm64': [ '1.3.2' ],
305 silly audit   '@img/sharp-libvips-linux-ppc64': [ '1.3.2' ],
305 silly audit   '@img/sharp-libvips-linux-riscv64': [ '1.3.2' ],
305 silly audit   '@img/sharp-libvips-linux-s390x': [ '1.3.2' ],
305 silly audit   '@img/sharp-libvips-linux-x64': [ '1.3.2' ],
305 silly audit   '@img/sharp-libvips-linuxmusl-arm64': [ '1.3.2' ],
305 silly audit   '@img/sharp-libvips-linuxmusl-x64': [ '1.3.2' ],
305 silly audit   '@img/sharp-linux-arm': [ '0.35.3' ],
305 silly audit   '@img/sharp-linux-arm64': [ '0.35.3' ],
305 silly audit   '@img/sharp-linux-ppc64': [ '0.35.3' ],
305 silly audit   '@img/sharp-linux-riscv64': [ '0.35.3' ],
305 silly audit   '@img/sharp-linux-s390x': [ '0.35.3' ],
305 silly audit   '@img/sharp-linux-x64': [ '0.35.3' ],
305 silly audit   '@img/sharp-linuxmusl-arm64': [ '0.35.3' ],
305 silly audit   '@img/sharp-linuxmusl-x64': [ '0.35.3' ],
305 silly audit   '@img/sharp-wasm32': [ '0.35.3' ],
305 silly audit   '@img/sharp-webcontainers-wasm32': [ '0.35.3' ],
305 silly audit   '@img/sharp-win32-arm64': [ '0.35.3' ],
305 silly audit   '@img/sharp-win32-ia32': [ '0.35.3' ],
305 silly audit   '@img/sharp-win32-x64': [ '0.35.3' ],
305 silly audit   '@jsep-plugin/assignment': [ '1.3.0' ],
305 silly audit   '@jsep-plugin/regex': [ '1.0.4' ],
305 silly audit   '@keyv/bigmap': [ '1.3.1' ],
305 silly audit   '@keyv/serialize': [ '1.1.1' ],
305 silly audit   '@pinojs/redact': [ '0.4.0' ],
305 silly audit   '@protobufjs/aspromise': [ '1.1.2' ],
305 silly audit   '@protobufjs/base64': [ '1.1.2' ],
305 silly audit   '@protobufjs/codegen': [ '2.0.5' ],
305 silly audit   '@protobufjs/eventemitter': [ '1.1.1' ],
305 silly audit   '@protobufjs/fetch': [ '1.1.1' ],
305 silly audit   '@protobufjs/float': [ '1.0.2' ],
305 silly audit   '@protobufjs/path': [ '1.1.2' ],
305 silly audit   '@protobufjs/pool': [ '1.1.0' ],
305 silly audit   '@protobufjs/utf8': [ '1.1.2' ],
305 silly audit   '@tokenizer/inflate': [ '0.4.1' ],
305 silly audit   '@tokenizer/token': [ '0.3.0' ],
305 silly audit   '@types/node': [ '26.1.2', '16.9.1' ],
305 silly audit   '@whiskeysockets/baileys': [ '7.0.0-rc14' ],
305 silly audit   'agent-base': [ '6.0.2' ],
305 silly audit   ajv: [ '6.15.0' ],
305 silly audit   'ansi-regex': [ '3.0.1' ],
305 silly audit   asn1: [ '0.2.6' ],
305 silly audit   'assert-plus': [ '1.0.0' ],
305 silly audit   async: [ '0.2.10', '2.6.4' ],
305 silly audit   'async-mutex': [ '0.5.0' ],
305 silly audit   'async.parallellimit': [ '0.5.2' ],
305 silly audit   'async.util.eachoflimit': [ '0.5.2' ],
305 silly audit   'async.util.isarray': [ '0.5.2' ],
305 silly audit   'async.util.isarraylike': [ '0.5.2' ],
305 silly audit   'async.util.keyiterator': [ '0.5.2' ],
305 silly audit   'async.util.keys': [ '0.5.2' ],
305 silly audit   'async.util.noop': [ '0.5.2' ],
305 silly audit   'async.util.once': [ '0.5.2' ],
305 silly audit   'async.util.onlyonce': [ '0.5.2' ],
305 silly audit   'async.util.parallel': [ '0.5.2' ],
305 silly audit   'async.util.restparam': [ '0.5.2' ],
305 silly audit   asynckit: [ '0.4.0' ],
305 silly audit   'atomic-sleep': [ '1.0.0' ],
305 silly audit   'aws-sign2': [ '0.7.0' ],
305 silly audit   aws4: [ '1.13.2' ],
305 silly audit   axios: [ '1.19.0', '0.21.4' ],
305 silly audit   'balanced-match': [ '1.0.2' ],
305 silly audit   'bcrypt-pbkdf': [ '1.0.2' ],
305 silly audit   boolbase: [ '1.0.0' ],
305 silly audit   boolstring: [ '2.0.1' ],
305 silly audit   'brace-expansion': [ '1.1.18' ],
305 silly audit   cacheable: [ '2.5.0' ],
305 silly audit   'call-bind-apply-helpers': [ '1.0.2' ],
305 silly audit   'call-bound': [ '1.0.4' ],
305 silly audit   caseless: [ '0.12.0' ],
305 silly audit   cheerio: [ '1.2.0' ],
305 silly audit   'cheerio-select': [ '2.1.0' ],
305 silly audit   'combined-stream': [ '1.0.8' ],
305 silly audit   'concat-map': [ '0.0.1' ],
305 silly audit   'content-type': [ '2.0.0' ],
305 silly audit   'core-util-is': [ '1.0.3', '1.0.2' ],
305 silly audit   'css-select': [ '5.2.2' ],
305 silly audit   'css-what': [ '6.2.2' ],
305 silly audit   'curve25519-js': [ '0.0.4' ],
305 silly audit   dashdash: [ '1.14.1' ],
305 silly audit   dasu: [ '0.4.3' ],
305 silly audit   debug: [ '4.4.3' ],
305 silly audit   'delayed-stream': [ '1.0.0' ],
305 silly audit   'detect-libc': [ '2.1.2' ],
305 silly audit   'dom-serializer': [ '2.0.0' ],
305 silly audit   domelementtype: [ '2.3.0' ],
305 silly audit   domhandler: [ '5.0.3' ],
305 silly audit   domutils: [ '3.2.2' ],
305 silly audit   'dunder-proto': [ '1.0.1' ],
305 silly audit   'ecc-jsbn': [ '0.1.2' ],
305 silly audit   'encoding-sniffer': [ '0.2.1' ],
305 silly audit   entities: [ '4.5.0', '7.0.1', '6.0.1' ],
305 silly audit   'es-define-property': [ '1.0.1' ],
305 silly audit   'es-errors': [ '1.3.0' ],
305 silly audit   'es-object-atoms': [ '1.1.2' ],
305 silly audit   'es-set-tostringtag': [ '2.1.0' ],
305 silly audit   'escape-string-regexp': [ '1.0.5' ],
305 silly audit   eventemitter3: [ '5.0.4' ],
305 silly audit   extend: [ '3.0.2' ],
305 silly audit   extsprintf: [ '1.3.0' ],
305 silly audit   'fake-useragent': [ '1.0.1' ],
305 silly audit   'fast-deep-equal': [ '3.1.3' ],
305 silly audit   'fast-json-stable-stringify': [ '2.1.0' ],
305 silly audit   'file-type': [ '21.3.4' ],
305 silly audit   'fluent-ffmpeg': [ '2.1.3' ],
305 silly audit   'follow-redirects': [ '1.16.0' ],
305 silly audit   'forever-agent': [ '0.6.1' ],
305 silly audit   'form-data': [ '4.0.6', '2.3.3' ],
305 silly audit   'function-bind': [ '1.1.2' ],
305 silly audit   'get-intrinsic': [ '1.3.0' ],
305 silly audit   'get-proto': [ '1.0.1' ],
305 silly audit   getpass: [ '0.1.7' ],
305 silly audit   'google-tts-api': [ '2.0.2' ],
305 silly audit   gopd: [ '1.2.0' ],
305 silly audit   'har-schema': [ '2.0.0' ],
305 silly audit   'har-validator': [ '5.1.5' ],
305 silly audit   'has-symbols': [ '1.1.0' ],
305 silly audit   'has-tostringtag': [ '1.0.2' ],
305 silly audit   hashery: [ '1.5.1' ],
305 silly audit   hasown: [ '2.0.4' ],
305 silly audit   hookified: [ '1.15.1', '2.2.0' ],
305 silly audit   htmlparser2: [ '10.1.0' ],
305 silly audit   'http-signature': [ '1.2.0' ],
305 silly audit   'https-proxy-agent': [ '5.0.1' ],
305 silly audit   'human-time': [ '0.0.2' ],
305 silly audit   'iconv-lite': [ '0.6.3' ],
305 silly audit   ieee754: [ '1.2.1' ],
305 silly audit   inherits: [ '2.0.4' ],
305 silly audit   'instagram-url-direct': [ '2.0.7' ],
305 silly audit   qs: [ '6.15.3', '6.5.5' ],
305 silly audit   'is-fullwidth-code-point': [ '2.0.0' ],
305 silly audit   'is-typedarray': [ '1.0.0' ],
305 silly audit   isarray: [ '1.0.0' ],
305 silly audit   isexe: [ '2.0.0' ],
305 silly audit   isstream: [ '0.1.2' ],
305 silly audit   jsbn: [ '0.1.1' ],
305 silly audit   jsep: [ '1.4.0' ],
305 silly audit   'json-schema': [ '0.4.0' ],
305 silly audit   'json-schema-traverse': [ '0.4.1' ],
305 silly audit   'json-stringify-safe': [ '5.0.1' ],
305 silly audit   'jsonpath-plus': [ '10.3.0' ],
305 silly audit   jsprim: [ '1.4.2' ],
305 silly audit   keypress: [ '0.2.1' ],
305 silly audit   keyv: [ '5.6.0' ],
305 silly audit   libsignal: [ '6.0.0' ],
305 silly audit   lodash: [ '4.18.1' ],
305 silly audit   long: [ '5.3.2' ],
305 silly audit   'lru-cache': [ '11.5.2' ],
305 silly audit   'math-intrinsics': [ '1.1.0' ],
305 silly audit   'media-typer': [ '2.0.0' ],
305 silly audit   'mime-db': [ '1.52.0' ],
305 silly audit   'mime-types': [ '2.1.35' ],
305 silly audit   'mimic-fn': [ '2.1.0' ],
305 silly audit   minimatch: [ '3.0.8' ],
305 silly audit   minimist: [ '1.2.8' ],
305 silly audit   ms: [ '2.1.3' ],
305 silly audit   multistream: [ '2.1.1' ],
305 silly audit   'music-metadata': [ '11.14.0' ],
305 silly audit   'node-fetch': [ '2.7.0' ],
305 silly audit   'node-fzf': [ '0.14.0' ],
305 silly audit   'node-gtts': [ '2.0.2' ],
305 silly audit   'nth-check': [ '2.1.1' ],
305 silly audit   'oauth-sign': [ '0.9.0' ],
305 silly audit   'object-inspect': [ '1.13.4' ],
305 silly audit   'on-exit-leak-free': [ '2.1.2' ],
305 silly audit   onetime: [ '5.1.2' ],
305 silly audit   'p-queue': [ '9.3.3' ],
305 silly audit   'p-timeout': [ '7.0.1' ],
305 silly audit   parse5: [ '7.3.0' ],
305 silly audit   'parse5-htmlparser2-tree-adapter': [ '7.1.0' ],
305 silly audit   'parse5-parser-stream': [ '7.1.2' ],
305 silly audit   'performance-now': [ '2.1.0' ],
305 silly audit   picocolors: [ '1.1.1' ],
305 silly audit   pino: [ '9.14.0' ],
305 silly audit   'pino-abstract-transport': [ '2.0.0' ],
305 silly audit   'pino-std-serializers': [ '7.1.0' ],
305 silly audit   'process-nextick-args': [ '2.0.1' ],
305 silly audit   'process-warning': [ '5.1.0' ],
305 silly audit   protobufjs: [ '7.6.5' ],
305 silly audit   'proxy-from-env': [ '2.1.0' ],
305 silly audit   psl: [ '1.15.0' ],
305 silly audit   punycode: [ '2.3.1' ],
305 silly audit   qified: [ '0.10.1' ],
305 silly audit   'qrcode-terminal': [ '0.12.0' ],
305 silly audit   'quick-format-unescaped': [ '4.0.4' ],
305 silly audit   'readable-stream': [ '2.3.8' ],
305 silly audit   'real-require': [ '0.2.0' ],
305 silly audit   redstar: [ '0.0.2' ],
305 silly audit   request: [ '2.88.2' ],
305 silly audit   'restore-cursor': [ '3.1.0' ],
305 silly audit   'safe-buffer': [ '5.1.2' ],
305 silly audit   'safe-stable-stringify': [ '2.5.0' ],
305 silly audit   'safer-buffer': [ '2.1.2' ],
305 silly audit   semver: [ '7.8.5' ],
305 silly audit   sharp: [ '0.35.3' ],
305 silly audit   'side-channel': [ '1.1.1' ],
305 silly audit   'side-channel-list': [ '1.0.1' ],
305 silly audit   'side-channel-map': [ '1.0.1' ],
305 silly audit   'side-channel-weakmap': [ '1.0.2' ],
305 silly audit   'signal-exit': [ '3.0.7' ],
305 silly audit   'sonic-boom': [ '4.2.1' ],
305 silly audit   split2: [ '4.2.0' ],
305 silly audit   sshpk: [ '1.18.0' ],
305 silly audit   string_decoder: [ '1.1.1' ],
305 silly audit   'string-width': [ '2.1.1' ],
305 silly audit   'strip-ansi': [ '4.0.0' ],
305 silly audit   strtok3: [ '10.3.5' ],
305 silly audit   'thread-stream': [ '3.2.0' ],
305 silly audit   'token-types': [ '6.1.2' ],
305 silly audit   'tough-cookie': [ '2.5.0' ],
305 silly audit   tr46: [ '0.0.3' ],
305 silly audit   tslib: [ '2.8.1' ],
305 silly audit   ttys: [ '0.0.3' ],
305 silly audit   'tunnel-agent': [ '0.6.0' ],
305 silly audit   tweetnacl: [ '0.14.5' ],
305 silly audit   'uint8array-extras': [ '1.5.0' ],
305 silly audit   undici: [ '7.29.0' ],
305 silly audit   'undici-types': [ '8.3.0' ],
305 silly audit   'uri-js': [ '4.4.1' ],
305 silly audit   'util-deprecate': [ '1.0.2' ],
305 silly audit   uuid: [ '3.4.0' ],
305 silly audit   verror: [ '1.10.0' ],
305 silly audit   'webidl-conversions': [ '3.0.1' ],
305 silly audit   'whatsapp-rust-bridge': [ '0.5.4' ],
305 silly audit   'whatwg-encoding': [ '3.1.1' ],
305 silly audit   'whatwg-mimetype': [ '4.0.0' ],
305 silly audit   'whatwg-url': [ '5.0.0' ],
305 silly audit   which: [ '1.3.1' ],
305 silly audit   'win-guid': [ '0.2.1' ],
305 silly audit   ws: [ '8.21.2' ],
305 silly audit   'yt-search': [ '2.13.1' ],
305 silly audit   jimp: [ '1.6.1' ],
305 silly audit   '@jimp/core': [ '1.6.1' ],
305 silly audit   '@jimp/diff': [ '1.6.1' ],
305 silly audit   '@jimp/js-bmp': [ '1.6.1' ],
305 silly audit   '@jimp/js-gif': [ '1.6.1' ],
305 silly audit   '@jimp/js-jpeg': [ '1.6.1' ],
305 silly audit   '@jimp/js-png': [ '1.6.1' ],
305 silly audit   '@jimp/js-tiff': [ '1.6.1' ],
305 silly audit   '@jimp/plugin-blit': [ '1.6.1' ],
305 silly audit   '@jimp/plugin-blur': [ '1.6.1' ],
305 silly audit   '@jimp/plugin-circle': [ '1.6.1' ],
305 silly audit   '@jimp/plugin-color': [ '1.6.1' ],
305 silly audit   '@jimp/plugin-contain': [ '1.6.1' ],
305 silly audit   '@jimp/plugin-cover': [ '1.6.1' ],
305 silly audit   '@jimp/plugin-crop': [ '1.6.1' ],
305 silly audit   '@jimp/plugin-displace': [ '1.6.1' ],
305 silly audit   '@jimp/plugin-dither': [ '1.6.1' ],
305 silly audit   '@jimp/plugin-fisheye': [ '1.6.1' ],
305 silly audit   '@jimp/plugin-flip': [ '1.6.1' ],
305 silly audit   '@jimp/plugin-hash': [ '1.6.1' ],
305 silly audit   '@jimp/plugin-mask': [ '1.6.1' ],
305 silly audit   '@jimp/plugin-print': [ '1.6.1' ],
305 silly audit   '@jimp/plugin-quantize': [ '1.6.1' ],
305 silly audit   '@jimp/plugin-resize': [ '1.6.1' ],
305 silly audit   '@jimp/plugin-rotate': [ '1.6.1' ],
305 silly audit   '@jimp/plugin-threshold': [ '1.6.1' ],
305 silly audit   '@jimp/types': [ '1.6.1' ],
305 silly audit   '@jimp/utils': [ '1.6.1' ],
305 silly audit   '@jimp/file-ops': [ '1.6.1' ],
305 silly audit   'await-to-js': [ '3.0.0' ],
305 silly audit   'exif-parser': [ '0.1.12' ],
305 silly audit   mime: [ '3.0.0' ],
305 silly audit   pixelmatch: [ '5.3.0' ],
305 silly audit   'bmp-ts': [ '1.0.9' ],
305 silly audit   gifwrap: [ '0.10.1' ],
305 silly audit   omggif: [ '1.0.10' ],
305 silly audit   'jpeg-js': [ '0.4.4' ],
305 silly audit   pngjs: [ '7.0.0', '6.0.0' ],
305 silly audit   utif2: [ '4.1.0' ],
305 silly audit   zod: [ '3.25.76' ],
305 silly audit   tinycolor2: [ '1.6.0' ],
305 silly audit   'any-base': [ '1.1.0' ],
305 silly audit   'parse-bmfont-ascii': [ '1.0.6' ],
305 silly audit   'parse-bmfont-binary': [ '1.0.6' ],
305 silly audit   'parse-bmfont-xml': [ '1.1.6' ],
305 silly audit   'simple-xml-to-json': [ '1.2.7' ],
305 silly audit   'image-q': [ '4.0.0' ],
305 silly audit   'xml-parse-from-string': [ '1.0.1' ],
305 silly audit   xml2js: [ '0.5.0' ],
305 silly audit   pako: [ '1.0.11' ],
305 silly audit   sax: [ '1.6.1' ],
305 silly audit   xmlbuilder: [ '11.0.1' ]
305 silly audit }
306 http cache pako@https://registry.npmjs.org/pako/-/pako-1.0.11.tgz 0ms (cache hit)
307 http cache sax@https://registry.npmjs.org/sax/-/sax-1.6.1.tgz 0ms (cache hit)
308 http cache xml2js@https://registry.npmjs.org/xml2js/-/xml2js-0.5.0.tgz 0ms (cache hit)
309 http cache xml-parse-from-string@https://registry.npmjs.org/xml-parse-from-string/-/xml-parse-from-string-1.0.1.tgz 1ms (cache hit)
310 http cache xmlbuilder@https://registry.npmjs.org/xmlbuilder/-/xmlbuilder-11.0.1.tgz 0ms (cache hit)
311 http cache image-q@https://registry.npmjs.org/image-q/-/image-q-4.0.0.tgz 0ms (cache hit)
312 http cache simple-xml-to-json@https://registry.npmjs.org/simple-xml-to-json/-/simple-xml-to-json-1.2.7.tgz 0ms (cache hit)
313 http cache parse-bmfont-binary@https://registry.npmjs.org/parse-bmfont-binary/-/parse-bmfont-binary-1.0.6.tgz 0ms (cache hit)
314 http cache parse-bmfont-xml@https://registry.npmjs.org/parse-bmfont-xml/-/parse-bmfont-xml-1.1.6.tgz 0ms (cache hit)
315 http cache parse-bmfont-ascii@https://registry.npmjs.org/parse-bmfont-ascii/-/parse-bmfont-ascii-1.0.6.tgz 0ms (cache hit)
316 http cache any-base@https://registry.npmjs.org/any-base/-/any-base-1.1.0.tgz 0ms (cache hit)
317 http cache tinycolor2@https://registry.npmjs.org/tinycolor2/-/tinycolor2-1.6.0.tgz 0ms (cache hit)
318 http cache zod@https://registry.npmjs.org/zod/-/zod-3.25.76.tgz 0ms (cache hit)
319 http cache utif2@https://registry.npmjs.org/utif2/-/utif2-4.1.0.tgz 0ms (cache hit)
320 http cache pngjs@https://registry.npmjs.org/pngjs/-/pngjs-7.0.0.tgz 0ms (cache hit)
321 http cache jpeg-js@https://registry.npmjs.org/jpeg-js/-/jpeg-js-0.4.4.tgz 0ms (cache hit)
322 http cache omggif@https://registry.npmjs.org/omggif/-/omggif-1.0.10.tgz 0ms (cache hit)
323 http cache gifwrap@https://registry.npmjs.org/gifwrap/-/gifwrap-0.10.1.tgz 0ms (cache hit)
324 http cache pixelmatch@https://registry.npmjs.org/pixelmatch/-/pixelmatch-5.3.0.tgz 1ms (cache hit)
325 http cache mime@https://registry.npmjs.org/mime/-/mime-3.0.0.tgz 0ms (cache hit)
326 http cache exif-parser@https://registry.npmjs.org/exif-parser/-/exif-parser-0.1.12.tgz 0ms (cache hit)
327 http cache await-to-js@https://registry.npmjs.org/await-to-js/-/await-to-js-3.0.0.tgz 0ms (cache hit)
328 http cache @jimp/file-ops@https://registry.npmjs.org/@jimp/file-ops/-/file-ops-1.6.1.tgz 0ms (cache hit)
329 http cache @jimp/utils@https://registry.npmjs.org/@jimp/utils/-/utils-1.6.1.tgz 0ms (cache hit)
330 http cache @jimp/types@https://registry.npmjs.org/@jimp/types/-/types-1.6.1.tgz 0ms (cache hit)
331 http cache @jimp/plugin-threshold@https://registry.npmjs.org/@jimp/plugin-threshold/-/plugin-threshold-1.6.1.tgz 0ms (cache hit)
332 http cache bmp-ts@https://registry.npmjs.org/bmp-ts/-/bmp-ts-1.0.9.tgz 0ms (cache hit)
333 http cache @jimp/plugin-rotate@https://registry.npmjs.org/@jimp/plugin-rotate/-/plugin-rotate-1.6.1.tgz 0ms (cache hit)
334 http cache @jimp/plugin-resize@https://registry.npmjs.org/@jimp/plugin-resize/-/plugin-resize-1.6.1.tgz 0ms (cache hit)
335 http cache @jimp/plugin-quantize@https://registry.npmjs.org/@jimp/plugin-quantize/-/plugin-quantize-1.6.1.tgz 0ms (cache hit)
336 http cache @jimp/plugin-print@https://registry.npmjs.org/@jimp/plugin-print/-/plugin-print-1.6.1.tgz 0ms (cache hit)
337 http cache @jimp/plugin-mask@https://registry.npmjs.org/@jimp/plugin-mask/-/plugin-mask-1.6.1.tgz 0ms (cache hit)
338 http cache @jimp/plugin-flip@https://registry.npmjs.org/@jimp/plugin-flip/-/plugin-flip-1.6.1.tgz 0ms (cache hit)
339 http cache @jimp/plugin-hash@https://registry.npmjs.org/@jimp/plugin-hash/-/plugin-hash-1.6.1.tgz 0ms (cache hit)
340 http cache @jimp/plugin-fisheye@https://registry.npmjs.org/@jimp/plugin-fisheye/-/plugin-fisheye-1.6.1.tgz 1ms (cache hit)
341 http cache @jimp/plugin-dither@https://registry.npmjs.org/@jimp/plugin-dither/-/plugin-dither-1.6.1.tgz 0ms (cache hit)
342 http cache @jimp/plugin-displace@https://registry.npmjs.org/@jimp/plugin-displace/-/plugin-displace-1.6.1.tgz 0ms (cache hit)
343 http cache @jimp/plugin-crop@https://registry.npmjs.org/@jimp/plugin-crop/-/plugin-crop-1.6.1.tgz 0ms (cache hit)
344 http cache @jimp/plugin-cover@https://registry.npmjs.org/@jimp/plugin-cover/-/plugin-cover-1.6.1.tgz 0ms (cache hit)
345 http cache @jimp/plugin-contain@https://registry.npmjs.org/@jimp/plugin-contain/-/plugin-contain-1.6.1.tgz 0ms (cache hit)
346 http cache @jimp/plugin-color@https://registry.npmjs.org/@jimp/plugin-color/-/plugin-color-1.6.1.tgz 0ms (cache hit)
347 http cache @jimp/plugin-circle@https://registry.npmjs.org/@jimp/plugin-circle/-/plugin-circle-1.6.1.tgz 0ms (cache hit)
348 http cache @jimp/plugin-blur@https://registry.npmjs.org/@jimp/plugin-blur/-/plugin-blur-1.6.1.tgz 0ms (cache hit)
349 http cache @jimp/plugin-blit@https://registry.npmjs.org/@jimp/plugin-blit/-/plugin-blit-1.6.1.tgz 0ms (cache hit)
350 http cache @jimp/js-png@https://registry.npmjs.org/@jimp/js-png/-/js-png-1.6.1.tgz 0ms (cache hit)
351 http cache @jimp/js-jpeg@https://registry.npmjs.org/@jimp/js-jpeg/-/js-jpeg-1.6.1.tgz 0ms (cache hit)
352 http cache @jimp/js-gif@https://registry.npmjs.org/@jimp/js-gif/-/js-gif-1.6.1.tgz 0ms (cache hit)
353 http cache @jimp/js-tiff@https://registry.npmjs.org/@jimp/js-tiff/-/js-tiff-1.6.1.tgz 0ms (cache hit)
354 http cache @jimp/js-bmp@https://registry.npmjs.org/@jimp/js-bmp/-/js-bmp-1.6.1.tgz 0ms (cache hit)
355 http cache @jimp/diff@https://registry.npmjs.org/@jimp/diff/-/diff-1.6.1.tgz 0ms (cache hit)
356 http cache @jimp/core@https://registry.npmjs.org/@jimp/core/-/core-1.6.1.tgz 0ms (cache hit)
357 http cache jimp@https://registry.npmjs.org/jimp/-/jimp-1.6.1.tgz 0ms (cache hit)
358 http cache pngjs@https://registry.npmjs.org/pngjs/-/pngjs-6.0.0.tgz 0ms (cache hit)
359 http cache @types/node@https://registry.npmjs.org/@types/node/-/node-16.9.1.tgz 0ms (cache hit)
360 silly tarball no local data for pako@https://registry.npmjs.org/pako/-/pako-1.0.11.tgz. Extracting by manifest.
361 silly tarball no local data for sax@https://registry.npmjs.org/sax/-/sax-1.6.1.tgz. Extracting by manifest.
362 silly tarball no local data for xml2js@https://registry.npmjs.org/xml2js/-/xml2js-0.5.0.tgz. Extracting by manifest.
363 silly tarball no local data for xml-parse-from-string@https://registry.npmjs.org/xml-parse-from-string/-/xml-parse-from-string-1.0.1.tgz. Extracting by manifest.
364 silly tarball no local data for xmlbuilder@https://registry.npmjs.org/xmlbuilder/-/xmlbuilder-11.0.1.tgz. Extracting by manifest.
365 silly tarball no local data for image-q@https://registry.npmjs.org/image-q/-/image-q-4.0.0.tgz. Extracting by manifest.
366 silly tarball no local data for simple-xml-to-json@https://registry.npmjs.org/simple-xml-to-json/-/simple-xml-to-json-1.2.7.tgz. Extracting by manifest.
367 silly tarball no local data for parse-bmfont-binary@https://registry.npmjs.org/parse-bmfont-binary/-/parse-bmfont-binary-1.0.6.tgz. Extracting by manifest.
368 silly tarball no local data for parse-bmfont-xml@https://registry.npmjs.org/parse-bmfont-xml/-/parse-bmfont-xml-1.1.6.tgz. Extracting by manifest.
369 silly tarball no local data for tinycolor2@https://registry.npmjs.org/tinycolor2/-/tinycolor2-1.6.0.tgz. Extracting by manifest.
370 silly tarball no local data for parse-bmfont-ascii@https://registry.npmjs.org/parse-bmfont-ascii/-/parse-bmfont-ascii-1.0.6.tgz. Extracting by manifest.
371 silly tarball no local data for any-base@https://registry.npmjs.org/any-base/-/any-base-1.1.0.tgz. Extracting by manifest.
372 silly tarball no local data for utif2@https://registry.npmjs.org/utif2/-/utif2-4.1.0.tgz. Extracting by manifest.
373 silly tarball no local data for zod@https://registry.npmjs.org/zod/-/zod-3.25.76.tgz. Extracting by manifest.
374 silly tarball no local data for pngjs@https://registry.npmjs.org/pngjs/-/pngjs-7.0.0.tgz. Extracting by manifest.
375 silly tarball no local data for jpeg-js@https://registry.npmjs.org/jpeg-js/-/jpeg-js-0.4.4.tgz. Extracting by manifest.
376 silly tarball no local data for omggif@https://registry.npmjs.org/omggif/-/omggif-1.0.10.tgz. Extracting by manifest.
377 silly tarball no local data for gifwrap@https://registry.npmjs.org/gifwrap/-/gifwrap-0.10.1.tgz. Extracting by manifest.
378 silly tarball no local data for pixelmatch@https://registry.npmjs.org/pixelmatch/-/pixelmatch-5.3.0.tgz. Extracting by manifest.
379 silly tarball no local data for mime@https://registry.npmjs.org/mime/-/mime-3.0.0.tgz. Extracting by manifest.
380 silly tarball no local data for await-to-js@https://registry.npmjs.org/await-to-js/-/await-to-js-3.0.0.tgz. Extracting by manifest.
381 silly tarball no local data for exif-parser@https://registry.npmjs.org/exif-parser/-/exif-parser-0.1.12.tgz. Extracting by manifest.
382 silly tarball no local data for @jimp/types@https://registry.npmjs.org/@jimp/types/-/types-1.6.1.tgz. Extracting by manifest.
383 silly tarball no local data for bmp-ts@https://registry.npmjs.org/bmp-ts/-/bmp-ts-1.0.9.tgz. Extracting by manifest.
384 silly tarball no local data for @jimp/plugin-rotate@https://registry.npmjs.org/@jimp/plugin-rotate/-/plugin-rotate-1.6.1.tgz. Extracting by manifest.
385 silly tarball no local data for @jimp/plugin-threshold@https://registry.npmjs.org/@jimp/plugin-threshold/-/plugin-threshold-1.6.1.tgz. Extracting by manifest.
386 silly tarball no local data for @jimp/file-ops@https://registry.npmjs.org/@jimp/file-ops/-/file-ops-1.6.1.tgz. Extracting by manifest.
387 silly tarball no local data for @jimp/utils@https://registry.npmjs.org/@jimp/utils/-/utils-1.6.1.tgz. Extracting by manifest.
388 silly tarball no local data for @jimp/plugin-resize@https://registry.npmjs.org/@jimp/plugin-resize/-/plugin-resize-1.6.1.tgz. Extracting by manifest.
389 silly tarball no local data for @jimp/plugin-quantize@https://registry.npmjs.org/@jimp/plugin-quantize/-/plugin-quantize-1.6.1.tgz. Extracting by manifest.
390 silly tarball no local data for @jimp/plugin-print@https://registry.npmjs.org/@jimp/plugin-print/-/plugin-print-1.6.1.tgz. Extracting by manifest.
391 silly tarball no local data for @jimp/plugin-mask@https://registry.npmjs.org/@jimp/plugin-mask/-/plugin-mask-1.6.1.tgz. Extracting by manifest.
392 silly tarball no local data for @jimp/plugin-flip@https://registry.npmjs.org/@jimp/plugin-flip/-/plugin-flip-1.6.1.tgz. Extracting by manifest.
393 silly tarball no local data for @jimp/plugin-hash@https://registry.npmjs.org/@jimp/plugin-hash/-/plugin-hash-1.6.1.tgz. Extracting by manifest.
394 silly tarball no local data for @jimp/plugin-fisheye@https://registry.npmjs.org/@jimp/plugin-fisheye/-/plugin-fisheye-1.6.1.tgz. Extracting by manifest.
395 silly tarball no local data for @jimp/plugin-dither@https://registry.npmjs.org/@jimp/plugin-dither/-/plugin-dither-1.6.1.tgz. Extracting by manifest.
396 silly tarball no local data for @jimp/plugin-displace@https://registry.npmjs.org/@jimp/plugin-displace/-/plugin-displace-1.6.1.tgz. Extracting by manifest.
397 silly tarball no local data for @jimp/plugin-crop@https://registry.npmjs.org/@jimp/plugin-crop/-/plugin-crop-1.6.1.tgz. Extracting by manifest.
398 silly tarball no local data for @jimp/plugin-contain@https://registry.npmjs.org/@jimp/plugin-contain/-/plugin-contain-1.6.1.tgz. Extracting by manifest.
399 silly tarball no local data for @jimp/plugin-cover@https://registry.npmjs.org/@jimp/plugin-cover/-/plugin-cover-1.6.1.tgz. Extracting by manifest.
400 silly tarball no local data for @jimp/plugin-color@https://registry.npmjs.org/@jimp/plugin-color/-/plugin-color-1.6.1.tgz. Extracting by manifest.
401 silly tarball no local data for @jimp/plugin-circle@https://registry.npmjs.org/@jimp/plugin-circle/-/plugin-circle-1.6.1.tgz. Extracting by manifest.
402 silly tarball no local data for @jimp/plugin-blur@https://registry.npmjs.org/@jimp/plugin-blur/-/plugin-blur-1.6.1.tgz. Extracting by manifest.
403 silly tarball no local data for @jimp/plugin-blit@https://registry.npmjs.org/@jimp/plugin-blit/-/plugin-blit-1.6.1.tgz. Extracting by manifest.
404 silly tarball no local data for @jimp/js-png@https://registry.npmjs.org/@jimp/js-png/-/js-png-1.6.1.tgz. Extracting by manifest.
405 silly tarball no local data for @jimp/js-jpeg@https://registry.npmjs.org/@jimp/js-jpeg/-/js-jpeg-1.6.1.tgz. Extracting by manifest.
406 silly tarball no local data for @jimp/js-gif@https://registry.npmjs.org/@jimp/js-gif/-/js-gif-1.6.1.tgz. Extracting by manifest.
407 silly tarball no local data for @jimp/js-tiff@https://registry.npmjs.org/@jimp/js-tiff/-/js-tiff-1.6.1.tgz. Extracting by manifest.
408 silly tarball no local data for @jimp/js-bmp@https://registry.npmjs.org/@jimp/js-bmp/-/js-bmp-1.6.1.tgz. Extracting by manifest.
409 silly tarball no local data for @jimp/diff@https://registry.npmjs.org/@jimp/diff/-/diff-1.6.1.tgz. Extracting by manifest.
410 silly tarball no local data for @jimp/core@https://registry.npmjs.org/@jimp/core/-/core-1.6.1.tgz. Extracting by manifest.
411 silly tarball no local data for jimp@https://registry.npmjs.org/jimp/-/jimp-1.6.1.tgz. Extracting by manifest.
412 silly tarball no local data for pngjs@https://registry.npmjs.org/pngjs/-/pngjs-6.0.0.tgz. Extracting by manifest.
413 silly tarball no local data for @types/node@https://registry.npmjs.org/@types/node/-/node-16.9.1.tgz. Extracting by manifest.
414 http fetch POST 200 https://registry.npmjs.org/-/npm/v1/security/advisories/bulk 528ms
415 silly audit report {
415 silly audit report   axios: [
415 silly audit report     {
415 silly audit report       id: 1111034,
415 silly audit report       url: 'https://github.com/advisories/GHSA-jr5f-v2jv-69x6',
415 silly audit report       title: 'axios Requests Vulnerable To Possible SSRF and Credential Leakage via Absolute URL',
415 silly audit report       severity: 'high',
415 silly audit report       vulnerable_versions: '<0.30.0',
415 silly audit report       cwe: [Array],
415 silly audit report       cvss: [Object]
415 silly audit report     },
415 silly audit report     {
415 silly audit report       id: 1119403,
415 silly audit report       url: 'https://github.com/advisories/GHSA-fvcv-3m26-pcqx',
415 silly audit report       title: 'Axios has Unrestricted Cloud Metadata Exfiltration via Header Injection Chain',
415 silly audit report       severity: 'moderate',
415 silly audit report       vulnerable_versions: '<0.31.0',
415 silly audit report       cwe: [Array],
415 silly audit report       cvss: [Object]
415 silly audit report     },
415 silly audit report     {
415 silly audit report       id: 1120124,
415 silly audit report       url: 'https://github.com/advisories/GHSA-62hf-57xw-28j9',
415 silly audit report       title: 'Axios: unbounded recursion in toFormData causes DoS via deeply nested request data',
415 silly audit report       severity: 'moderate',
415 silly audit report       vulnerable_versions: '<=0.31.0',
415 silly audit report       cwe: [Array],
415 silly audit report       cvss: [Object]
415 silly audit report     },
415 silly audit report     {
415 silly audit report       id: 1120546,
415 silly audit report       url: 'https://github.com/advisories/GHSA-hfxv-24rg-xrqf',
415 silly audit report       title: 'Axios: Regular Expression Denial of Service (ReDoS) via Cookie Name Injection',
415 silly audit report       severity: 'high',
415 silly audit report       vulnerable_versions: '<=0.31.1',
415 silly audit report       cwe: [Array],
415 silly audit report       cvss: [Object]
415 silly audit report     },
415 silly audit report     {
415 silly audit report       id: 1120644,
415 silly audit report       url: 'https://github.com/advisories/GHSA-p92q-9vqr-4j8v',
415 silly audit report       title: 'Axios: Proxy-Authorization Credential Leak to Origin Server Across HTTP-to-HTTPS Redirect in Axios Node.js HTTP Adapter',
415 silly audit report       severity: 'high',
415 silly audit report       vulnerable_versions: '<=0.31.1',
415 silly audit report       cwe: [Array],
415 silly audit report       cvss: [Object]
415 silly audit report     },
415 silly audit report     {
415 silly audit report       id: 1120646,
415 silly audit report       url: 'https://github.com/advisories/GHSA-j5f8-grm9-p9fc',
415 silly audit report       title: 'Axios: Proxy-Authorization header leaks to redirect target when proxy is re-evaluated to direct connection',
415 silly audit report       severity: 'high',
415 silly audit report       vulnerable_versions: '<=0.31.1',
415 silly audit report       cwe: [Array],
415 silly audit report       cvss: [Object]
415 silly audit report     },
415 silly audit report     {
415 silly audit report       id: 1120648,
415 silly audit report       url: 'https://github.com/advisories/GHSA-3g43-6gmg-66jw',
415 silly audit report       title: 'axios Vulnerable to Credential Theft and Response Hijacking via Prototype Pollution Gadget in Config Merge',
415 silly audit report       severity: 'high',
415 silly audit report       vulnerable_versions: '>=0.19.0 <0.31.1',
415 silly audit report       cwe: [Array],
415 silly audit report       cvss: [Object]
415 silly audit report     },
415 silly audit report     {
415 silly audit report       id: 1120651,
415 silly audit report       url: 'https://github.com/advisories/GHSA-898c-q2cr-xwhg',
415 silly audit report       title: 'axios has DoS & Header Injection via Prototype Pollution Read-Side Gadgets in axios merge functions',
415 silly audit report       severity: 'moderate',
415 silly audit report       vulnerable_versions: '<=0.31.1',
415 silly audit report       cwe: [Array],
415 silly audit report       cvss: [Object]
415 silly audit report     },
415 silly audit report     {
415 silly audit report       id: 1116672,
415 silly audit report       url: 'https://github.com/advisories/GHSA-3p68-rc4w-qgx5',
415 silly audit report       title: 'Axios has a NO_PROXY Hostname Normalization Bypass that Leads to SSRF',
415 silly audit report       severity: 'moderate',
415 silly audit report       vulnerable_versions: '<0.31.0',
415 silly audit report       cwe: [Array],
415 silly audit report       cvss: [Object]
415 silly audit report     },
415 silly audit report     {
415 silly audit report       id: 1117573,
415 silly audit report       url: 'https://github.com/advisories/GHSA-w9j2-pvgh-6h63',
415 silly audit report       title: 'Axios: Authentication Bypass via Prototype Pollution Gadget in `validateStatus` Merge Strategy',
415 silly audit report       severity: 'moderate',
415 silly audit report       vulnerable_versions: '<=0.31.0',
415 silly audit report       cwe: [Array],
415 silly audit report       cvss: [Object]
415 silly audit report     },
415 silly audit report     {
415 silly audit report       id: 1117575,
415 silly audit report       url: 'https://github.com/advisories/GHSA-pmwg-cvhr-8vh7',
415 silly audit report       title: 'Axios: Incomplete Fix for CVE-2025-62718 — NO_PROXY Protection Bypassed via RFC 1122 Loopback Subnet (127.0.0.0/8) in Axios 1.15.0',
415 silly audit report       severity: 'high',
415 silly audit report       vulnerable_versions: '<=0.31.0',
415 silly audit report       cwe: [Array],
415 silly audit report       cvss: [Object]
415 silly audit report     },
415 silly audit report     {
415 silly audit report       id: 1117579,
415 silly audit report       url: 'https://github.com/advisories/GHSA-xhjh-pmcv-23jw',
415 silly audit report       title: 'Axios: Null Byte Injection via Reverse-Encoding in AxiosURLSearchParams',
415 silly audit report       severity: 'low',
415 silly audit report       vulnerable_versions: '<=0.31.0',
415 silly audit report       cwe: [Array],
415 silly audit report       cvss: [Object]
415 silly audit report     },
415 silly audit report     {
415 silly audit report       id: 1117582,
415 silly audit report       url: 'https://github.com/advisories/GHSA-m7pr-hjqh-92cm',
415 silly audit report       title: 'Axios: no_proxy bypass via IP alias allows SSRF',
415 silly audit report       severity: 'moderate',
415 silly audit report       vulnerable_versions: '<=0.31.0',
415 silly audit report       cwe: [Array],
415 silly audit report       cvss: [Object]
415 silly audit report     },
415 silly audit report     {
415 silly audit report       id: 1117586,
415 silly audit report       url: 'https://github.com/advisories/GHSA-5c9x-8gcm-mpgx',
415 silly audit report       title: "Axios' HTTP adapter-streamed uploads bypass maxBodyLength when maxRedirects: 0",
415 silly audit report       severity: 'moderate',
415 silly audit report       vulnerable_versions: '<=0.31.0',
415 silly audit report       cwe: [Array],
415 silly audit report       cvss: [Object]
415 silly audit report     },
415 silly audit report     {
415 silly audit report       id: 1117588,
415 silly audit report       url: 'https://github.com/advisories/GHSA-vf2m-468p-8v99',
415 silly audit report       title: 'Axios: HTTP adapter streamed responses bypass maxContentLength',
415 silly audit report       severity: 'moderate',
415 silly audit report       vulnerable_versions: '<=0.31.0',
415 silly audit report       cwe: [Array],
415 silly audit report       cvss: [Object]
415 silly audit report     },
415 silly audit report     {
415 silly audit report       id: 1117590,
415 silly audit report       url: 'https://github.com/advisories/GHSA-pf86-5x62-jrwf',
415 silly audit report       title: 'Axios: Prototype Pollution Gadgets - Response Tampering, Data Exfiltration, and Request Hijacking',
415 silly audit report       severity: 'high',
415 silly audit report       vulnerable_versions: '<=0.31.0',
415 silly audit report       cwe: [Array],
415 silly audit report       cvss: [Object]
415 silly audit report     },
415 silly audit report     {
415 silly audit report       id: 1117592,
415 silly audit report       url: 'https://github.com/advisories/GHSA-6chq-wfr3-2hj9',
415 silly audit report       title: 'Axios: Header Injection via Prototype Pollution',
415 silly audit report       severity: 'high',
415 silly audit report       vulnerable_versions: '<=0.31.0',
415 silly audit report       cwe: [Array],
415 silly audit report       cvss: [Object]
415 silly audit report     },
415 silly audit report     {
415 silly audit report       id: 1117594,
415 silly audit report       url: 'https://github.com/advisories/GHSA-xx6v-rp6x-q39c',
415 silly audit report       title: 'Axios: XSRF Token Cross-Origin Leakage via Prototype Pollution Gadget in `withXSRFToken` Boolean Coercion',
415 silly audit report       severity: 'moderate',
415 silly audit report       vulnerable_versions: '<=0.31.0',
415 silly audit report       cwe: [Array],
415 silly audit report       cvss: [Object]
415 silly audit report     },
415 silly audit report     {
415 silly audit report       id: 1117857,
415 silly audit report       url: 'https://github.com/advisories/GHSA-43fc-jf86-j433',
415 silly audit report       title: 'Axios is Vulnerable to Denial of Service via __proto__ Key in mergeConfig',
415 silly audit report       severity: 'high',
415 silly audit report       vulnerable_versions: '<=0.30.2',
415 silly audit report       cwe: [Array],
415 silly audit report       cvss: [Object]
415 silly audit report     },
415 silly audit report     {
415 silly audit report       id: 1123825,
415 silly audit report       url: 'https://github.com/advisories/GHSA-pjwm-pj3p-43mv',
415 silly audit report       title: "axios's shouldBypassProxy does not recognize IPv4-mapped IPv6 addresses, allowing NO_PROXY bypass (incomplete fix for CVE-2025-62718)",
415 silly audit report       severity: 'high',
415 silly audit report       vulnerable_versions: '<=0.31.1',
415 silly audit report       cwe: [Array],
415 silly audit report       cvss: [Object]
415 silly audit report     },
415 silly audit report     {
415 silly audit report       id: 1123958,
415 silly audit report       url: 'https://github.com/advisories/GHSA-mmx7-hfxf-jppx',
415 silly audit report       title: 'Axios: Prototype pollution gadgets can alter axios request construction',
415 silly audit report       severity: 'moderate',
415 silly audit report       vulnerable_versions: '<0.33.0',
415 silly audit report       cwe: [Array],
415 silly audit report       cvss: [Object]
415 silly audit report     },
415 silly audit report     {
415 silly audit report       id: 1123972,
415 silly audit report       url: 'https://github.com/advisories/GHSA-7q8q-rj6j-mhjq',
415 silly audit report       title: 'Axios: Nested axios option objects can consume polluted prototype values',
415 silly audit report       severity: 'moderate',
415 silly audit report       vulnerable_versions: '>=0.8.0 <0.33.0',
415 silly audit report       cwe: [Array],
415 silly audit report       cvss: [Object]
415 silly audit report     },
415 silly audit report     {
415 silly audit report       id: 1097679,
415 silly audit report       url: 'https://github.com/advisories/GHSA-wf5p-g6vw-rhxx',
415 silly audit report       title: 'Axios Cross-Site Request Forgery Vulnerability',
415 silly audit report       severity: 'moderate',
415 silly audit report       vulnerable_versions: '>=0.8.1 <0.28.0',
415 silly audit report       cwe: [Array],
415 silly audit report       cvss: [Object]
415 silly audit report     }
415 silly audit report   ],
415 silly audit report   'form-data': [
415 silly audit report     {
415 silly audit report       id: 1109540,
415 silly audit report       url: 'https://github.com/advisories/GHSA-fjxv-7rqg-78g4',
415 silly audit report       title: 'form-data uses unsafe random function in form-data for choosing boundary',
415 silly audit report       severity: 'critical',
415 silly audit report       vulnerable_versions: '<2.5.4',
415 silly audit report       cwe: [Array],
415 silly audit report       cvss: [Object]
415 silly audit report     },
415 silly audit report     {
415 silly audit report       id: 1120745,
415 silly audit report       url: 'https://github.com/advisories/GHSA-hmw2-7cc7-3qxx',
415 silly audit report       title: 'form-data: CRLF injection in form-data via unescaped multipart field names and filenames',
415 silly audit report       severity: 'high',
415 silly audit report       vulnerable_versions: '<2.5.6',
415 silly audit report       cwe: [Array],
415 silly audit report       cvss: [Object]
415 silly audit report     }
415 silly audit report   ],
415 silly audit report   qs: [
415 silly audit report     {
415 silly audit report       id: 1113719,
415 silly audit report       url: 'https://github.com/advisories/GHSA-6rw7-vpxm-498p',
415 silly audit report       title: "qs's arrayLimit bypass in its bracket notation allows DoS via memory exhaustion",
415 silly audit report       severity: 'moderate',
415 silly audit report       vulnerable_versions: '<6.14.1',
415 silly audit report       cwe: [Array],
415 silly audit report       cvss: [Object]
415 silly audit report     }
415 silly audit report   ],
415 silly audit report   minimatch: [
415 silly audit report     {
415 silly audit report       id: 1113459,
415 silly audit report       url: 'https://github.com/advisories/GHSA-3ppc-4f35-3m26',
415 silly audit report       title: 'minimatch has a ReDoS via repeated wildcards with non-matching literal in pattern',
415 silly audit report       severity: 'high',
415 silly audit report       vulnerable_versions: '<3.1.3',
415 silly audit report       cwe: [Array],
415 silly audit report       cvss: [Object]
415 silly audit report     },
415 silly audit report     {
415 silly audit report       id: 1113538,
415 silly audit report       url: 'https://github.com/advisories/GHSA-7r86-cg39-jmmj',
415 silly audit report       title: 'minimatch has ReDoS: matchOne() combinatorial backtracking via multiple non-adjacent GLOBSTAR segments',
415 silly audit report       severity: 'high',
415 silly audit report       vulnerable_versions: '<3.1.3',
415 silly audit report       cwe: [Array],
415 silly audit report       cvss: [Object]
415 silly audit report     },
415 silly audit report     {
415 silly audit report       id: 1113546,
415 silly audit report       url: 'https://github.com/advisories/GHSA-23c5-xmqv-rm74',
415 silly audit report       title: 'minimatch ReDoS: nested *() extglobs generate catastrophically backtracking regular expressions',
415 silly audit report       severity: 'high',
415 silly audit report       vulnerable_versions: '<3.1.4',
415 silly audit report       cwe: [Array],
415 silly audit report       cvss: [Object]
415 silly audit report     }
415 silly audit report   ],
415 silly audit report   request: [
415 silly audit report     {
415 silly audit report       id: 1096727,
415 silly audit report       url: 'https://github.com/advisories/GHSA-p8p7-x288-28g6',
415 silly audit report       title: 'Server-Side Request Forgery in Request',
415 silly audit report       severity: 'moderate',
415 silly audit report       vulnerable_versions: '<=2.88.2',
415 silly audit report       cwe: [Array],
415 silly audit report       cvss: [Object]
415 silly audit report     }
415 silly audit report   ],
415 silly audit report   'tough-cookie': [
415 silly audit report     {
415 silly audit report       id: 1097682,
415 silly audit report       url: 'https://github.com/advisories/GHSA-72xf-g2v4-qvf3',
415 silly audit report       title: 'tough-cookie Prototype Pollution vulnerability',
415 silly audit report       severity: 'moderate',
415 silly audit report       vulnerable_versions: '<4.1.3',
415 silly audit report       cwe: [Array],
415 silly audit report       cvss: [Object]
415 silly audit report     }
415 silly audit report   ],
415 silly audit report   uuid: [
415 silly audit report     {
415 silly audit report       id: 1119441,
415 silly audit report       url: 'https://github.com/advisories/GHSA-w5hq-g745-h8pq',
415 silly audit report       title: 'uuid: Missing buffer bounds check in v3/v5/v6 when buf is provided',
415 silly audit report       severity: 'moderate',
415 silly audit report       vulnerable_versions: '<11.1.1',
415 silly audit report       cwe: [Array],
415 silly audit report       cvss: [Object]
415 silly audit report     }
415 silly audit report   ]
415 silly audit report }
416 silly packumentCache corgi:https://registry.npmjs.org/axios cache-miss
417 silly packumentCache corgi:https://registry.npmjs.org/form-data cache-miss
418 silly packumentCache corgi:https://registry.npmjs.org/qs cache-miss
419 silly packumentCache corgi:https://registry.npmjs.org/minimatch cache-miss
420 silly packumentCache corgi:https://registry.npmjs.org/request cache-miss
421 silly packumentCache corgi:https://registry.npmjs.org/tough-cookie cache-miss
422 silly packumentCache corgi:https://registry.npmjs.org/uuid cache-miss
423 http fetch GET 200 https://registry.npmjs.org/xml-parse-from-string/-/xml-parse-from-string-1.0.1.tgz 788ms (cache miss)
424 http fetch GET 200 https://registry.npmjs.org/sax/-/sax-1.6.1.tgz 805ms (cache miss)
425 http fetch GET 200 https://registry.npmjs.org/omggif/-/omggif-1.0.10.tgz 806ms (cache miss)
426 http fetch GET 200 https://registry.npmjs.org/pixelmatch/-/pixelmatch-5.3.0.tgz 847ms (cache miss)
427 http fetch GET 200 https://registry.npmjs.org/jpeg-js/-/jpeg-js-0.4.4.tgz 877ms (cache miss)
428 http fetch GET 200 https://registry.npmjs.org/mime/-/mime-3.0.0.tgz 870ms (cache miss)
429 http fetch GET 200 https://registry.npmjs.org/xml2js/-/xml2js-0.5.0.tgz 916ms (cache miss)
430 http fetch GET 200 https://registry.npmjs.org/parse-bmfont-binary/-/parse-bmfont-binary-1.0.6.tgz 908ms (cache miss)
431 http fetch GET 200 https://registry.npmjs.org/parse-bmfont-ascii/-/parse-bmfont-ascii-1.0.6.tgz 904ms (cache miss)
432 http fetch GET 200 https://registry.npmjs.org/parse-bmfont-xml/-/parse-bmfont-xml-1.1.6.tgz 924ms (cache miss)
433 http fetch GET 200 https://registry.npmjs.org/@jimp/types/-/types-1.6.1.tgz 897ms (cache miss)
434 http fetch GET 200 https://registry.npmjs.org/any-base/-/any-base-1.1.0.tgz 990ms (cache miss)
435 http fetch GET 200 https://registry.npmjs.org/@jimp/plugin-rotate/-/plugin-rotate-1.6.1.tgz 966ms (cache miss)
436 http fetch GET 200 https://registry.npmjs.org/@jimp/file-ops/-/file-ops-1.6.1.tgz 964ms (cache miss)
437 http fetch GET 200 https://registry.npmjs.org/@jimp/utils/-/utils-1.6.1.tgz 976ms (cache miss)
438 http fetch GET 200 https://registry.npmjs.org/@jimp/plugin-crop/-/plugin-crop-1.6.1.tgz 1177ms (cache miss)
439 http fetch GET 200 https://registry.npmjs.org/qs 888ms (cache revalidated)
440 silly packumentCache corgi:https://registry.npmjs.org/qs set size:148003 disposed:false
441 http fetch GET 200 https://registry.npmjs.org/form-data 901ms (cache revalidated)
442 silly packumentCache corgi:https://registry.npmjs.org/form-data set size:55002 disposed:false
443 http fetch GET 200 https://registry.npmjs.org/axios 913ms (cache revalidated)
444 silly packumentCache corgi:https://registry.npmjs.org/axios set size:299759 disposed:false
445 http fetch GET 200 https://registry.npmjs.org/simple-xml-to-json/-/simple-xml-to-json-1.2.7.tgz 1354ms (cache miss)
446 http fetch GET 200 https://registry.npmjs.org/request 948ms (cache revalidated)
447 silly packumentCache corgi:https://registry.npmjs.org/request set size:129997 disposed:false
448 http fetch GET 200 https://registry.npmjs.org/minimatch 958ms (cache revalidated)
449 silly packumentCache corgi:https://registry.npmjs.org/minimatch set size:169442 disposed:false
450 http fetch GET 200 https://registry.npmjs.org/@jimp/plugin-circle/-/plugin-circle-1.6.1.tgz 1314ms (cache miss)
451 http fetch GET 200 https://registry.npmjs.org/@jimp/plugin-cover/-/plugin-cover-1.6.1.tgz 1319ms (cache miss)
452 http fetch GET 200 https://registry.npmjs.org/utif2/-/utif2-4.1.0.tgz 1379ms (cache miss)
453 http fetch GET 200 https://registry.npmjs.org/@jimp/plugin-contain/-/plugin-contain-1.6.1.tgz 1341ms (cache miss)
454 http fetch GET 200 https://registry.npmjs.org/tough-cookie 1026ms (cache revalidated)
455 silly packumentCache corgi:https://registry.npmjs.org/tough-cookie set size:57569 disposed:false
456 http fetch GET 200 https://registry.npmjs.org/uuid 1029ms (cache revalidated)
457 silly packumentCache corgi:https://registry.npmjs.org/uuid set size:82973 disposed:false
458 silly packumentCache corgi:https://registry.npmjs.org/google-tts-api cache-miss
459 http fetch GET 200 https://registry.npmjs.org/@jimp/js-jpeg/-/js-jpeg-1.6.1.tgz 1455ms (cache miss)
460 http fetch GET 200 https://registry.npmjs.org/tinycolor2/-/tinycolor2-1.6.0.tgz 1824ms (cache miss)
461 http fetch GET 200 https://registry.npmjs.org/@jimp/plugin-dither/-/plugin-dither-1.6.1.tgz 1804ms (cache miss)
462 http fetch GET 200 https://registry.npmjs.org/exif-parser/-/exif-parser-0.1.12.tgz 1850ms (cache miss)
463 http fetch GET 200 https://registry.npmjs.org/@jimp/plugin-mask/-/plugin-mask-1.6.1.tgz 1838ms (cache miss)
464 http fetch GET 200 https://registry.npmjs.org/@jimp/plugin-fisheye/-/plugin-fisheye-1.6.1.tgz 1835ms (cache miss)
465 http fetch GET 200 https://registry.npmjs.org/@jimp/plugin-flip/-/plugin-flip-1.6.1.tgz 1869ms (cache miss)
466 http fetch GET 200 https://registry.npmjs.org/@jimp/js-gif/-/js-gif-1.6.1.tgz 1890ms (cache miss)
467 http fetch GET 200 https://registry.npmjs.org/google-tts-api 523ms (cache revalidated)
468 silly packumentCache corgi:https://registry.npmjs.org/google-tts-api set size:13872 disposed:false
469 http fetch GET 200 https://registry.npmjs.org/@jimp/js-tiff/-/js-tiff-1.6.1.tgz 1906ms (cache miss)
470 http fetch GET 200 https://registry.npmjs.org/@jimp/plugin-quantize/-/plugin-quantize-1.6.1.tgz 1943ms (cache miss)
471 http fetch GET 200 https://registry.npmjs.org/pngjs/-/pngjs-7.0.0.tgz 1987ms (cache miss)
472 http fetch GET 200 https://registry.npmjs.org/@jimp/plugin-displace/-/plugin-displace-1.6.1.tgz 1953ms (cache miss)
473 http fetch GET 200 https://registry.npmjs.org/@jimp/diff/-/diff-1.6.1.tgz 1956ms (cache miss)
474 http fetch GET 200 https://registry.npmjs.org/@jimp/plugin-threshold/-/plugin-threshold-1.6.1.tgz 2069ms (cache miss)
475 silly packumentCache corgi:https://registry.npmjs.org/redstar cache-miss
476 http fetch GET 200 https://registry.npmjs.org/xmlbuilder/-/xmlbuilder-11.0.1.tgz 2216ms (cache miss)
477 http fetch GET 200 https://registry.npmjs.org/@jimp/js-bmp/-/js-bmp-1.6.1.tgz 2198ms (cache miss)
478 http fetch GET 200 https://registry.npmjs.org/pako/-/pako-1.0.11.tgz 2310ms (cache miss)
479 http fetch GET 200 https://registry.npmjs.org/pngjs/-/pngjs-6.0.0.tgz 2214ms (cache miss)
480 http fetch GET 200 https://registry.npmjs.org/@jimp/plugin-hash/-/plugin-hash-1.6.1.tgz 2250ms (cache miss)
481 http fetch GET 200 https://registry.npmjs.org/@jimp/js-png/-/js-png-1.6.1.tgz 2279ms (cache miss)
482 http fetch GET 200 https://registry.npmjs.org/@jimp/plugin-blur/-/plugin-blur-1.6.1.tgz 2346ms (cache miss)
483 http fetch GET 200 https://registry.npmjs.org/@jimp/plugin-color/-/plugin-color-1.6.1.tgz 2378ms (cache miss)
484 http fetch GET 200 https://registry.npmjs.org/await-to-js/-/await-to-js-3.0.0.tgz 2417ms (cache miss)
485 http fetch GET 200 https://registry.npmjs.org/bmp-ts/-/bmp-ts-1.0.9.tgz 2453ms (cache miss)
486 http fetch GET 200 https://registry.npmjs.org/@jimp/plugin-blit/-/plugin-blit-1.6.1.tgz 2478ms (cache miss)
487 http fetch GET 200 https://registry.npmjs.org/@types/node/-/node-16.9.1.tgz 2463ms (cache miss)
488 http fetch GET 200 https://registry.npmjs.org/@jimp/plugin-resize/-/plugin-resize-1.6.1.tgz 2571ms (cache miss)
489 http fetch GET 200 https://registry.npmjs.org/jimp/-/jimp-1.6.1.tgz 2678ms (cache miss)
490 http fetch GET 200 https://registry.npmjs.org/redstar 660ms (cache revalidated)
491 silly packumentCache corgi:https://registry.npmjs.org/redstar set size:1262 disposed:false
492 silly packumentCache corgi:https://registry.npmjs.org/node-gtts cache-miss
493 http fetch GET 200 https://registry.npmjs.org/@jimp/core/-/core-1.6.1.tgz 2806ms (cache miss)
494 http fetch GET 200 https://registry.npmjs.org/gifwrap/-/gifwrap-0.10.1.tgz 3131ms (cache miss)
495 http fetch GET 200 https://registry.npmjs.org/node-gtts 407ms (cache revalidated)
496 silly packumentCache corgi:https://registry.npmjs.org/node-gtts set size:4413 disposed:false
497 silly packumentCache corgi:https://registry.npmjs.org/node-fzf cache-miss
498 http fetch GET 200 https://registry.npmjs.org/image-q/-/image-q-4.0.0.tgz 3326ms (cache miss)
499 http fetch GET 200 https://registry.npmjs.org/@jimp/plugin-print/-/plugin-print-1.6.1.tgz 3340ms (cache miss)
500 http fetch GET 200 https://registry.npmjs.org/node-fzf 278ms (cache revalidated)
501 silly packumentCache corgi:https://registry.npmjs.org/node-fzf set size:42290 disposed:false
502 silly packumentCache corgi:https://registry.npmjs.org/yt-search cache-miss
503 http fetch GET 200 https://registry.npmjs.org/yt-search 275ms (cache revalidated)
504 silly packumentCache corgi:https://registry.npmjs.org/yt-search set size:126336 disposed:false
505 http fetch GET 200 https://registry.npmjs.org/zod/-/zod-3.25.76.tgz 3916ms (cache miss)
506 silly ADD node_modules/xmlbuilder
507 silly ADD node_modules/sax
508 silly ADD node_modules/pako
509 silly ADD node_modules/xml2js
510 silly ADD node_modules/xml-parse-from-string
511 silly ADD node_modules/image-q
512 silly ADD node_modules/image-q/node_modules/@types/node
513 silly ADD node_modules/simple-xml-to-json
514 silly ADD node_modules/parse-bmfont-xml
515 silly ADD node_modules/parse-bmfont-binary
516 silly ADD node_modules/parse-bmfont-ascii
517 silly ADD node_modules/any-base
518 silly ADD node_modules/tinycolor2
519 silly ADD node_modules/zod
520 silly ADD node_modules/utif2
521 silly ADD node_modules/pngjs
522 silly ADD node_modules/jpeg-js
523 silly ADD node_modules/omggif
524 silly ADD node_modules/gifwrap
525 silly ADD node_modules/bmp-ts
526 silly ADD node_modules/pixelmatch
527 silly ADD node_modules/pixelmatch/node_modules/pngjs
528 silly ADD node_modules/mime
529 silly ADD node_modules/exif-parser
530 silly ADD node_modules/await-to-js
531 silly ADD node_modules/@jimp/file-ops
532 silly ADD node_modules/@jimp/utils
533 silly ADD node_modules/@jimp/types
534 silly ADD node_modules/@jimp/plugin-threshold
535 silly ADD node_modules/@jimp/plugin-rotate
536 silly ADD node_modules/@jimp/plugin-resize
537 silly ADD node_modules/@jimp/plugin-quantize
538 silly ADD node_modules/@jimp/plugin-print
539 silly ADD node_modules/@jimp/plugin-mask
540 silly ADD node_modules/@jimp/plugin-hash
541 silly ADD node_modules/@jimp/plugin-flip
542 silly ADD node_modules/@jimp/plugin-fisheye
543 silly ADD node_modules/@jimp/plugin-dither
544 silly ADD node_modules/@jimp/plugin-displace
545 silly ADD node_modules/@jimp/plugin-crop
546 silly ADD node_modules/@jimp/plugin-cover
547 silly ADD node_modules/@jimp/plugin-contain
548 silly ADD node_modules/@jimp/plugin-color
549 silly ADD node_modules/@jimp/plugin-circle
550 silly ADD node_modules/@jimp/plugin-blur
551 silly ADD node_modules/@jimp/plugin-blit
552 silly ADD node_modules/@jimp/js-tiff
553 silly ADD node_modules/@jimp/js-png
554 silly ADD node_modules/@jimp/js-jpeg
555 silly ADD node_modules/@jimp/js-gif
556 silly ADD node_modules/@jimp/js-bmp
557 silly ADD node_modules/@jimp/diff
558 silly ADD node_modules/@jimp/core
559 silly ADD node_modules/jimp
560 warn allow-scripts 2 packages have install scripts not yet covered by allowScripts:
560 warn allow-scripts   @whiskeysockets/baileys@7.0.0-rc14 (preinstall: node ./engine-requirements.js)
560 warn allow-scripts   protobufjs@7.6.5 (postinstall: node scripts/postinstall)
560 warn allow-scripts
560 warn allow-scripts Run `npm approve-scripts --allow-scripts-pending` to review, or `npm approve-scripts <pkg>` to allow.
561 verbose cwd /data/data/com.termux/files/home
562 verbose os Linux 4.19.157-perf+
563 verbose node v26.3.1
564 verbose npm  v11.17.0
565 verbose exit 0
566 info ok
